Archive member included to satisfy reference by file (symbol)

/Applications/ArmGNUToolchain/13.3.rel1/arm-none-eabi/bin/../lib/gcc/arm-none-eabi/13.3.1/../../../../arm-none-eabi/lib/thumb/v7e-m+fp/hard/libc_nano.a(libc_a-exit.o)
                              /Applications/ArmGNUToolchain/13.3.rel1/arm-none-eabi/bin/../lib/gcc/arm-none-eabi/13.3.1/../../../../arm-none-eabi/lib/thumb/v7e-m+fp/hard/crt0.o (exit)
/Applications/ArmGNUToolchain/13.3.rel1/arm-none-eabi/bin/../lib/gcc/arm-none-eabi/13.3.1/../../../../arm-none-eabi/lib/thumb/v7e-m+fp/hard/libc_nano.a(libc_a-findfp.o)
                              /Applications/ArmGNUToolchain/13.3.rel1/arm-none-eabi/bin/../lib/gcc/arm-none-eabi/13.3.1/../../../../arm-none-eabi/lib/thumb/v7e-m+fp/hard/libc_nano.a(libc_a-exit.o) (__stdio_exit_handler)
/Applications/ArmGNUToolchain/13.3.rel1/arm-none-eabi/bin/../lib/gcc/arm-none-eabi/13.3.1/../../../../arm-none-eabi/lib/thumb/v7e-m+fp/hard/libc_nano.a(libc_a-vsnprintf.o)
                              build/main.o (vsnprintf)
/Applications/ArmGNUToolchain/13.3.rel1/arm-none-eabi/bin/../lib/gcc/arm-none-eabi/13.3.1/../../../../arm-none-eabi/lib/thumb/v7e-m+fp/hard/libc_nano.a(libc_a-fwalk.o)
                              /Applications/ArmGNUToolchain/13.3.rel1/arm-none-eabi/bin/../lib/gcc/arm-none-eabi/13.3.1/../../../../arm-none-eabi/lib/thumb/v7e-m+fp/hard/libc_nano.a(libc_a-findfp.o) (_fwalk_sglue)
/Applications/ArmGNUToolchain/13.3.rel1/arm-none-eabi/bin/../lib/gcc/arm-none-eabi/13.3.1/../../../../arm-none-eabi/lib/thumb/v7e-m+fp/hard/libc_nano.a(libc_a-memset.o)
                              /Applications/ArmGNUToolchain/13.3.rel1/arm-none-eabi/bin/../lib/gcc/arm-none-eabi/13.3.1/../../../../arm-none-eabi/lib/thumb/v7e-m+fp/hard/crt0.o (memset)
/Applications/ArmGNUToolchain/13.3.rel1/arm-none-eabi/bin/../lib/gcc/arm-none-eabi/13.3.1/../../../../arm-none-eabi/lib/thumb/v7e-m+fp/hard/libc_nano.a(libc_a-errno.o)
                              build/sysmem.o (__errno)
/Applications/ArmGNUToolchain/13.3.rel1/arm-none-eabi/bin/../lib/gcc/arm-none-eabi/13.3.1/../../../../arm-none-eabi/lib/thumb/v7e-m+fp/hard/libc_nano.a(libc_a-init.o)
                              /Applications/ArmGNUToolchain/13.3.rel1/arm-none-eabi/bin/../lib/gcc/arm-none-eabi/13.3.1/../../../../arm-none-eabi/lib/thumb/v7e-m+fp/hard/crt0.o (__libc_init_array)
/Applications/ArmGNUToolchain/13.3.rel1/arm-none-eabi/bin/../lib/gcc/arm-none-eabi/13.3.1/../../../../arm-none-eabi/lib/thumb/v7e-m+fp/hard/libc_nano.a(libc_a-lock.o)
                              /Applications/ArmGNUToolchain/13.3.rel1/arm-none-eabi/bin/../lib/gcc/arm-none-eabi/13.3.1/../../../../arm-none-eabi/lib/thumb/v7e-m+fp/hard/libc_nano.a(libc_a-findfp.o) (__retarget_lock_init_recursive)
/Applications/ArmGNUToolchain/13.3.rel1/arm-none-eabi/bin/../lib/gcc/arm-none-eabi/13.3.1/../../../../arm-none-eabi/lib/thumb/v7e-m+fp/hard/libc_nano.a(libc_a-impure.o)
                              /Applications/ArmGNUToolchain/13.3.rel1/arm-none-eabi/bin/../lib/gcc/arm-none-eabi/13.3.1/../../../../arm-none-eabi/lib/thumb/v7e-m+fp/hard/libc_nano.a(libc_a-vsnprintf.o) (_impure_ptr)
/Applications/ArmGNUToolchain/13.3.rel1/arm-none-eabi/bin/../lib/gcc/arm-none-eabi/13.3.1/../../../../arm-none-eabi/lib/thumb/v7e-m+fp/hard/libc_nano.a(libc_a-nano-svfprintf.o)
                              /Applications/ArmGNUToolchain/13.3.rel1/arm-none-eabi/bin/../lib/gcc/arm-none-eabi/13.3.1/../../../../arm-none-eabi/lib/thumb/v7e-m+fp/hard/libc_nano.a(libc_a-vsnprintf.o) (_svfprintf_r)
/Applications/ArmGNUToolchain/13.3.rel1/arm-none-eabi/bin/../lib/gcc/arm-none-eabi/13.3.1/../../../../arm-none-eabi/lib/thumb/v7e-m+fp/hard/libc_nano.a(libc_a-mallocr.o)
                              /Applications/ArmGNUToolchain/13.3.rel1/arm-none-eabi/bin/../lib/gcc/arm-none-eabi/13.3.1/../../../../arm-none-eabi/lib/thumb/v7e-m+fp/hard/libc_nano.a(libc_a-findfp.o) (_malloc_r)
/Applications/ArmGNUToolchain/13.3.rel1/arm-none-eabi/bin/../lib/gcc/arm-none-eabi/13.3.1/../../../../arm-none-eabi/lib/thumb/v7e-m+fp/hard/libc_nano.a(libc_a-nano-vfprintf_i.o)
                              /Applications/ArmGNUToolchain/13.3.rel1/arm-none-eabi/bin/../lib/gcc/arm-none-eabi/13.3.1/../../../../arm-none-eabi/lib/thumb/v7e-m+fp/hard/libc_nano.a(libc_a-nano-svfprintf.o) (_printf_i)
/Applications/ArmGNUToolchain/13.3.rel1/arm-none-eabi/bin/../lib/gcc/arm-none-eabi/13.3.1/../../../../arm-none-eabi/lib/thumb/v7e-m+fp/hard/libc_nano.a(libc_a-fflush.o)
                              /Applications/ArmGNUToolchain/13.3.rel1/arm-none-eabi/bin/../lib/gcc/arm-none-eabi/13.3.1/../../../../arm-none-eabi/lib/thumb/v7e-m+fp/hard/libc_nano.a(libc_a-findfp.o) (_fflush_r)
/Applications/ArmGNUToolchain/13.3.rel1/arm-none-eabi/bin/../lib/gcc/arm-none-eabi/13.3.1/../../../../arm-none-eabi/lib/thumb/v7e-m+fp/hard/libc_nano.a(libc_a-mlock.o)
[...]
Memory Configuration

Name             Origin             Length             Attributes
RAM              0x20000000         0x00020000         xrw
CCMRAM           0x10000000         0x00010000         xrw
FLASH            0x08000000         0x00100000         xr
*default*        0x00000000         0xffffffff

Linker script and memory map

LOAD /Applications/ArmGNUToolchain/13.3.rel1/arm-none-eabi/bin/../lib/gcc/arm-none-eabi/13.3.1/thumb/v7e-m+fp/hard/crti.o
LOAD /Applications/ArmGNUToolchain/13.3.rel1/arm-none-eabi/bin/../lib/gcc/arm-none-eabi/13.3.1/thumb/v7e-m+fp/hard/crtbegin.o
LOAD /Applications/ArmGNUToolchain/13.3.rel1/arm-none-eabi/bin/../lib/gcc/arm-none-eabi/13.3.1/../../../../arm-none-eabi/lib/thumb/v7e-m+fp/hard/crt0.o
LOAD build/main.o
LOAD build/stm32f4xx_it.o
LOAD build/stm32f4xx_hal_msp.o
LOAD build/stm32f4xx_hal_rcc.o
LOAD build/stm32f4xx_hal_rcc_ex.o
LOAD build/stm32f4xx_hal_flash.o
LOAD build/stm32f4xx_hal_flash_ex.o
LOAD build/stm32f4xx_hal_flash_ramfunc.o
LOAD build/stm32f4xx_hal_gpio.o
LOAD build/stm32f4xx_hal_dma_ex.o
LOAD build/stm32f4xx_hal_dma.o
LOAD build/stm32f4xx_hal_pwr.o
LOAD build/stm32f4xx_hal_pwr_ex.o
LOAD build/stm32f4xx_hal_cortex.o
LOAD build/stm32f4xx_hal.o
LOAD build/stm32f4xx_hal_exti.o
LOAD build/stm32f4xx_hal_can.o
LOAD build/system_stm32f4xx.o
LOAD build/sysmem.o
LOAD build/syscalls.o
LOAD build/stm32f4xx_hal_uart.o
LOAD build/startup_stm32f407xx.o
LOAD /Applications/ArmGNUToolchain/13.3.rel1/arm-none-eabi/bin/../lib/gcc/arm-none-eabi/13.3.1/../../../../arm-none-eabi/lib/thumb/v7e-m+fp/hard/libc_nano.a
LOAD /Applications/ArmGNUToolchain/13.3.rel1/arm-none-eabi/bin/../lib/gcc/arm-none-eabi/13.3.1/../../../../arm-none-eabi/lib/thumb/v7e-m+fp/hard/libm.a
LOAD /Applications/ArmGNUToolchain/13.3.rel1/arm-none-eabi/bin/../lib/gcc/arm-none-eabi/13.3.1/../../../../arm-none-eabi/lib/thumb/v7e-m+fp/hard/libnosys.a
START GROUP
LOAD /Applications/ArmGNUToolchain/13.3.rel1/arm-none-eabi/bin/../lib/gcc/arm-none-eabi/13.3.1/thumb/v7e-m+fp/hard/libgcc.a
LOAD /Applications/ArmGNUToolchain/13.3.rel1/arm-none-eabi/bin/../lib/gcc/arm-none-eabi/13.3.1/../../../../arm-none-eabi/lib/thumb/v7e-m+fp/hard/libc_nano.a
END GROUP
START GROUP
LOAD /Applications/ArmGNUToolchain/13.3.rel1/arm-none-eabi/bin/../lib/gcc/arm-none-eabi/13.3.1/thumb/v7e-m+fp/hard/libgcc.a
LOAD /Applications/ArmGNUToolchain/13.3.rel1/arm-none-eabi/bin/../lib/gcc/arm-none-eabi/13.3.1/../../../../arm-none-eabi/lib/thumb/v7e-m+fp/hard/libc_nano.a
END GROUP
LOAD /Applications/ArmGNUToolchain/13.3.rel1/arm-none-eabi/bin/../lib/gcc/arm-none-eabi/13.3.1/thumb/v7e-m+fp/hard/crtend.o
LOAD /Applications/ArmGNUToolchain/13.3.rel1/arm-none-eabi/bin/../lib/gcc/arm-none-eabi/13.3.1/thumb/v7e-m+fp/hard/crtn.o
                0x20020000                        _estack = (ORIGIN (RAM) + LENGTH (RAM))
                0x2001fc00                        _sstack = (_estack - _Min_Stack_Size)
                0x00000200                        _Min_Heap_Size = 0x200
                0x00000400                        _Min_Stack_Size = 0x400

.isr_vector     0x08000000      0x188
                0x08000000                        . = ALIGN (0x4)
 *(.isr_vector)
 .isr_vector    0x08000000      0x188 build/startup_stm32f407xx.o
                0x08000000                g_pfnVectors
                0x08000188                        . = ALIGN (0x4)

.text           0x08000190     0x38b8
                0x08000190                        . = ALIGN (0x4)
 *(.text)
 .text          0x08000190       0xa0 /Applications/ArmGNUToolchain/13.3.rel1/arm-none-eabi/bin/../lib/gcc/arm-none-eabi/13.3.1/../../../../arm-none-eabi/lib/thumb/v7e-m+fp/hard/libc_nano.a(libc_a-memchr.o)
                0x08000190                memchr
 .text          0x08000230       0x30 /Applications/ArmGNUToolchain/13.3.rel1/arm-none-eabi/bin/../lib/gcc/arm-none-eabi/13.3.1/thumb/v7e-m+fp/hard/libgcc.a(_aeabi_uldivmod.o)
                0x08000230                __aeabi_uldivmod
 .text          0x08000260        0x4 /Applications/ArmGNUToolchain/13.3.rel1/arm-none-eabi/bin/../lib/gcc/arm-none-eabi/13.3.1/thumb/v7e-m+fp/hard/libgcc.a(_dvmd_tls.o)
                0x08000260                __aeabi_ldiv0
                0x08000260                __aeabi_idiv0
 *(.text*)
 .text.deregister_tm_clones
                0x08000264       0x1c /Applications/ArmGNUToolchain/13.3.rel1/arm-none-eabi/bin/../lib/gcc/arm-none-eabi/13.3.1/thumb/v7e-m+fp/hard/crtbegin.o
 .text.register_tm_clones
                0x08000280       0x24 /Applications/ArmGNUToolchain/13.3.rel1/arm-none-eabi/bin/../lib/gcc/arm-none-eabi/13.3.1/thumb/v7e-m+fp/hard/crtbegin.o
 .text.__do_global_dtors_aux
                0x080002a4       0x28 /Applications/ArmGNUToolchain/13.3.rel1/arm-none-eabi/bin/../lib/gcc/arm-none-eabi/13.3.1/thumb/v7e-m+fp/hard/crtbegin.o
 .text.frame_dummy
                0x080002cc       0x24 /Applications/ArmGNUToolchain/13.3.rel1/arm-none-eabi/bin/../lib/gcc/arm-none-eabi/13.3.1/thumb/v7e-m+fp/hard/crtbegin.o
 .text.sbus_to_rc
                0x080002f0       0xce build/main.o
 *fill*         0x080003be        0x2 
 .text.MX_GPIO_Init
                0x080003c0       0x94 build/main.o
 .text.MX_DMA_Init
                0x08000454       0x58 build/main.o
 .text.CAN1_Init
                0x080004ac       0xe8 build/main.o
 .text.CAN_cmd_chassis
                0x08000594       0x54 build/main.o
 .text.SpeedLoop_Fake
                0x080005e8      0x13c build/main.o
 .text.HAL_CAN_RxFifo0MsgPendingCallback
                0x08000724      0x128 build/main.o
                0x08000724                HAL_CAN_RxFifo0MsgPendingCallback
 .text.RC_is_offline
                0x0800084c       0x24 build/main.o
                0x0800084c                RC_is_offline
 .text.usart_printf
                0x08000870       0x5c build/main.o
                0x08000870                usart_printf
 .text.HAL_UARTEx_RxEventCallback
                0x080008cc       0x58 build/main.o
                0x080008cc                HAL_UARTEx_RxEventCallback
 .text.HAL_UART_ErrorCallback
                0x08000924       0x48 build/main.o
                0x08000924                HAL_UART_ErrorCallback
 .text.Error_Handler
                0x0800096c        0x4 build/main.o
                0x0800096c                Error_Handler
 .text.MX_USART1_UART_Init
                0x08000970       0x34 build/main.o
 .text.MX_USART3_UART_Init
                0x080009a4       0x3c build/main.o
 .text.SystemClock_Config
                0x080009e0       0xa8 build/main.o
                0x080009e0                SystemClock_Config
 .text.main     0x08000a88      0x10c build/main.o
                0x08000a88                main
 .text.NMI_Handler
                0x08000b94        0x2 build/stm32f4xx_it.o
                0x08000b94                NMI_Handler
 .text.HardFault_Handler
                0x08000b96        0x2 build/stm32f4xx_it.o
                0x08000b96                HardFault_Handler
 .text.MemManage_Handler
                0x08000b98        0x2 build/stm32f4xx_it.o
                0x08000b98                MemManage_Handler
 .text.BusFault_Handler
                0x08000b9a        0x2 build/stm32f4xx_it.o
                0x08000b9a                BusFault_Handler
 .text.UsageFault_Handler
                0x08000b9c        0x2 build/stm32f4xx_it.o
                0x08000b9c                UsageFault_Handler
 .text.SVC_Handler
                0x08000b9e        0x2 build/stm32f4xx_it.o
                0x08000b9e                SVC_Handler
 .text.DebugMon_Handler
                0x08000ba0        0x2 build/stm32f4xx_it.o
                0x08000ba0                DebugMon_Handler
 .text.PendSV_Handler
                0x08000ba2        0x2 build/stm32f4xx_it.o
                0x08000ba2                PendSV_Handler
 .text.SysTick_Handler
                0x08000ba4        0x8 build/stm32f4xx_it.o
                0x08000ba4                SysTick_Handler
 .text.DMA1_Stream1_IRQHandler
                0x08000bac       0x10 build/stm32f4xx_it.o
                0x08000bac                DMA1_Stream1_IRQHandler
 .text.USART1_IRQHandler
                0x08000bbc       0x10 build/stm32f4xx_it.o
                0x08000bbc                USART1_IRQHandler
 .text.USART3_IRQHandler
                0x08000bcc       0x10 build/stm32f4xx_it.o
                0x08000bcc                USART3_IRQHandler
 .text.DMA2_Stream7_IRQHandler
                0x08000bdc       0x10 build/stm32f4xx_it.o
                0x08000bdc                DMA2_Stream7_IRQHandler
 .text.CAN1_RX0_IRQHandler
                0x08000bec       0x10 build/stm32f4xx_it.o
                0x08000bec                CAN1_RX0_IRQHandler
 .text.HAL_MspInit
                0x08000bfc       0x38 build/stm32f4xx_hal_msp.o
                0x08000bfc                HAL_MspInit
 .text.HAL_UART_MspInit
                0x08000c34      0x164 build/stm32f4xx_hal_msp.o
                0x08000c34                HAL_UART_MspInit
 .text.HAL_RCC_OscConfig
                0x08000d98      0x3f8 build/stm32f4xx_hal_rcc.o
                0x08000d98                HAL_RCC_OscConfig
 .text.HAL_RCC_GetSysClockFreq
                0x08001190       0xa8 build/stm32f4xx_hal_rcc.o
                0x08001190                HAL_RCC_GetSysClockFreq
 .text.HAL_RCC_ClockConfig
                0x08001238      0x160 build/stm32f4xx_hal_rcc.o
                0x08001238                HAL_RCC_ClockConfig
 .text.HAL_RCC_GetHCLKFreq
                0x08001398        0xc build/stm32f4xx_hal_rcc.o
                0x08001398                HAL_RCC_GetHCLKFreq
 .text.HAL_RCC_GetPCLK1Freq
                0x080013a4       0x20 build/stm32f4xx_hal_rcc.o
                0x080013a4                HAL_RCC_GetPCLK1Freq
 .text.HAL_RCC_GetPCLK2Freq
                0x080013c4       0x20 build/stm32f4xx_hal_rcc.o
                0x080013c4                HAL_RCC_GetPCLK2Freq
 .text.HAL_GPIO_Init
                0x080013e4      0x1ec build/stm32f4xx_hal_gpio.o
                0x080013e4                HAL_GPIO_Init
 .text.HAL_GPIO_WritePin
                0x080015d0        0xc build/stm32f4xx_hal_gpio.o
                0x080015d0                HAL_GPIO_WritePin
 .text.HAL_GPIO_TogglePin
                0x080015dc       0x12 build/stm32f4xx_hal_gpio.o
                0x080015dc                HAL_GPIO_TogglePin
 .text.DMA_SetConfig
                0x080015ee       0x2c build/stm32f4xx_hal_dma.o
 *fill*         0x0800161a        0x2 
 .text.DMA_CalcBaseAndBitshift
                0x0800161c       0x3c build/stm32f4xx_hal_dma.o
 .text.DMA_CheckFifoParam
                0x08001658       0x8e build/stm32f4xx_hal_dma.o
 *fill*         0x080016e6        0x2 
 .text.HAL_DMA_Init
                0x080016e8       0xcc build/stm32f4xx_hal_dma.o
                0x080016e8                HAL_DMA_Init
 .text.HAL_DMA_Start_IT
                0x080017b4       0x6a build/stm32f4xx_hal_dma.o
                0x080017b4                HAL_DMA_Start_IT
 .text.HAL_DMA_Abort
                0x0800181e       0x94 build/stm32f4xx_hal_dma.o
                0x0800181e                HAL_DMA_Abort
 .text.HAL_DMA_Abort_IT
                0x080018b2       0x26 build/stm32f4xx_hal_dma.o
                0x080018b2                HAL_DMA_Abort_IT
 .text.HAL_DMA_IRQHandler
                0x080018d8      0x1dc build/stm32f4xx_hal_dma.o
                0x080018d8                HAL_DMA_IRQHandler
 .text.__NVIC_EnableIRQ
                0x08001ab4       0x1c build/stm32f4xx_hal_cortex.o
 .text.__NVIC_SetPriority
                0x08001ad0       0x28 build/stm32f4xx_hal_cortex.o
 .text.NVIC_EncodePriority
                0x08001af8       0x3e build/stm32f4xx_hal_cortex.o
 *fill*         0x08001b36        0x2 
 .text.HAL_NVIC_SetPriorityGrouping
                0x08001b38       0x24 build/stm32f4xx_hal_cortex.o
                0x08001b38                HAL_NVIC_SetPriorityGrouping
 .text.HAL_NVIC_SetPriority
                0x08001b5c       0x20 build/stm32f4xx_hal_cortex.o
                0x08001b5c                HAL_NVIC_SetPriority
 .text.HAL_NVIC_EnableIRQ
                0x08001b7c        0x8 build/stm32f4xx_hal_cortex.o
                0x08001b7c                HAL_NVIC_EnableIRQ
 .text.HAL_SYSTICK_Config
                0x08001b84       0x28 build/stm32f4xx_hal_cortex.o
                0x08001b84                HAL_SYSTICK_Config
 .text.HAL_InitTick
                0x08001bac       0x4c build/stm32f4xx_hal.o
                0x08001bac                HAL_InitTick
 .text.HAL_Init
                0x08001bf8       0x34 build/stm32f4xx_hal.o
                0x08001bf8                HAL_Init
 .text.HAL_IncTick
                0x08001c2c       0x18 build/stm32f4xx_hal.o
                0x08001c2c                HAL_IncTick
 .text.HAL_GetTick
                0x08001c44        0xc build/stm32f4xx_hal.o
                0x08001c44                HAL_GetTick
 .text.HAL_Delay
                0x08001c50       0x28 build/stm32f4xx_hal.o
                0x08001c50                HAL_Delay
 .text.HAL_CAN_MspInit
                0x08001c78        0x2 build/stm32f4xx_hal_can.o
                0x08001c78                HAL_CAN_MspInit
 .text.HAL_CAN_Init
                0x08001c7a      0x14c build/stm32f4xx_hal_can.o
                0x08001c7a                HAL_CAN_Init
 *fill*         0x08001dc6        0x2 
 .text.HAL_CAN_ConfigFilter
                0x08001dc8      0x138 build/stm32f4xx_hal_can.o
                0x08001dc8                HAL_CAN_ConfigFilter
 .text.HAL_CAN_Start
                0x08001f00       0x5c build/stm32f4xx_hal_can.o
                0x08001f00                HAL_CAN_Start
 .text.HAL_CAN_AddTxMessage
                0x08001f5c       0xea build/stm32f4xx_hal_can.o
                0x08001f5c                HAL_CAN_AddTxMessage
 .text.HAL_CAN_GetRxMessage
                0x08002046      0x16a build/stm32f4xx_hal_can.o
                0x08002046                HAL_CAN_GetRxMessage
 .text.HAL_CAN_ActivateNotification
                0x080021b0       0x24 build/stm32f4xx_hal_can.o
                0x080021b0                HAL_CAN_ActivateNotification
 .text.HAL_CAN_TxMailbox0CompleteCallback
                0x080021d4        0x2 build/stm32f4xx_hal_can.o
                0x080021d4                HAL_CAN_TxMailbox0CompleteCallback
 .text.HAL_CAN_TxMailbox1CompleteCallback
                0x080021d6        0x2 build/stm32f4xx_hal_can.o
                0x080021d6                HAL_CAN_TxMailbox1CompleteCallback
 .text.HAL_CAN_TxMailbox2CompleteCallback
                0x080021d8        0x2 build/stm32f4xx_hal_can.o
                0x080021d8                HAL_CAN_TxMailbox2CompleteCallback
 .text.HAL_CAN_TxMailbox0AbortCallback
                0x080021da        0x2 build/stm32f4xx_hal_can.o
                0x080021da                HAL_CAN_TxMailbox0AbortCallback
 .text.HAL_CAN_TxMailbox1AbortCallback
                0x080021dc        0x2 build/stm32f4xx_hal_can.o
                0x080021dc                HAL_CAN_TxMailbox1AbortCallback
 .text.HAL_CAN_TxMailbox2AbortCallback
                0x080021de        0x2 build/stm32f4xx_hal_can.o
                0x080021de                HAL_CAN_TxMailbox2AbortCallback
 .text.HAL_CAN_RxFifo0FullCallback
                0x080021e0        0x2 build/stm32f4xx_hal_can.o
                0x080021e0                HAL_CAN_RxFifo0FullCallback
 .text.HAL_CAN_RxFifo1MsgPendingCallback
                0x080021e2        0x2 build/stm32f4xx_hal_can.o
                0x080021e2                HAL_CAN_RxFifo1MsgPendingCallback
 .text.HAL_CAN_RxFifo1FullCallback
                0x080021e4        0x2 build/stm32f4xx_hal_can.o
                0x080021e4                HAL_CAN_RxFifo1FullCallback
 .text.HAL_CAN_SleepCallback
                0x080021e6        0x2 build/stm32f4xx_hal_can.o
                0x080021e6                HAL_CAN_SleepCallback
 .text.HAL_CAN_WakeUpFromRxMsgCallback
                0x080021e8        0x2 build/stm32f4xx_hal_can.o
                0x080021e8                HAL_CAN_WakeUpFromRxMsgCallback
 .text.HAL_CAN_ErrorCallback
                0x080021ea        0x2 build/stm32f4xx_hal_can.o
                0x080021ea                HAL_CAN_ErrorCallback
 .text.HAL_CAN_IRQHandler
                0x080021ec      0x250 build/stm32f4xx_hal_can.o
                0x080021ec                HAL_CAN_IRQHandler
 .text.SystemInit
                0x0800243c       0x14 build/system_stm32f4xx.o
                0x0800243c                SystemInit
 .text._sbrk    0x08002450       0x48 build/sysmem.o
                0x08002450                _sbrk
 .text.UART_EndTxTransfer
                0x08002498       0x20 build/stm32f4xx_hal_uart.o
 .text.UART_EndRxTransfer
                0x080024b8       0x5c build/stm32f4xx_hal_uart.o
 .text.UART_Transmit_IT
                0x08002514       0x60 build/stm32f4xx_hal_uart.o
 .text.UART_SetConfig
                0x08002574      0x110 build/stm32f4xx_hal_uart.o
 .text.HAL_UART_Init
                0x08002684       0x60 build/stm32f4xx_hal_uart.o
                0x08002684                HAL_UART_Init
 .text.HAL_UART_Transmit_DMA
                0x080026e4       0x90 build/stm32f4xx_hal_uart.o
                0x080026e4                HAL_UART_Transmit_DMA
 .text.HAL_UART_TxCpltCallback
                0x08002774        0x2 build/stm32f4xx_hal_uart.o
                0x08002774                HAL_UART_TxCpltCallback
 .text.UART_DMATransmitCplt
                0x08002776       0x4c build/stm32f4xx_hal_uart.o
 .text.UART_EndTransmit_IT
                0x080027c2       0x1a build/stm32f4xx_hal_uart.o
 .text.HAL_UART_TxHalfCpltCallback
                0x080027dc        0x2 build/stm32f4xx_hal_uart.o
                0x080027dc                HAL_UART_TxHalfCpltCallback
 .text.UART_DMATxHalfCplt
                0x080027de        0xa build/stm32f4xx_hal_uart.o
 .text.HAL_UART_RxCpltCallback
                0x080027e8        0x2 build/stm32f4xx_hal_uart.o
                0x080027e8                HAL_UART_RxCpltCallback
 .text.HAL_UART_RxHalfCpltCallback
                0x080027ea        0x2 build/stm32f4xx_hal_uart.o
                0x080027ea                HAL_UART_RxHalfCpltCallback
 .text.UART_DMAError
                0x080027ec       0x58 build/stm32f4xx_hal_uart.o
 .text.UART_DMAAbortOnError
                0x08002844        0xe build/stm32f4xx_hal_uart.o
 .text.UART_Receive_IT
                0x08002852       0xe6 build/stm32f4xx_hal_uart.o
 .text.HAL_UART_IRQHandler
                0x08002938      0x2a0 build/stm32f4xx_hal_uart.o
                0x08002938                HAL_UART_IRQHandler
 .text.UART_DMARxHalfCplt
                0x08002bd8       0x1e build/stm32f4xx_hal_uart.o
 .text.UART_DMAReceiveCplt
                0x08002bf6       0x9a build/stm32f4xx_hal_uart.o
 .text.UART_Start_Receive_DMA
                0x08002c90       0xb8 build/stm32f4xx_hal_uart.o
                0x08002c90                UART_Start_Receive_DMA
 .text.HAL_UARTEx_ReceiveToIdle_DMA
                0x08002d48       0x62 build/stm32f4xx_hal_uart.o
                0x08002d48                HAL_UARTEx_ReceiveToIdle_DMA
 *fill*         0x08002daa        0x2 
 .text.Reset_Handler
                0x08002dac       0x50 build/startup_stm32f407xx.o
                0x08002dac                Reset_Handler
 .text.Default_Handler
                0x08002dfc        0x2 build/startup_stm32f407xx.o
                0x08002dfc                DMA1_Stream3_IRQHandler
                0x08002dfc                HASH_RNG_IRQHandler
                0x08002dfc                EXTI2_IRQHandler
                0x08002dfc                TIM8_CC_IRQHandler
                0x08002dfc                TIM1_CC_IRQHandler
                0x08002dfc                DMA2_Stream5_IRQHandler
                0x08002dfc                DMA1_Stream5_IRQHandler
                0x08002dfc                PVD_IRQHandler
                0x08002dfc                SDIO_IRQHandler
                0x08002dfc                TAMP_STAMP_IRQHandler
                0x08002dfc                CAN2_RX1_IRQHandler
                0x08002dfc                EXTI3_IRQHandler
                0x08002dfc                TIM8_TRG_COM_TIM14_IRQHandler
                0x08002dfc                TIM1_UP_TIM10_IRQHandler
                0x08002dfc                TIM8_UP_TIM13_IRQHandler
                0x08002dfc                I2C3_ER_IRQHandler
                0x08002dfc                EXTI0_IRQHandler
                0x08002dfc                I2C2_EV_IRQHandler
                0x08002dfc                DMA1_Stream2_IRQHandler
                0x08002dfc                FPU_IRQHandler
                0x08002dfc                OTG_HS_WKUP_IRQHandler
                0x08002dfc                CAN2_SCE_IRQHandler
                0x08002dfc                DMA2_Stream2_IRQHandler
                0x08002dfc                SPI1_IRQHandler
                0x08002dfc                TIM6_DAC_IRQHandler
                0x08002dfc                TIM1_BRK_TIM9_IRQHandler
                0x08002dfc                DCMI_IRQHandler
                0x08002dfc                CAN2_RX0_IRQHandler
                0x08002dfc                DMA2_Stream3_IRQHandler
                0x08002dfc                USART6_IRQHandler
                0x08002dfc                CAN1_RX1_IRQHandler
                0x08002dfc                UART5_IRQHandler
                0x08002dfc                DMA2_Stream0_IRQHandler
                0x08002dfc                TIM4_IRQHandler
                0x08002dfc                I2C1_EV_IRQHandler
                0x08002dfc                DMA1_Stream6_IRQHandler
                0x08002dfc                UART4_IRQHandler
                0x08002dfc                TIM3_IRQHandler
                0x08002dfc                RCC_IRQHandler
                0x08002dfc                TIM8_BRK_TIM12_IRQHandler
                0x08002dfc                Default_Handler
                0x08002dfc                EXTI15_10_IRQHandler
                0x08002dfc                ADC_IRQHandler
                0x08002dfc                DMA1_Stream7_IRQHandler
                0x08002dfc                TIM7_IRQHandler
                0x08002dfc                CAN2_TX_IRQHandler
                0x08002dfc                TIM5_IRQHandler
                0x08002dfc                I2C3_EV_IRQHandler
                0x08002dfc                EXTI9_5_IRQHandler
                0x08002dfc                RTC_WKUP_IRQHandler
                0x08002dfc                ETH_WKUP_IRQHandler
                0x08002dfc                SPI2_IRQHandler
                0x08002dfc                OTG_HS_EP1_IN_IRQHandler
                0x08002dfc                DMA1_Stream0_IRQHandler
                0x08002dfc                CAN1_TX_IRQHandler
                0x08002dfc                EXTI4_IRQHandler
                0x08002dfc                FSMC_IRQHandler
                0x08002dfc                ETH_IRQHandler
                0x08002dfc                OTG_HS_EP1_OUT_IRQHandler
                0x08002dfc                WWDG_IRQHandler
                0x08002dfc                TIM2_IRQHandler
                0x08002dfc                OTG_FS_WKUP_IRQHandler
                0x08002dfc                TIM1_TRG_COM_TIM11_IRQHandler
                0x08002dfc                OTG_HS_IRQHandler
                0x08002dfc                EXTI1_IRQHandler
                0x08002dfc                USART2_IRQHandler
                0x08002dfc                I2C2_ER_IRQHandler
                0x08002dfc                DMA2_Stream1_IRQHandler
                0x08002dfc                CAN1_SCE_IRQHandler
                0x08002dfc                FLASH_IRQHandler
                0x08002dfc                DMA2_Stream4_IRQHandler
                0x08002dfc                OTG_FS_IRQHandler
                0x08002dfc                SPI3_IRQHandler
                0x08002dfc                DMA1_Stream4_IRQHandler
                0x08002dfc                I2C1_ER_IRQHandler
                0x08002dfc                DMA2_Stream6_IRQHandler
                0x08002dfc                RTC_Alarm_IRQHandler
 .text._vsnprintf_r
                0x08002dfe       0x5c /Applications/ArmGNUToolchain/13.3.rel1/arm-none-eabi/bin/../lib/gcc/arm-none-eabi/13.3.1/../../../../arm-none-eabi/lib/thumb/v7e-m+fp/hard/libc_nano.a(libc_a-vsnprintf.o)
                0x08002dfe                _vsnprintf_r
                0x08002dfe                _vsniprintf_r
 *fill*         0x08002e5a        0x2 
 .text.vsnprintf
                0x08002e5c       0x1c /Applications/ArmGNUToolchain/13.3.rel1/arm-none-eabi/bin/../lib/gcc/arm-none-eabi/13.3.1/../../../../arm-none-eabi/lib/thumb/v7e-m+fp/hard/libc_nano.a(libc_a-vsnprintf.o)
                0x08002e5c                vsnprintf
                0x08002e5c                vsniprintf
 .text.memset   0x08002e78       0x10 /Applications/ArmGNUToolchain/13.3.rel1/arm-none-eabi/bin/../lib/gcc/arm-none-eabi/13.3.1/../../../../arm-none-eabi/lib/thumb/v7e-m+fp/hard/libc_nano.a(libc_a-memset.o)
                0x08002e78                memset
 .text.__errno  0x08002e88        0xc /Applications/ArmGNUToolchain/13.3.rel1/arm-none-eabi/bin/../lib/gcc/arm-none-eabi/13.3.1/../../../../arm-none-eabi/lib/thumb/v7e-m+fp/hard/libc_nano.a(libc_a-errno.o)
                0x08002e88                __errno
 .text.__libc_init_array
                0x08002e94       0x48 /Applications/ArmGNUToolchain/13.3.rel1/arm-none-eabi/bin/../lib/gcc/arm-none-eabi/13.3.1/../../../../arm-none-eabi/lib/thumb/v7e-m+fp/hard/libc_nano.a(libc_a-init.o)
                0x08002e94                __libc_init_array
 .text.__retarget_lock_acquire_recursive
                0x08002edc        0x2 /Applications/ArmGNUToolchain/13.3.rel1/arm-none-eabi/bin/../lib/gcc/arm-none-eabi/13.3.1/../../../../arm-none-eabi/lib/thumb/v7e-m+fp/hard/libc_nano.a(libc_a-lock.o)
                0x08002edc                __retarget_lock_acquire_recursive
 .text.__retarget_lock_release_recursive
                0x08002ede        0x2 /Applications/ArmGNUToolchain/13.3.rel1/arm-none-eabi/bin/../lib/gcc/arm-none-eabi/13.3.1/../../../../arm-none-eabi/lib/thumb/v7e-m+fp/hard/libc_nano.a(libc_a-lock.o)
                0x08002ede                __retarget_lock_release_recursive
 .text.__ssputs_r
                0x08002ee0       0xb6 /Applications/ArmGNUToolchain/13.3.rel1/arm-none-eabi/bin/../lib/gcc/arm-none-eabi/13.3.1/../../../../arm-none-eabi/lib/thumb/v7e-m+fp/hard/libc_nano.a(libc_a-nano-svfprintf.o)
                0x08002ee0                __ssputs_r
 *fill*         0x08002f96        0x2 
 .text._svfprintf_r
                0x08002f98      0x1f8 /Applications/ArmGNUToolchain/13.3.rel1/arm-none-eabi/bin/../lib/gcc/arm-none-eabi/13.3.1/../../../../arm-none-eabi/lib/thumb/v7e-m+fp/hard/libc_nano.a(libc_a-nano-svfprintf.o)
                0x08002f98                _svfprintf_r
                0x08002f98                _svfiprintf_r
 .text.sbrk_aligned
                0x08003190       0x44 /Applications/ArmGNUToolchain/13.3.rel1/arm-none-eabi/bin/../lib/gcc/arm-none-eabi/13.3.1/../../../../arm-none-eabi/lib/thumb/v7e-m+fp/hard/libc_nano.a(libc_a-mallocr.o)
 .text._malloc_r
                0x080031d4      0x100 /Applications/ArmGNUToolchain/13.3.rel1/arm-none-eabi/bin/../lib/gcc/arm-none-eabi/13.3.1/../../../../arm-none-eabi/lib/thumb/v7e-m+fp/hard/libc_nano.a(libc_a-mallocr.o)
                0x080031d4                _malloc_r
 .text._printf_common
                0x080032d4       0xda /Applications/ArmGNUToolchain/13.3.rel1/arm-none-eabi/bin/../lib/gcc/arm-none-eabi/13.3.1/../../../../arm-none-eabi/lib/thumb/v7e-m+fp/hard/libc_nano.a(libc_a-nano-vfprintf_i.o)
                0x080032d4                _printf_common
 *fill*         0x080033ae        0x2 
 .text._printf_i
                0x080033b0      0x23c /Applications/ArmGNUToolchain/13.3.rel1/arm-none-eabi/bin/../lib/gcc/arm-none-eabi/13.3.1/../../../../arm-none-eabi/lib/thumb/v7e-m+fp/hard/libc_nano.a(libc_a-nano-vfprintf_i.o)
                0x080033b0                _printf_i
 .text.__malloc_lock
                0x080035ec        0xc /Applications/ArmGNUToolchain/13.3.rel1/arm-none-eabi/bin/../lib/gcc/arm-none-eabi/13.3.1/../../../../arm-none-eabi/lib/thumb/v7e-m+fp/hard/libc_nano.a(libc_a-mlock.o)
                0x080035ec                __malloc_lock
 .text.__malloc_unlock
                0x080035f8        0xc /Applications/ArmGNUToolchain/13.3.rel1/arm-none-eabi/bin/../lib/gcc/arm-none-eabi/13.3.1/../../../../arm-none-eabi/lib/thumb/v7e-m+fp/hard/libc_nano.a(libc_a-mlock.o)
                0x080035f8                __malloc_unlock
 .text._realloc_r
                0x08003604       0x5c /Applications/ArmGNUToolchain/13.3.rel1/arm-none-eabi/bin/../lib/gcc/arm-none-eabi/13.3.1/../../../../arm-none-eabi/lib/thumb/v7e-m+fp/hard/libc_nano.a(libc_a-reallocr.o)
                0x08003604                _realloc_r
 .text.memmove  0x08003660       0x34 /Applications/ArmGNUToolchain/13.3.rel1/arm-none-eabi/bin/../lib/gcc/arm-none-eabi/13.3.1/../../../../arm-none-eabi/lib/thumb/v7e-m+fp/hard/libc_nano.a(libc_a-memmove.o)
                0x08003660                memmove
 .text._sbrk_r  0x08003694       0x20 /Applications/ArmGNUToolchain/13.3.rel1/arm-none-eabi/bin/../lib/gcc/arm-none-eabi/13.3.1/../../../../arm-none-eabi/lib/thumb/v7e-m+fp/hard/libc_nano.a(libc_a-sbrkr.o)
                0x08003694                _sbrk_r
 .text.memcpy   0x080036b4       0x1c /Applications/ArmGNUToolchain/13.3.rel1/arm-none-eabi/bin/../lib/gcc/arm-none-eabi/13.3.1/../../../../arm-none-eabi/lib/thumb/v7e-m+fp/hard/libc_nano.a(libc_a-memcpy-stub.o)
                0x080036b4                memcpy
 .text._free_r  0x080036d0       0x94 /Applications/ArmGNUToolchain/13.3.rel1/arm-none-eabi/bin/../lib/gcc/arm-none-eabi/13.3.1/../../../../arm-none-eabi/lib/thumb/v7e-m+fp/hard/libc_nano.a(libc_a-freer.o)
                0x080036d0                _free_r
 .text._malloc_usable_size_r
                0x08003764       0x10 /Applications/ArmGNUToolchain/13.3.rel1/arm-none-eabi/bin/../lib/gcc/arm-none-eabi/13.3.1/../../../../arm-none-eabi/lib/thumb/v7e-m+fp/hard/libc_nano.a(libc_a-msizer.o)
                0x08003764                _malloc_usable_size_r
 .text.__udivmoddi4
                0x08003774      0x2bc /Applications/ArmGNUToolchain/13.3.rel1/arm-none-eabi/bin/../lib/gcc/arm-none-eabi/13.3.1/thumb/v7e-m+fp/hard/libgcc.a(_udivmoddi4.o)
                0x08003774                __udivmoddi4
 *(.glue_7)
 .glue_7        0x08003a30        0x0 linker stubs
 *(.glue_7t)
 .glue_7t       0x08003a30        0x0 linker stubs
 *(.eh_frame)
 .eh_frame      0x08003a30        0x0 /Applications/ArmGNUToolchain/13.3.rel1/arm-none-eabi/bin/../lib/gcc/arm-none-eabi/13.3.1/thumb/v7e-m+fp/hard/crtbegin.o
 *(.init)
 .init          0x08003a30        0x4 /Applications/ArmGNUToolchain/13.3.rel1/arm-none-eabi/bin/../lib/gcc/arm-none-eabi/13.3.1/thumb/v7e-m+fp/hard/crti.o
                0x08003a30                _init
 .init          0x08003a34        0x8 /Applications/ArmGNUToolchain/13.3.rel1/arm-none-eabi/bin/../lib/gcc/arm-none-eabi/13.3.1/thumb/v7e-m+fp/hard/crtn.o
 *(.fini)
 .fini          0x08003a3c        0x4 /Applications/ArmGNUToolchain/13.3.rel1/arm-none-eabi/bin/../lib/gcc/arm-none-eabi/13.3.1/thumb/v7e-m+fp/hard/crti.o
                0x08003a3c                _fini
 .fini          0x08003a40        0x8 /Applications/ArmGNUToolchain/13.3.rel1/arm-none-eabi/bin/../lib/gcc/arm-none-eabi/13.3.1/thumb/v7e-m+fp/hard/crtn.o
                0x08003a48                        . = ALIGN (0x4)
                0x08003a48                        _etext = .

.vfp11_veneer   0x08003a48        0x0
 .vfp11_veneer  0x08003a48        0x0 linker stubs

.v4_bx          0x08003a48        0x0
 .v4_bx         0x08003a48        0x0 linker stubs

.iplt           0x08003a48        0x0
 .iplt          0x08003a48        0x0 /Applications/ArmGNUToolchain/13.3.rel1/arm-none-eabi/bin/../lib/gcc/arm-none-eabi/13.3.1/thumb/v7e-m+fp/hard/crtbegin.o

.rodata         0x08003a48       0xdc
                0x08003a48                        . = ALIGN (0x4)
 *(.rodata)
 *(.rodata*)
 .rodata.main.str1.4
                0x08003a48       0x86 build/main.o
 *fill*         0x08003ace        0x2 
 .rodata.flagBitshiftOffset.0
                0x08003ad0        0x8 build/stm32f4xx_hal_dma.o
 .rodata.APBPrescTable
                0x08003ad8        0x8 build/system_stm32f4xx.o
                0x08003ad8                APBPrescTable
 .rodata.AHBPrescTable
                0x08003ae0       0x10 build/system_stm32f4xx.o
                0x08003ae0                AHBPrescTable
 .rodata._svfprintf_r.str1.1
                0x08003af0       0x33 /Applications/ArmGNUToolchain/13.3.rel1/arm-none-eabi/bin/../lib/gcc/arm-none-eabi/13.3.1/../../../../arm-none-eabi/lib/thumb/v7e-m+fp/hard/libc_nano.a(libc_a-nano-svfprintf.o)
                                 0x11 (size before relaxing)
 .rodata._printf_i.str1.1
                0x08003b23       0x22 /Applications/ArmGNUToolchain/13.3.rel1/arm-none-eabi/bin/../lib/gcc/arm-none-eabi/13.3.1/../../../../arm-none-eabi/lib/thumb/v7e-m+fp/hard/libc_nano.a(libc_a-nano-vfprintf_i.o)
                0x08003b48                        . = ALIGN (0x4)
 *fill*         0x08003b23        0x1 

.ARM.extab      0x08003b24        0x0
                0x08003b24                        . = ALIGN (0x4)
 *(.ARM.extab* .gnu.linkonce.armextab.*)
                0x08003b24                        . = ALIGN (0x4)

.ARM            0x08003b24        0x8
                0x08003b24                        . = ALIGN (0x4)
                0x08003b24                        __exidx_start = .
 *(.ARM.exidx*)
 .ARM.exidx     0x08003b24        0x8 /Applications/ArmGNUToolchain/13.3.rel1/arm-none-eabi/bin/../lib/gcc/arm-none-eabi/13.3.1/../../../../arm-none-eabi/lib/thumb/v7e-m+fp/hard/libc_nano.a(libc_a-memchr.o)
 .ARM.exidx.text.__udivmoddi4
                0x08003b2c        0x0 /Applications/ArmGNUToolchain/13.3.rel1/arm-none-eabi/bin/../lib/gcc/arm-none-eabi/13.3.1/thumb/v7e-m+fp/hard/libgcc.a(_udivmoddi4.o)
                                  0x8 (size before relaxing)
                0x08003b2c                        __exidx_end = .
                0x08003b2c                        . = ALIGN (0x4)

.preinit_array  0x08003b2c        0x0
                0x08003b2c                        . = ALIGN (0x4)
                0x08003b2c                        PROVIDE (__preinit_array_start = .)
 *(.preinit_array*)
                0x08003b2c                        PROVIDE (__preinit_array_end = .)
                0x08003b2c                        . = ALIGN (0x4)

.init_array     0x08003b2c        0x4
                0x08003b2c                        . = ALIGN (0x4)
                0x08003b2c                        PROVIDE (__init_array_start = .)
 *(SORT_BY_NAME(.init_array.*))
 *(.init_array*)
 .init_array    0x08003b2c        0x4 /Applications/ArmGNUToolchain/13.3.rel1/arm-none-eabi/bin/../lib/gcc/arm-none-eabi/13.3.1/thumb/v7e-m+fp/hard/crtbegin.o
                0x08003b30                        PROVIDE (__init_array_end = .)
                0x08003b30                        . = ALIGN (0x4)

.fini_array     0x08003b30        0x4
                0x08003b30                        . = ALIGN (0x4)
                [!provide]                        PROVIDE (__fini_array_start = .)
 *(SORT_BY_NAME(.fini_array.*))
 *(.fini_array*)
 .fini_array    0x08003b30        0x4 /Applications/ArmGNUToolchain/13.3.rel1/arm-none-eabi/bin/../lib/gcc/arm-none-eabi/13.3.1/thumb/v7e-m+fp/hard/crtbegin.o
                [!provide]                        PROVIDE (__fini_array_end = .)
                0x08003b34                        . = ALIGN (0x4)
                0x08003b34                        _sidata = LOADADDR (.data)

.rel.dyn        0x08003b34        0x0
 .rel.iplt      0x08003b34        0x0 /Applications/ArmGNUToolchain/13.3.rel1/arm-none-eabi/bin/../lib/gcc/arm-none-eabi/13.3.1/thumb/v7e-m+fp/hard/crtbegin.o

.data           0x20000000       0x5c load address 0x08003b34
                0x20000000                        . = ALIGN (0x4)
                0x20000000                        _sdata = .
 *(.data)
 *(.data*)
 .data.fakeUseSpeed
                0x20000000        0x2 build/main.o
                0x20000000                fakeUseSpeed
 .data.uwTickFreq
                0x20000002        0x1 build/stm32f4xx_hal.o
                0x20000002                uwTickFreq
 *fill*         0x20000003        0x1 
 .data.uwTickPrio
                0x20000004        0x4 build/stm32f4xx_hal.o
                0x20000004                uwTickPrio
 .data.SystemCoreClock
                0x20000008        0x4 build/system_stm32f4xx.o
                0x20000008                SystemCoreClock
 .data._impure_ptr
                0x2000000c        0x4 /Applications/ArmGNUToolchain/13.3.rel1/arm-none-eabi/bin/../lib/gcc/arm-none-eabi/13.3.1/../../../../arm-none-eabi/lib/thumb/v7e-m+fp/hard/libc_nano.a(libc_a-impure.o)
                0x2000000c                _impure_ptr
 .data._impure_data
                0x20000010       0x4c /Applications/ArmGNUToolchain/13.3.rel1/arm-none-eabi/bin/../lib/gcc/arm-none-eabi/13.3.1/../../../../arm-none-eabi/lib/thumb/v7e-m+fp/hard/libc_nano.a(libc_a-impure.o)
                0x20000010                _impure_data
 *(.RamFunc)
 *(.RamFunc*)
                0x2000005c                        . = ALIGN (0x4)
                0x2000005c                        _edata = .
                0x08003b90                        _siccmram = LOADADDR (.ccmram)

.tm_clone_table
                0x2000005c        0x0 load address 0x08003b90
 .tm_clone_table
                0x2000005c        0x0 /Applications/ArmGNUToolchain/13.3.rel1/arm-none-eabi/bin/../lib/gcc/arm-none-eabi/13.3.1/thumb/v7e-m+fp/hard/crtbegin.o
 .tm_clone_table
                0x2000005c        0x0 /Applications/ArmGNUToolchain/13.3.rel1/arm-none-eabi/bin/../lib/gcc/arm-none-eabi/13.3.1/thumb/v7e-m+fp/hard/crtend.o

.igot.plt       0x2000005c        0x0 load address 0x08003b90
 .igot.plt      0x2000005c        0x0 /Applications/ArmGNUToolchain/13.3.rel1/arm-none-eabi/bin/../lib/gcc/arm-none-eabi/13.3.1/thumb/v7e-m+fp/hard/crtbegin.o

.ccmram         0x10000000        0x0 load address 0x08003b90
                0x10000000                        . = ALIGN (0x4)
                0x10000000                        _sccmram = .
 *(.ccmram)
 *(.ccmram*)
                0x10000000                        . = ALIGN (0x4)
                0x10000000                        _eccmram = .
                0x10000000                        . = ALIGN (0x4)

.bss            0x2000005c      0x488
                0x2000005c                        _sbss = .
                0x2000005c                        __bss_start__ = _sbss
 *(.bss)
 *(.bss*)
 .bss.completed.1
                0x2000005c        0x1 /Applications/ArmGNUToolchain/13.3.rel1/arm-none-eabi/bin/../lib/gcc/arm-none-eabi/13.3.1/thumb/v7e-m+fp/hard/crtbegin.o
 *fill*         0x2000005d        0x3 
 .bss.object.0  0x20000060       0x18 /Applications/ArmGNUToolchain/13.3.rel1/arm-none-eabi/bin/../lib/gcc/arm-none-eabi/13.3.1/thumb/v7e-m+fp/hard/crtbegin.o
 .bss.tx_buf.0  0x20000078      0x100 build/main.o
 .bss.rc_print_tick
                0x20000178        0x4 build/main.o
                0x20000178                rc_print_tick
 .bss.rc_last_tick
                0x2000017c        0x4 build/main.o
                0x2000017c                rc_last_tick
 .bss.rc_ctrl   0x20000180       0x16 build/main.o
                0x20000180                rc_ctrl
 *fill*         0x20000196        0x2 
 .bss.rc_buf    0x20000198       0x12 build/main.o
                0x20000198                rc_buf
 .bss.fakeUseSpeedLR
                0x200001aa        0x2 build/main.o
                0x200001aa                fakeUseSpeedLR
 .bss.fakeUseCurrent4
                0x200001ac        0x2 build/main.o
                0x200001ac                fakeUseCurrent4
 .bss.fakeUseCurrent3
                0x200001ae        0x2 build/main.o
                0x200001ae                fakeUseCurrent3
 .bss.fakeUseCurrent2
                0x200001b0        0x2 build/main.o
                0x200001b0                fakeUseCurrent2
 .bss.fakeUseCurrent1
                0x200001b2        0x2 build/main.o
                0x200001b2                fakeUseCurrent1
 .bss.RxCount4  0x200001b4       0x10 build/main.o
                0x200001b4                RxCount4
 .bss.RxTemp4   0x200001c4        0x4 build/main.o
                0x200001c4                RxTemp4
 .bss.RxCurrent4
                0x200001c8        0x8 build/main.o
                0x200001c8                RxCurrent4
 .bss.RxSpeed4  0x200001d0        0x8 build/main.o
                0x200001d0                RxSpeed4
 .bss.RxEcd4    0x200001d8        0x8 build/main.o
                0x200001d8                RxEcd4
 .bss.RxTemp    0x200001e0        0x1 build/main.o
                0x200001e0                RxTemp
 *fill*         0x200001e1        0x1 
 .bss.RxCurrent
                0x200001e2        0x2 build/main.o
                0x200001e2                RxCurrent
 .bss.RxSpeed   0x200001e4        0x2 build/main.o
                0x200001e4                RxSpeed
 .bss.RxEcd     0x200001e6        0x2 build/main.o
                0x200001e6                RxEcd
 .bss.RxLastTick
                0x200001e8        0x4 build/main.o
                0x200001e8                RxLastTick
 .bss.RxCount   0x200001ec        0x4 build/main.o
                0x200001ec                RxCount
 .bss.RxData    0x200001f0        0x8 build/main.o
                0x200001f0                RxData
 .bss.RxStdId   0x200001f8        0x4 build/main.o
                0x200001f8                RxStdId
 .bss.TxData    0x200001fc        0x8 build/main.o
                0x200001fc                TxData
 .bss.TxHeader  0x20000204       0x18 build/main.o
                0x20000204                TxHeader
 .bss.hcan1     0x2000021c       0x28 build/main.o
                0x2000021c                hcan1
 .bss.hdma_usart3_rx
                0x20000244       0x60 build/main.o
                0x20000244                hdma_usart3_rx
 .bss.hdma_usart1_tx
                0x200002a4       0x60 build/main.o
                0x200002a4                hdma_usart1_tx
 .bss.huart3    0x20000304       0x48 build/main.o
                0x20000304                huart3
 .bss.huart1    0x2000034c       0x48 build/main.o
                0x2000034c                huart1
 .bss.uwTick    0x20000394        0x4 build/stm32f4xx_hal.o
                0x20000394                uwTick
 .bss.__sbrk_heap_end
                0x20000398        0x4 build/sysmem.o
 .bss.__sf      0x2000039c      0x138 /Applications/ArmGNUToolchain/13.3.rel1/arm-none-eabi/bin/../lib/gcc/arm-none-eabi/13.3.1/../../../../arm-none-eabi/lib/thumb/v7e-m+fp/hard/libc_nano.a(libc_a-findfp.o)
                0x2000039c                __sf
 .bss.__lock___malloc_recursive_mutex
                0x200004d4        0x1 /Applications/ArmGNUToolchain/13.3.rel1/arm-none-eabi/bin/../lib/gcc/arm-none-eabi/13.3.1/../../../../arm-none-eabi/lib/thumb/v7e-m+fp/hard/libc_nano.a(libc_a-lock.o)
                0x200004d4                __lock___malloc_recursive_mutex
 *fill*         0x200004d5        0x3 
 .bss.__malloc_sbrk_start
                0x200004d8        0x4 /Applications/ArmGNUToolchain/13.3.rel1/arm-none-eabi/bin/../lib/gcc/arm-none-eabi/13.3.1/../../../../arm-none-eabi/lib/thumb/v7e-m+fp/hard/libc_nano.a(libc_a-mallocr.o)
                0x200004d8                __malloc_sbrk_start
 .bss.__malloc_free_list
                0x200004dc        0x4 /Applications/ArmGNUToolchain/13.3.rel1/arm-none-eabi/bin/../lib/gcc/arm-none-eabi/13.3.1/../../../../arm-none-eabi/lib/thumb/v7e-m+fp/hard/libc_nano.a(libc_a-mallocr.o)
                0x200004dc                __malloc_free_list
 .bss.errno     0x200004e0        0x4 /Applications/ArmGNUToolchain/13.3.rel1/arm-none-eabi/bin/../lib/gcc/arm-none-eabi/13.3.1/../../../../arm-none-eabi/lib/thumb/v7e-m+fp/hard/libc_nano.a(libc_a-reent.o)
                0x200004e0                errno
 *(COMMON)
                0x200004e4                        . = ALIGN (0x4)
                0x200004e4                        _ebss = .
                0x200004e4                        __bss_end__ = _ebss

._user_heap_stack
                0x200004e4      0x604
                0x200004e8                        . = ALIGN (0x8)
 *fill*         0x200004e4        0x4 
                [!provide]                        PROVIDE (end = .)
                0x200004e8                        PROVIDE (_end = .)
                0x200006e8                        . = (. + _Min_Heap_Size)
 *fill*         0x200004e8      0x200 
                0x20000ae8                        . = (. + _Min_Stack_Size)
 *fill*         0x200006e8      0x400 
                0x20000ae8                        . = ALIGN (0x8)

/DISCARD/
 libc.a(*)
 libm.a(*)
 libgcc.a(*)
OUTPUT(build/stm32project.elf elf32-littlearm)
LOAD linker stubs
LOAD /Applications/ArmGNUToolchain/13.3.rel1/arm-none-eabi/bin/../lib/gcc/arm-none-eabi/13.3.1/../../../../arm-none-eabi/lib/thumb/v7e-m+fp/hard/libc.a
LOAD /Applications/ArmGNUToolchain/13.3.rel1/arm-none-eabi/bin/../lib/gcc/arm-none-eabi/13.3.1/../../../../arm-none-eabi/lib/thumb/v7e-m+fp/hard/libm.a
LOAD /Applications/ArmGNUToolchain/13.3.rel1/arm-none-eabi/bin/../lib/gcc/arm-none-eabi/13.3.1/thumb/v7e-m+fp/hard/libgcc.a

.ARM.attributes
                0x00000000       0x30
 .ARM.attributes
                0x00000000       0x22 /Applications/ArmGNUToolchain/13.3.rel1/arm-none-eabi/bin/../lib/gcc/arm-none-eabi/13.3.1/thumb/v7e-m+fp/hard/crti.o
 .ARM.attributes
                0x00000022       0x34 /Applications/ArmGNUToolchain/13.3.rel1/arm-none-eabi/bin/../lib/gcc/arm-none-eabi/13.3.1/thumb/v7e-m+fp/hard/crtbegin.o
 .ARM.attributes
                0x00000056       0x34 build/main.o
 .ARM.attributes
                0x0000008a       0x34 build/stm32f4xx_it.o
 .ARM.attributes
                0x000000be       0x34 build/stm32f4xx_hal_msp.o
 .ARM.attributes
                0x000000f2       0x34 build/stm32f4xx_hal_rcc.o
 .ARM.attributes
                0x00000126       0x34 build/stm32f4xx_hal_gpio.o
 .ARM.attributes
                0x0000015a       0x34 build/stm32f4xx_hal_dma.o
 .ARM.attributes
                0x0000018e       0x34 build/stm32f4xx_hal_cortex.o
 .ARM.attributes
                0x000001c2       0x34 build/stm32f4xx_hal.o
 .ARM.attributes
                0x000001f6       0x34 build/stm32f4xx_hal_can.o
 .ARM.attributes
                0x0000022a       0x34 build/system_stm32f4xx.o
 .ARM.attributes
                0x0000025e       0x34 build/sysmem.o
 .ARM.attributes
                0x00000292       0x34 build/stm32f4xx_hal_uart.o
 .ARM.attributes
                0x000002c6       0x21 build/startup_stm32f407xx.o
 .ARM.attributes
                0x000002e7       0x34 /Applications/ArmGNUToolchain/13.3.rel1/arm-none-eabi/bin/../lib/gcc/arm-none-eabi/13.3.1/../../../../arm-none-eabi/lib/thumb/v7e-m+fp/hard/libc_nano.a(libc_a-findfp.o)
 .ARM.attributes
                0x0000031b       0x34 /Applications/ArmGNUToolchain/13.3.rel1/arm-none-eabi/bin/../lib/gcc/arm-none-eabi/13.3.1/../../../../arm-none-eabi/lib/thumb/v7e-m+fp/hard/libc_nano.a(libc_a-vsnprintf.o)
 .ARM.attributes
                0x0000034f       0x34 /Applications/ArmGNUToolchain/13.3.rel1/arm-none-eabi/bin/../lib/gcc/arm-none-eabi/13.3.1/../../../../arm-none-eabi/lib/thumb/v7e-m+fp/hard/libc_nano.a(libc_a-memset.o)
 .ARM.attributes
                0x00000383       0x34 /Applications/ArmGNUToolchain/13.3.rel1/arm-none-eabi/bin/../lib/gcc/arm-none-eabi/13.3.1/../../../../arm-none-eabi/lib/thumb/v7e-m+fp/hard/libc_nano.a(libc_a-errno.o)
 .ARM.attributes
                0x000003b7       0x34 /Applications/ArmGNUToolchain/13.3.rel1/arm-none-eabi/bin/../lib/gcc/arm-none-eabi/13.3.1/../../../../arm-none-eabi/lib/thumb/v7e-m+fp/hard/libc_nano.a(libc_a-init.o)
 .ARM.attributes
                0x000003eb       0x34 /Applications/ArmGNUToolchain/13.3.rel1/arm-none-eabi/bin/../lib/gcc/arm-none-eabi/13.3.1/../../../../arm-none-eabi/lib/thumb/v7e-m+fp/hard/libc_nano.a(libc_a-lock.o)
 .ARM.attributes
                0x0000041f       0x34 /Applications/ArmGNUToolchain/13.3.rel1/arm-none-eabi/bin/../lib/gcc/arm-none-eabi/13.3.1/../../../../arm-none-eabi/lib/thumb/v7e-m+fp/hard/libc_nano.a(libc_a-impure.o)
 .ARM.attributes
                0x00000453       0x34 /Applications/ArmGNUToolchain/13.3.rel1/arm-none-eabi/bin/../lib/gcc/arm-none-eabi/13.3.1/../../../../arm-none-eabi/lib/thumb/v7e-m+fp/hard/libc_nano.a(libc_a-nano-svfprintf.o)
 .ARM.attributes
                0x00000487       0x34 /Applications/ArmGNUToolchain/13.3.rel1/arm-none-eabi/bin/../lib/gcc/arm-none-eabi/13.3.1/../../../../arm-none-eabi/lib/thumb/v7e-m+fp/hard/libc_nano.a(libc_a-mallocr.o)
 .ARM.attributes
                0x000004bb       0x34 /Applications/ArmGNUToolchain/13.3.rel1/arm-none-eabi/bin/../lib/gcc/arm-none-eabi/13.3.1/../../../../arm-none-eabi/lib/thumb/v7e-m+fp/hard/libc_nano.a(libc_a-nano-vfprintf_i.o)
 .ARM.attributes
                0x000004ef       0x34 /Applications/ArmGNUToolchain/13.3.rel1/arm-none-eabi/bin/../lib/gcc/arm-none-eabi/13.3.1/../../../../arm-none-eabi/lib/thumb/v7e-m+fp/hard/libc_nano.a(libc_a-mlock.o)
 .ARM.attributes
                0x00000523       0x34 /Applications/ArmGNUToolchain/13.3.rel1/arm-none-eabi/bin/../lib/gcc/arm-none-eabi/13.3.1/../../../../arm-none-eabi/lib/thumb/v7e-m+fp/hard/libc_nano.a(libc_a-reallocr.o)
 .ARM.attributes
                0x00000557       0x34 /Applications/ArmGNUToolchain/13.3.rel1/arm-none-eabi/bin/../lib/gcc/arm-none-eabi/13.3.1/../../../../arm-none-eabi/lib/thumb/v7e-m+fp/hard/libc_nano.a(libc_a-memmove.o)
 .ARM.attributes
                0x0000058b       0x34 /Applications/ArmGNUToolchain/13.3.rel1/arm-none-eabi/bin/../lib/gcc/arm-none-eabi/13.3.1/../../../../arm-none-eabi/lib/thumb/v7e-m+fp/hard/libc_nano.a(libc_a-sbrkr.o)
 .ARM.attributes
                0x000005bf       0x34 /Applications/ArmGNUToolchain/13.3.rel1/arm-none-eabi/bin/../lib/gcc/arm-none-eabi/13.3.1/../../../../arm-none-eabi/lib/thumb/v7e-m+fp/hard/libc_nano.a(libc_a-reent.o)
 .ARM.attributes
                0x000005f3       0x1c /Applications/ArmGNUToolchain/13.3.rel1/arm-none-eabi/bin/../lib/gcc/arm-none-eabi/13.3.1/../../../../arm-none-eabi/lib/thumb/v7e-m+fp/hard/libc_nano.a(libc_a-memchr.o)
 .ARM.attributes
                0x0000060f       0x34 /Applications/ArmGNUToolchain/13.3.rel1/arm-none-eabi/bin/../lib/gcc/arm-none-eabi/13.3.1/../../../../arm-none-eabi/lib/thumb/v7e-m+fp/hard/libc_nano.a(libc_a-memcpy-stub.o)
 .ARM.attributes
                0x00000643       0x34 /Applications/ArmGNUToolchain/13.3.rel1/arm-none-eabi/bin/../lib/gcc/arm-none-eabi/13.3.1/../../../../arm-none-eabi/lib/thumb/v7e-m+fp/hard/libc_nano.a(libc_a-freer.o)
 .ARM.attributes
                0x00000677       0x34 /Applications/ArmGNUToolchain/13.3.rel1/arm-none-eabi/bin/../lib/gcc/arm-none-eabi/13.3.1/../../../../arm-none-eabi/lib/thumb/v7e-m+fp/hard/libc_nano.a(libc_a-msizer.o)
 .ARM.attributes
                0x000006ab       0x22 /Applications/ArmGNUToolchain/13.3.rel1/arm-none-eabi/bin/../lib/gcc/arm-none-eabi/13.3.1/thumb/v7e-m+fp/hard/libgcc.a(_aeabi_uldivmod.o)
 .ARM.attributes
                0x000006cd       0x34 /Applications/ArmGNUToolchain/13.3.rel1/arm-none-eabi/bin/../lib/gcc/arm-none-eabi/13.3.1/thumb/v7e-m+fp/hard/libgcc.a(_udivmoddi4.o)
 .ARM.attributes
                0x00000701       0x22 /Applications/ArmGNUToolchain/13.3.rel1/arm-none-eabi/bin/../lib/gcc/arm-none-eabi/13.3.1/thumb/v7e-m+fp/hard/libgcc.a(_dvmd_tls.o)
 .ARM.attributes
                0x00000723       0x34 /Applications/ArmGNUToolchain/13.3.rel1/arm-none-eabi/bin/../lib/gcc/arm-none-eabi/13.3.1/thumb/v7e-m+fp/hard/crtend.o
 .ARM.attributes
                0x00000757       0x22 /Applications/ArmGNUToolchain/13.3.rel1/arm-none-eabi/bin/../lib/gcc/arm-none-eabi/13.3.1/thumb/v7e-m+fp/hard/crtn.o

.comment        0x00000000       0x45
 .comment       0x00000000       0x45 build/main.o
                                 0x46 (size before relaxing)
 .comment       0x00000045       0x46 build/stm32f4xx_it.o
 .comment       0x00000045       0x46 build/stm32f4xx_hal_msp.o
 .comment       0x00000045       0x46 build/stm32f4xx_hal_rcc.o
 .comment       0x00000045       0x46 build/stm32f4xx_hal_gpio.o
 .comment       0x00000045       0x46 build/stm32f4xx_hal_dma.o
 .comment       0x00000045       0x46 build/stm32f4xx_hal_cortex.o
 .comment       0x00000045       0x46 build/stm32f4xx_hal.o
 .comment       0x00000045       0x46 build/stm32f4xx_hal_can.o
 .comment       0x00000045       0x46 build/system_stm32f4xx.o
 .comment       0x00000045       0x46 build/sysmem.o
 .comment       0x00000045       0x46 build/stm32f4xx_hal_uart.o

.debug_info     0x00000000     0xdcfe
 .debug_info    0x00000000     0x2576 build/main.o
 .debug_info    0x00002576      0xc83 build/stm32f4xx_it.o
 .debug_info    0x000031f9      0xeff build/stm32f4xx_hal_msp.o
 .debug_info    0x000040f8      0xc20 build/stm32f4xx_hal_rcc.o
 .debug_info    0x00004d18      0x848 build/stm32f4xx_hal_gpio.o
 .debug_info    0x00005560      0xbce build/stm32f4xx_hal_dma.o
 .debug_info    0x0000612e     0x11e0 build/stm32f4xx_hal_cortex.o
 .debug_info    0x0000730e      0xafa build/stm32f4xx_hal.o
 .debug_info    0x00007e08     0x13d2 build/stm32f4xx_hal_can.o
 .debug_info    0x000091da      0x5b3 build/system_stm32f4xx.o
 .debug_info    0x0000978d      0x18c build/sysmem.o
 .debug_info    0x00009919     0x43b5 build/stm32f4xx_hal_uart.o
 .debug_info    0x0000dcce       0x30 build/startup_stm32f407xx.o

.debug_abbrev   0x00000000     0x1de9
 .debug_abbrev  0x00000000      0x3c2 build/main.o
 .debug_abbrev  0x000003c2      0x1c0 build/stm32f4xx_it.o
 .debug_abbrev  0x00000582      0x227 build/stm32f4xx_hal_msp.o
 .debug_abbrev  0x000007a9      0x2de build/stm32f4xx_hal_rcc.o
 .debug_abbrev  0x00000a87      0x22b build/stm32f4xx_hal_gpio.o
 .debug_abbrev  0x00000cb2      0x2fe build/stm32f4xx_hal_dma.o
 .debug_abbrev  0x00000fb0      0x3ca build/stm32f4xx_hal_cortex.o
 .debug_abbrev  0x0000137a      0x244 build/stm32f4xx_hal.o
 .debug_abbrev  0x000015be      0x2a2 build/stm32f4xx_hal_can.o
 .debug_abbrev  0x00001860      0x11b build/system_stm32f4xx.o
 .debug_abbrev  0x0000197b       0xeb build/sysmem.o
 .debug_abbrev  0x00001a66      0x366 build/stm32f4xx_hal_uart.o
 .debug_abbrev  0x00001dcc       0x1d build/startup_stm32f407xx.o

.debug_loc      0x00000000     0x909d
 .debug_loc     0x00000000      0x584 build/main.o
 .debug_loc     0x00000584       0xc0 build/stm32f4xx_it.o
 .debug_loc     0x00000644      0x13c build/stm32f4xx_hal_msp.o
 .debug_loc     0x00000780      0x720 build/stm32f4xx_hal_rcc.o
 .debug_loc     0x00000ea0      0x60b build/stm32f4xx_hal_gpio.o
 .debug_loc     0x000014ab      0xe9a build/stm32f4xx_hal_dma.o
 .debug_loc     0x00002345      0x8ff build/stm32f4xx_hal_cortex.o
 .debug_loc     0x00002c44      0x1f9 build/stm32f4xx_hal.o
 .debug_loc     0x00002e3d     0x10d3 build/stm32f4xx_hal_can.o
 .debug_loc     0x00003f10       0xbd build/system_stm32f4xx.o
 .debug_loc     0x00003fcd       0x90 build/sysmem.o
 .debug_loc     0x0000405d     0x5040 build/stm32f4xx_hal_uart.o

.debug_aranges  0x00000000      0x858
 .debug_aranges
                0x00000000       0x98 build/main.o
 .debug_aranges
                0x00000098       0x88 build/stm32f4xx_it.o
 .debug_aranges
                0x00000120       0x30 build/stm32f4xx_hal_msp.o
 .debug_aranges
                0x00000150       0x88 build/stm32f4xx_hal_rcc.o
 .debug_aranges
                0x000001d8       0x58 build/stm32f4xx_hal_gpio.o
 .debug_aranges
                0x00000230       0x90 build/stm32f4xx_hal_dma.o
 .debug_aranges
                0x000002c0       0xf8 build/stm32f4xx_hal_cortex.o
 .debug_aranges
                0x000003b8       0xf0 build/stm32f4xx_hal.o
 .debug_aranges
                0x000004a8      0x138 build/stm32f4xx_hal_can.o
 .debug_aranges
                0x000005e0       0x28 build/system_stm32f4xx.o
 .debug_aranges
                0x00000608       0x20 build/sysmem.o
 .debug_aranges
                0x00000628      0x208 build/stm32f4xx_hal_uart.o
 .debug_aranges
                0x00000830       0x28 build/startup_stm32f407xx.o

.debug_ranges   0x00000000      0x7d8
 .debug_ranges  0x00000000       0xa0 build/main.o
 .debug_ranges  0x000000a0       0x78 build/stm32f4xx_it.o
 .debug_ranges  0x00000118       0x20 build/stm32f4xx_hal_msp.o
 .debug_ranges  0x00000138       0x90 build/stm32f4xx_hal_rcc.o
 .debug_ranges  0x000001c8       0x48 build/stm32f4xx_hal_gpio.o
 .debug_ranges  0x00000210       0x80 build/stm32f4xx_hal_dma.o
 .debug_ranges  0x00000290       0xe8 build/stm32f4xx_hal_cortex.o
 .debug_ranges  0x00000378       0xe0 build/stm32f4xx_hal.o
 .debug_ranges  0x00000458      0x140 build/stm32f4xx_hal_can.o
 .debug_ranges  0x00000598       0x18 build/system_stm32f4xx.o
 .debug_ranges  0x000005b0       0x10 build/sysmem.o
 .debug_ranges  0x000005c0      0x1f8 build/stm32f4xx_hal_uart.o
 .debug_ranges  0x000007b8       0x20 build/startup_stm32f407xx.o

.debug_line     0x00000000     0x8ce9
 .debug_line    0x00000000      0xc43 build/main.o
 .debug_line    0x00000c43      0x326 build/stm32f4xx_it.o
 .debug_line    0x00000f69      0x3cf build/stm32f4xx_hal_msp.o
 .debug_line    0x00001338      0xbc7 build/stm32f4xx_hal_rcc.o
 .debug_line    0x00001eff      0x6ff build/stm32f4xx_hal_gpio.o
 .debug_line    0x000025fe      0xe3d build/stm32f4xx_hal_dma.o
 .debug_line    0x0000343b      0x834 build/stm32f4xx_hal_cortex.o
 .debug_line    0x00003c6f      0x571 build/stm32f4xx_hal.o
 .debug_line    0x000041e0     0x1155 build/stm32f4xx_hal_can.o
 .debug_line    0x00005335      0x258 build/system_stm32f4xx.o
 .debug_line    0x0000558d      0x1cf build/sysmem.o
 .debug_line    0x0000575c     0x351a build/stm32f4xx_hal_uart.o
 .debug_line    0x00008c76       0x73 build/startup_stm32f407xx.o

.debug_str      0x00000000     0x2ed6
 .debug_str     0x00000000     0x2ed6 build/main.o
                               0x15d7 (size before relaxing)
 .debug_str     0x00002ed6      0x9b3 build/stm32f4xx_it.o
 .debug_str     0x00002ed6      0xd58 build/stm32f4xx_hal_msp.o
 .debug_str     0x00002ed6      0x6d0 build/stm32f4xx_hal_rcc.o
 .debug_str     0x00002ed6      0x4aa build/stm32f4xx_hal_gpio.o
 .debug_str     0x00002ed6      0x740 build/stm32f4xx_hal_dma.o
 .debug_str     0x00002ed6      0xc3f build/stm32f4xx_hal_cortex.o
 .debug_str     0x00002ed6      0xb2e build/stm32f4xx_hal.o
 .debug_str     0x00002ed6      0x9ff build/stm32f4xx_hal_can.o
 .debug_str     0x00002ed6      0x33f build/system_stm32f4xx.o
 .debug_str     0x00002ed6      0x1ef build/sysmem.o
 .debug_str     0x00002ed6      0xd65 build/stm32f4xx_hal_uart.o
 .debug_str     0x00002ed6       0x4c build/startup_stm32f407xx.o

.debug_frame    0x00000000     0x1a20
 .debug_frame   0x00000000      0x1fc build/main.o
 .debug_frame   0x000001fc      0x120 build/stm32f4xx_it.o
 .debug_frame   0x0000031c       0x64 build/stm32f4xx_hal_msp.o
 .debug_frame   0x00000380      0x16c build/stm32f4xx_hal_rcc.o
 .debug_frame   0x000004ec       0xd8 build/stm32f4xx_hal_gpio.o
 .debug_frame   0x000005c4      0x188 build/stm32f4xx_hal_dma.o
 .debug_frame   0x0000074c      0x214 build/stm32f4xx_hal_cortex.o
 .debug_frame   0x00000960      0x1ec build/stm32f4xx_hal.o
 .debug_frame   0x00000b4c      0x2d8 build/stm32f4xx_hal_can.o
 .debug_frame   0x00000e24       0x30 build/system_stm32f4xx.o
 .debug_frame   0x00000e54       0x28 build/sysmem.o
 .debug_frame   0x00000e7c      0x5e0 build/stm32f4xx_hal_uart.o
 .debug_frame   0x0000145c      0x144 /Applications/ArmGNUToolchain/13.3.rel1/arm-none-eabi/bin/../lib/gcc/arm-none-eabi/13.3.1/../../../../arm-none-eabi/lib/thumb/v7e-m+fp/hard/libc_nano.a(libc_a-findfp.o)
 .debug_frame   0x000015a0       0x4c /Applications/ArmGNUToolchain/13.3.rel1/arm-none-eabi/bin/../lib/gcc/arm-none-eabi/13.3.1/../../../../arm-none-eabi/lib/thumb/v7e-m+fp/hard/libc_nano.a(libc_a-vsnprintf.o)
 .debug_frame   0x000015ec       0x20 /Applications/ArmGNUToolchain/13.3.rel1/arm-none-eabi/bin/../lib/gcc/arm-none-eabi/13.3.1/../../../../arm-none-eabi/lib/thumb/v7e-m+fp/hard/libc_nano.a(libc_a-memset.o)
 .debug_frame   0x0000160c       0x20 /Applications/ArmGNUToolchain/13.3.rel1/arm-none-eabi/bin/../lib/gcc/arm-none-eabi/13.3.1/../../../../arm-none-eabi/lib/thumb/v7e-m+fp/hard/libc_nano.a(libc_a-errno.o)
 .debug_frame   0x0000162c       0x2c /Applications/ArmGNUToolchain/13.3.rel1/arm-none-eabi/bin/../lib/gcc/arm-none-eabi/13.3.1/../../../../arm-none-eabi/lib/thumb/v7e-m+fp/hard/libc_nano.a(libc_a-init.o)
 .debug_frame   0x00001658       0xb0 /Applications/ArmGNUToolchain/13.3.rel1/arm-none-eabi/bin/../lib/gcc/arm-none-eabi/13.3.1/../../../../arm-none-eabi/lib/thumb/v7e-m+fp/hard/libc_nano.a(libc_a-lock.o)
 .debug_frame   0x00001708       0x90 /Applications/ArmGNUToolchain/13.3.rel1/arm-none-eabi/bin/../lib/gcc/arm-none-eabi/13.3.1/../../../../arm-none-eabi/lib/thumb/v7e-m+fp/hard/libc_nano.a(libc_a-nano-svfprintf.o)
 .debug_frame   0x00001798       0x50 /Applications/ArmGNUToolchain/13.3.rel1/arm-none-eabi/bin/../lib/gcc/arm-none-eabi/13.3.1/../../../../arm-none-eabi/lib/thumb/v7e-m+fp/hard/libc_nano.a(libc_a-mallocr.o)
 .debug_frame   0x000017e8       0x60 /Applications/ArmGNUToolchain/13.3.rel1/arm-none-eabi/bin/../lib/gcc/arm-none-eabi/13.3.1/../../../../arm-none-eabi/lib/thumb/v7e-m+fp/hard/libc_nano.a(libc_a-nano-vfprintf_i.o)
 .debug_frame   0x00001848       0x30 /Applications/ArmGNUToolchain/13.3.rel1/arm-none-eabi/bin/../lib/gcc/arm-none-eabi/13.3.1/../../../../arm-none-eabi/lib/thumb/v7e-m+fp/hard/libc_nano.a(libc_a-mlock.o)
 .debug_frame   0x00001878       0x3c /Applications/ArmGNUToolchain/13.3.rel1/arm-none-eabi/bin/../lib/gcc/arm-none-eabi/13.3.1/../../../../arm-none-eabi/lib/thumb/v7e-m+fp/hard/libc_nano.a(libc_a-reallocr.o)
 .debug_frame   0x000018b4       0x28 /Applications/ArmGNUToolchain/13.3.rel1/arm-none-eabi/bin/../lib/gcc/arm-none-eabi/13.3.1/../../../../arm-none-eabi/lib/thumb/v7e-m+fp/hard/libc_nano.a(libc_a-memmove.o)
 .debug_frame   0x000018dc       0x2c /Applications/ArmGNUToolchain/13.3.rel1/arm-none-eabi/bin/../lib/gcc/arm-none-eabi/13.3.1/../../../../arm-none-eabi/lib/thumb/v7e-m+fp/hard/libc_nano.a(libc_a-sbrkr.o)
 .debug_frame   0x00001908       0x38 /Applications/ArmGNUToolchain/13.3.rel1/arm-none-eabi/bin/../lib/gcc/arm-none-eabi/13.3.1/../../../../arm-none-eabi/lib/thumb/v7e-m+fp/hard/libc_nano.a(libc_a-reent.o)
 .debug_frame   0x00001940       0x28 /Applications/ArmGNUToolchain/13.3.rel1/arm-none-eabi/bin/../lib/gcc/arm-none-eabi/13.3.1/../../../../arm-none-eabi/lib/thumb/v7e-m+fp/hard/libc_nano.a(libc_a-memcpy-stub.o)
 .debug_frame   0x00001968       0x38 /Applications/ArmGNUToolchain/13.3.rel1/arm-none-eabi/bin/../lib/gcc/arm-none-eabi/13.3.1/../../../../arm-none-eabi/lib/thumb/v7e-m+fp/hard/libc_nano.a(libc_a-freer.o)
 .debug_frame   0x000019a0       0x20 /Applications/ArmGNUToolchain/13.3.rel1/arm-none-eabi/bin/../lib/gcc/arm-none-eabi/13.3.1/../../../../arm-none-eabi/lib/thumb/v7e-m+fp/hard/libc_nano.a(libc_a-msizer.o)
 .debug_frame   0x000019c0       0x2c /Applications/ArmGNUToolchain/13.3.rel1/arm-none-eabi/bin/../lib/gcc/arm-none-eabi/13.3.1/thumb/v7e-m+fp/hard/libgcc.a(_aeabi_uldivmod.o)
 .debug_frame   0x000019ec       0x34 /Applications/ArmGNUToolchain/13.3.rel1/arm-none-eabi/bin/../lib/gcc/arm-none-eabi/13.3.1/thumb/v7e-m+fp/hard/libgcc.a(_udivmoddi4.o)

.debug_line_str
                0x00000000      0x1c8
 .debug_line_str
                0x00000000      0x1c8 /Applications/ArmGNUToolchain/13.3.rel1/arm-none-eabi/bin/../lib/gcc/arm-none-eabi/13.3.1/../../../../arm-none-eabi/lib/thumb/v7e-m+fp/hard/libc_nano.a(libc_a-memchr.o)
                                 0xea (size before relaxing)
 .debug_line_str
                0x000001c8       0xd2 /Applications/ArmGNUToolchain/13.3.rel1/arm-none-eabi/bin/../lib/gcc/arm-none-eabi/13.3.1/thumb/v7e-m+fp/hard/libgcc.a(_aeabi_uldivmod.o)
 .debug_line_str
                0x000001c8       0xd6 /Applications/ArmGNUToolchain/13.3.rel1/arm-none-eabi/bin/../lib/gcc/arm-none-eabi/13.3.1/thumb/v7e-m+fp/hard/libgcc.a(_dvmd_tls.o)

Cross Reference Table

Symbol                                            File
ADC_IRQHandler                                    build/startup_stm32f407xx.o
AHBPrescTable                                     build/system_stm32f4xx.o
                                                  build/stm32f4xx_hal_rcc.o
APBPrescTable                                     build/system_stm32f4xx.o
                                                  build/stm32f4xx_hal_rcc.o
BusFault_Handler                                  build/stm32f4xx_it.o
CAN1_RX0_IRQHandler                               build/stm32f4xx_it.o
CAN1_RX1_IRQHandler                               build/startup_stm32f407xx.o
CAN1_SCE_IRQHandler                               build/startup_stm32f407xx.o
CAN1_TX_IRQHandler                                build/startup_stm32f407xx.o
CAN2_RX0_IRQHandler                               build/startup_stm32f407xx.o
CAN2_RX1_IRQHandler                               build/startup_stm32f407xx.o
CAN2_SCE_IRQHandler                               build/startup_stm32f407xx.o
CAN2_TX_IRQHandler                                build/startup_stm32f407xx.o
DCMI_IRQHandler                                   build/startup_stm32f407xx.o
DMA1_Stream0_IRQHandler                           build/startup_stm32f407xx.o
DMA1_Stream1_IRQHandler                           build/stm32f4xx_it.o
DMA1_Stream2_IRQHandler                           build/startup_stm32f407xx.o
DMA1_Stream3_IRQHandler                           build/startup_stm32f407xx.o
DMA1_Stream4_IRQHandler                           build/startup_stm32f407xx.o
DMA1_Stream5_IRQHandler                           build/startup_stm32f407xx.o
DMA1_Stream6_IRQHandler                           build/startup_stm32f407xx.o
DMA1_Stream7_IRQHandler                           build/startup_stm32f407xx.o
DMA2_Stream0_IRQHandler                           build/startup_stm32f407xx.o
DMA2_Stream1_IRQHandler                           build/startup_stm32f407xx.o
DMA2_Stream2_IRQHandler                           build/startup_stm32f407xx.o
DMA2_Stream3_IRQHandler                           build/startup_stm32f407xx.o
DMA2_Stream4_IRQHandler                           build/startup_stm32f407xx.o
DMA2_Stream5_IRQHandler                           build/startup_stm32f407xx.o
DMA2_Stream6_IRQHandler                           build/startup_stm32f407xx.o
DMA2_Stream7_IRQHandler                           build/stm32f4xx_it.o
DebugMon_Handler                                  build/stm32f4xx_it.o
Default_Handler                                   build/startup_stm32f407xx.o
ETH_IRQHandler                                    build/startup_stm32f407xx.o
ETH_WKUP_IRQHandler                               build/startup_stm32f407xx.o
EXTI0_IRQHandler                                  build/startup_stm32f407xx.o
EXTI15_10_IRQHandler                              build/startup_stm32f407xx.o
EXTI1_IRQHandler                                  build/startup_stm32f407xx.o
EXTI2_IRQHandler                                  build/startup_stm32f407xx.o
EXTI3_IRQHandler                                  build/startup_stm32f407xx.o
EXTI4_IRQHandler                                  build/startup_stm32f407xx.o
EXTI9_5_IRQHandler                                build/startup_stm32f407xx.o
Error_Handler                                     build/main.o
                                                  build/stm32f4xx_hal_msp.o
FLASH_Erase_Sector                                build/stm32f4xx_hal_flash_ex.o
                                                  build/stm32f4xx_hal_flash.o
FLASH_FlushCaches                                 build/stm32f4xx_hal_flash_ex.o
                                                  build/stm32f4xx_hal_flash.o
FLASH_IRQHandler                                  build/startup_stm32f407xx.o
FLASH_WaitForLastOperation                        build/stm32f4xx_hal_flash.o
                                                  build/stm32f4xx_hal_flash_ex.o
FPU_IRQHandler                                    build/startup_stm32f407xx.o
FSMC_IRQHandler                                   build/startup_stm32f407xx.o
HAL_CAN_AbortTxRequest                            build/stm32f4xx_hal_can.o
HAL_CAN_ActivateNotification                      build/stm32f4xx_hal_can.o
                                                  build/main.o
HAL_CAN_AddTxMessage                              build/stm32f4xx_hal_can.o
                                                  build/main.o
HAL_CAN_ConfigFilter                              build/stm32f4xx_hal_can.o
                                                  build/main.o
HAL_CAN_DeInit                                    build/stm32f4xx_hal_can.o
HAL_CAN_DeactivateNotification                    build/stm32f4xx_hal_can.o
HAL_CAN_ErrorCallback                             build/stm32f4xx_hal_can.o
HAL_CAN_GetError                                  build/stm32f4xx_hal_can.o
HAL_CAN_GetRxFifoFillLevel                        build/stm32f4xx_hal_can.o
HAL_CAN_GetRxMessage                              build/stm32f4xx_hal_can.o
                                                  build/main.o
HAL_CAN_GetState                                  build/stm32f4xx_hal_can.o
HAL_CAN_GetTxMailboxesFreeLevel                   build/stm32f4xx_hal_can.o
HAL_CAN_GetTxTimestamp                            build/stm32f4xx_hal_can.o
HAL_CAN_IRQHandler                                build/stm32f4xx_hal_can.o
                                                  build/stm32f4xx_it.o
HAL_CAN_Init                                      build/stm32f4xx_hal_can.o
                                                  build/main.o
HAL_CAN_IsSleepActive                             build/stm32f4xx_hal_can.o
HAL_CAN_IsTxMessagePending                        build/stm32f4xx_hal_can.o
HAL_CAN_MspDeInit                                 build/stm32f4xx_hal_can.o
HAL_CAN_MspInit                                   build/stm32f4xx_hal_can.o
HAL_CAN_RequestSleep                              build/stm32f4xx_hal_can.o
HAL_CAN_ResetError                                build/stm32f4xx_hal_can.o
HAL_CAN_RxFifo0FullCallback                       build/stm32f4xx_hal_can.o
HAL_CAN_RxFifo0MsgPendingCallback                 build/main.o
HAL_CAN_RxFifo1FullCallback                       build/stm32f4xx_hal_can.o
HAL_CAN_RxFifo1MsgPendingCallback                 build/stm32f4xx_hal_can.o
HAL_CAN_SleepCallback                             build/stm32f4xx_hal_can.o
HAL_CAN_Start                                     build/stm32f4xx_hal_can.o
                                                  build/main.o
HAL_CAN_Stop                                      build/stm32f4xx_hal_can.o
HAL_CAN_TxMailbox0AbortCallback                   build/stm32f4xx_hal_can.o
HAL_CAN_TxMailbox0CompleteCallback                build/stm32f4xx_hal_can.o
HAL_CAN_TxMailbox1AbortCallback                   build/stm32f4xx_hal_can.o
HAL_CAN_TxMailbox1CompleteCallback                build/stm32f4xx_hal_can.o
HAL_CAN_TxMailbox2AbortCallback                   build/stm32f4xx_hal_can.o
HAL_CAN_TxMailbox2CompleteCallback                build/stm32f4xx_hal_can.o
HAL_CAN_WakeUp                                    build/stm32f4xx_hal_can.o
HAL_CAN_WakeUpFromRxMsgCallback                   build/stm32f4xx_hal_can.o
HAL_CORTEX_ClearEvent                             build/stm32f4xx_hal_cortex.o
HAL_DBGMCU_DisableDBGSleepMode                    build/stm32f4xx_hal.o
HAL_DBGMCU_DisableDBGStandbyMode                  build/stm32f4xx_hal.o
HAL_DBGMCU_DisableDBGStopMode                     build/stm32f4xx_hal.o
HAL_DBGMCU_EnableDBGSleepMode                     build/stm32f4xx_hal.o
HAL_DBGMCU_EnableDBGStandbyMode                   build/stm32f4xx_hal.o
HAL_DBGMCU_EnableDBGStopMode                      build/stm32f4xx_hal.o
HAL_DMAEx_ChangeMemory                            build/stm32f4xx_hal_dma_ex.o
HAL_DMAEx_MultiBufferStart                        build/stm32f4xx_hal_dma_ex.o
HAL_DMAEx_MultiBufferStart_IT                     build/stm32f4xx_hal_dma_ex.o
HAL_DMA_Abort                                     build/stm32f4xx_hal_dma.o
                                                  build/stm32f4xx_hal_uart.o
HAL_DMA_Abort_IT                                  build/stm32f4xx_hal_dma.o
                                                  build/stm32f4xx_hal_uart.o
HAL_DMA_DeInit                                    build/stm32f4xx_hal_dma.o
                                                  build/stm32f4xx_hal_msp.o
HAL_DMA_GetError                                  build/stm32f4xx_hal_dma.o
                                                  build/stm32f4xx_hal_uart.o
HAL_DMA_GetState                                  build/stm32f4xx_hal_dma.o
HAL_DMA_IRQHandler                                build/stm32f4xx_hal_dma.o
                                                  build/stm32f4xx_it.o
HAL_DMA_Init                                      build/stm32f4xx_hal_dma.o
                                                  build/stm32f4xx_hal_msp.o
HAL_DMA_PollForTransfer                           build/stm32f4xx_hal_dma.o
HAL_DMA_RegisterCallback                          build/stm32f4xx_hal_dma.o
HAL_DMA_Start                                     build/stm32f4xx_hal_dma.o
HAL_DMA_Start_IT                                  build/stm32f4xx_hal_dma.o
                                                  build/stm32f4xx_hal_uart.o
HAL_DMA_UnRegisterCallback                        build/stm32f4xx_hal_dma.o
HAL_DeInit                                        build/stm32f4xx_hal.o
HAL_Delay                                         build/stm32f4xx_hal.o
                                                  build/main.o
HAL_DisableCompensationCell                       build/stm32f4xx_hal.o
HAL_EXTI_ClearConfigLine                          build/stm32f4xx_hal_exti.o
HAL_EXTI_ClearPending                             build/stm32f4xx_hal_exti.o
HAL_EXTI_GenerateSWI                              build/stm32f4xx_hal_exti.o
HAL_EXTI_GetConfigLine                            build/stm32f4xx_hal_exti.o
HAL_EXTI_GetHandle                                build/stm32f4xx_hal_exti.o
HAL_EXTI_GetPending                               build/stm32f4xx_hal_exti.o
HAL_EXTI_IRQHandler                               build/stm32f4xx_hal_exti.o
HAL_EXTI_RegisterCallback                         build/stm32f4xx_hal_exti.o
HAL_EXTI_SetConfigLine                            build/stm32f4xx_hal_exti.o
HAL_EnableCompensationCell                        build/stm32f4xx_hal.o
HAL_FLASHEx_Erase                                 build/stm32f4xx_hal_flash_ex.o
HAL_FLASHEx_Erase_IT                              build/stm32f4xx_hal_flash_ex.o
HAL_FLASHEx_OBGetConfig                           build/stm32f4xx_hal_flash_ex.o
HAL_FLASHEx_OBProgram                             build/stm32f4xx_hal_flash_ex.o
HAL_FLASH_EndOfOperationCallback                  build/stm32f4xx_hal_flash.o
HAL_FLASH_GetError                                build/stm32f4xx_hal_flash.o
HAL_FLASH_IRQHandler                              build/stm32f4xx_hal_flash.o
HAL_FLASH_Lock                                    build/stm32f4xx_hal_flash.o
HAL_FLASH_OB_Launch                               build/stm32f4xx_hal_flash.o
HAL_FLASH_OB_Lock                                 build/stm32f4xx_hal_flash.o
HAL_FLASH_OB_Unlock                               build/stm32f4xx_hal_flash.o
HAL_FLASH_OperationErrorCallback                  build/stm32f4xx_hal_flash.o
HAL_FLASH_Program                                 build/stm32f4xx_hal_flash.o
HAL_FLASH_Program_IT                              build/stm32f4xx_hal_flash.o
HAL_FLASH_Unlock                                  build/stm32f4xx_hal_flash.o
HAL_GPIO_DeInit                                   build/stm32f4xx_hal_gpio.o
                                                  build/stm32f4xx_hal_msp.o
HAL_GPIO_EXTI_Callback                            build/stm32f4xx_hal_gpio.o
HAL_GPIO_EXTI_IRQHandler                          build/stm32f4xx_hal_gpio.o
HAL_GPIO_Init                                     build/stm32f4xx_hal_gpio.o
                                                  build/stm32f4xx_hal_rcc.o
                                                  build/stm32f4xx_hal_msp.o
                                                  build/main.o
HAL_GPIO_LockPin                                  build/stm32f4xx_hal_gpio.o
HAL_GPIO_ReadPin                                  build/stm32f4xx_hal_gpio.o
HAL_GPIO_TogglePin                                build/stm32f4xx_hal_gpio.o
                                                  build/main.o
HAL_GPIO_WritePin                                 build/stm32f4xx_hal_gpio.o
                                                  build/main.o
HAL_GetDEVID                                      build/stm32f4xx_hal.o
HAL_GetHalVersion                                 build/stm32f4xx_hal.o
HAL_GetREVID                                      build/stm32f4xx_hal.o
HAL_GetTick                                       build/stm32f4xx_hal.o
                                                  build/stm32f4xx_hal_uart.o
                                                  build/stm32f4xx_hal_can.o
                                                  build/stm32f4xx_hal_pwr_ex.o
                                                  build/stm32f4xx_hal_dma.o
                                                  build/stm32f4xx_hal_flash.o
                                                  build/stm32f4xx_hal_rcc_ex.o
                                                  build/stm32f4xx_hal_rcc.o
                                                  build/main.o
HAL_GetTickFreq                                   build/stm32f4xx_hal.o
HAL_GetTickPrio                                   build/stm32f4xx_hal.o
HAL_GetUIDw0                                      build/stm32f4xx_hal.o
HAL_GetUIDw1                                      build/stm32f4xx_hal.o
HAL_GetUIDw2                                      build/stm32f4xx_hal.o
HAL_HalfDuplex_EnableReceiver                     build/stm32f4xx_hal_uart.o
HAL_HalfDuplex_EnableTransmitter                  build/stm32f4xx_hal_uart.o
HAL_HalfDuplex_Init                               build/stm32f4xx_hal_uart.o
HAL_IncTick                                       build/stm32f4xx_hal.o
                                                  build/stm32f4xx_it.o
HAL_Init                                          build/stm32f4xx_hal.o
                                                  build/main.o
HAL_InitTick                                      build/stm32f4xx_hal.o
                                                  build/stm32f4xx_hal_rcc_ex.o
                                                  build/stm32f4xx_hal_rcc.o
HAL_LIN_Init                                      build/stm32f4xx_hal_uart.o
HAL_LIN_SendBreak                                 build/stm32f4xx_hal_uart.o
HAL_MPU_ConfigRegion                              build/stm32f4xx_hal_cortex.o
HAL_MPU_Disable                                   build/stm32f4xx_hal_cortex.o
HAL_MPU_DisableRegion                             build/stm32f4xx_hal_cortex.o
HAL_MPU_Enable                                    build/stm32f4xx_hal_cortex.o
HAL_MPU_EnableRegion                              build/stm32f4xx_hal_cortex.o
HAL_MspDeInit                                     build/stm32f4xx_hal.o
HAL_MspInit                                       build/stm32f4xx_hal_msp.o
HAL_MultiProcessor_EnterMuteMode                  build/stm32f4xx_hal_uart.o
HAL_MultiProcessor_ExitMuteMode                   build/stm32f4xx_hal_uart.o
HAL_MultiProcessor_Init                           build/stm32f4xx_hal_uart.o
HAL_NVIC_ClearPendingIRQ                          build/stm32f4xx_hal_cortex.o
HAL_NVIC_DisableIRQ                               build/stm32f4xx_hal_cortex.o
                                                  build/stm32f4xx_hal_msp.o
HAL_NVIC_EnableIRQ                                build/stm32f4xx_hal_cortex.o
                                                  build/stm32f4xx_hal_msp.o
                                                  build/main.o
HAL_NVIC_GetActive                                build/stm32f4xx_hal_cortex.o
HAL_NVIC_GetPendingIRQ                            build/stm32f4xx_hal_cortex.o
HAL_NVIC_GetPriority                              build/stm32f4xx_hal_cortex.o
HAL_NVIC_GetPriorityGrouping                      build/stm32f4xx_hal_cortex.o
HAL_NVIC_SetPendingIRQ                            build/stm32f4xx_hal_cortex.o
HAL_NVIC_SetPriority                              build/stm32f4xx_hal_cortex.o
                                                  build/stm32f4xx_hal.o
                                                  build/stm32f4xx_hal_msp.o
                                                  build/main.o
HAL_NVIC_SetPriorityGrouping                      build/stm32f4xx_hal_cortex.o
                                                  build/stm32f4xx_hal.o
HAL_NVIC_SystemReset                              build/stm32f4xx_hal_cortex.o
HAL_PWREx_ControlVoltageScaling                   build/stm32f4xx_hal_pwr_ex.o
HAL_PWREx_DisableBkUpReg                          build/stm32f4xx_hal_pwr_ex.o
HAL_PWREx_DisableFlashPowerDown                   build/stm32f4xx_hal_pwr_ex.o
HAL_PWREx_EnableBkUpReg                           build/stm32f4xx_hal_pwr_ex.o
HAL_PWREx_EnableFlashPowerDown                    build/stm32f4xx_hal_pwr_ex.o
HAL_PWREx_GetVoltageRange                         build/stm32f4xx_hal_pwr_ex.o
HAL_PWR_ConfigPVD                                 build/stm32f4xx_hal_pwr.o
HAL_PWR_DeInit                                    build/stm32f4xx_hal_pwr.o
HAL_PWR_DisableBkUpAccess                         build/stm32f4xx_hal_pwr.o
HAL_PWR_DisablePVD                                build/stm32f4xx_hal_pwr.o
HAL_PWR_DisableSEVOnPend                          build/stm32f4xx_hal_pwr.o
HAL_PWR_DisableSleepOnExit                        build/stm32f4xx_hal_pwr.o
HAL_PWR_DisableWakeUpPin                          build/stm32f4xx_hal_pwr.o
HAL_PWR_EnableBkUpAccess                          build/stm32f4xx_hal_pwr.o
HAL_PWR_EnablePVD                                 build/stm32f4xx_hal_pwr.o
HAL_PWR_EnableSEVOnPend                           build/stm32f4xx_hal_pwr.o
HAL_PWR_EnableSleepOnExit                         build/stm32f4xx_hal_pwr.o
HAL_PWR_EnableWakeUpPin                           build/stm32f4xx_hal_pwr.o
HAL_PWR_EnterSLEEPMode                            build/stm32f4xx_hal_pwr.o
HAL_PWR_EnterSTANDBYMode                          build/stm32f4xx_hal_pwr.o
HAL_PWR_EnterSTOPMode                             build/stm32f4xx_hal_pwr.o
HAL_PWR_PVDCallback                               build/stm32f4xx_hal_pwr.o
HAL_PWR_PVD_IRQHandler                            build/stm32f4xx_hal_pwr.o
HAL_RCCEx_DisablePLLI2S                           build/stm32f4xx_hal_rcc_ex.o
HAL_RCCEx_EnablePLLI2S                            build/stm32f4xx_hal_rcc_ex.o
HAL_RCCEx_GetPeriphCLKConfig                      build/stm32f4xx_hal_rcc_ex.o
HAL_RCCEx_GetPeriphCLKFreq                        build/stm32f4xx_hal_rcc_ex.o
HAL_RCCEx_PeriphCLKConfig                         build/stm32f4xx_hal_rcc_ex.o
HAL_RCC_CSSCallback                               build/stm32f4xx_hal_rcc.o
HAL_RCC_ClockConfig                               build/stm32f4xx_hal_rcc.o
                                                  build/main.o
HAL_RCC_DeInit                                    build/stm32f4xx_hal_rcc_ex.o
                                                  build/stm32f4xx_hal_rcc.o
HAL_RCC_DisableCSS                                build/stm32f4xx_hal_rcc.o
HAL_RCC_EnableCSS                                 build/stm32f4xx_hal_rcc.o
HAL_RCC_GetClockConfig                            build/stm32f4xx_hal_rcc.o
HAL_RCC_GetHCLKFreq                               build/stm32f4xx_hal_rcc.o
HAL_RCC_GetOscConfig                              build/stm32f4xx_hal_rcc.o
HAL_RCC_GetPCLK1Freq                              build/stm32f4xx_hal_rcc.o
                                                  build/stm32f4xx_hal_uart.o
HAL_RCC_GetPCLK2Freq                              build/stm32f4xx_hal_rcc.o
                                                  build/stm32f4xx_hal_uart.o
HAL_RCC_GetSysClockFreq                           build/stm32f4xx_hal_rcc.o
HAL_RCC_MCOConfig                                 build/stm32f4xx_hal_rcc.o
HAL_RCC_NMI_IRQHandler                            build/stm32f4xx_hal_rcc.o
HAL_RCC_OscConfig                                 build/stm32f4xx_hal_rcc.o
                                                  build/main.o
HAL_ResumeTick                                    build/stm32f4xx_hal.o
HAL_SYSTICK_CLKSourceConfig                       build/stm32f4xx_hal_cortex.o
HAL_SYSTICK_Callback                              build/stm32f4xx_hal_cortex.o
HAL_SYSTICK_Config                                build/stm32f4xx_hal_cortex.o
                                                  build/stm32f4xx_hal.o
HAL_SYSTICK_IRQHandler                            build/stm32f4xx_hal_cortex.o
HAL_SetTickFreq                                   build/stm32f4xx_hal.o
HAL_SuspendTick                                   build/stm32f4xx_hal.o
HAL_UARTEx_GetRxEventType                         build/stm32f4xx_hal_uart.o
HAL_UARTEx_ReceiveToIdle                          build/stm32f4xx_hal_uart.o
HAL_UARTEx_ReceiveToIdle_DMA                      build/stm32f4xx_hal_uart.o
                                                  build/main.o
HAL_UARTEx_ReceiveToIdle_IT                       build/stm32f4xx_hal_uart.o
HAL_UARTEx_RxEventCallback                        build/main.o
HAL_UART_Abort                                    build/stm32f4xx_hal_uart.o
HAL_UART_AbortCpltCallback                        build/stm32f4xx_hal_uart.o
HAL_UART_AbortReceive                             build/stm32f4xx_hal_uart.o
HAL_UART_AbortReceiveCpltCallback                 build/stm32f4xx_hal_uart.o
HAL_UART_AbortReceive_IT                          build/stm32f4xx_hal_uart.o
HAL_UART_AbortTransmit                            build/stm32f4xx_hal_uart.o
HAL_UART_AbortTransmitCpltCallback                build/stm32f4xx_hal_uart.o
HAL_UART_AbortTransmit_IT                         build/stm32f4xx_hal_uart.o
HAL_UART_Abort_IT                                 build/stm32f4xx_hal_uart.o
HAL_UART_DMAPause                                 build/stm32f4xx_hal_uart.o
HAL_UART_DMAResume                                build/stm32f4xx_hal_uart.o
HAL_UART_DMAStop                                  build/stm32f4xx_hal_uart.o
HAL_UART_DeInit                                   build/stm32f4xx_hal_uart.o
HAL_UART_ErrorCallback                            build/main.o
HAL_UART_GetError                                 build/stm32f4xx_hal_uart.o
HAL_UART_GetState                                 build/stm32f4xx_hal_uart.o
HAL_UART_IRQHandler                               build/stm32f4xx_hal_uart.o
                                                  build/stm32f4xx_it.o
HAL_UART_Init                                     build/stm32f4xx_hal_uart.o
                                                  build/main.o
HAL_UART_MspDeInit                                build/stm32f4xx_hal_msp.o
HAL_UART_MspInit                                  build/stm32f4xx_hal_msp.o
HAL_UART_Receive                                  build/stm32f4xx_hal_uart.o
HAL_UART_Receive_DMA                              build/stm32f4xx_hal_uart.o
HAL_UART_Receive_IT                               build/stm32f4xx_hal_uart.o
HAL_UART_RxCpltCallback                           build/stm32f4xx_hal_uart.o
HAL_UART_RxHalfCpltCallback                       build/stm32f4xx_hal_uart.o
HAL_UART_Transmit                                 build/stm32f4xx_hal_uart.o
HAL_UART_Transmit_DMA                             build/stm32f4xx_hal_uart.o
                                                  build/main.o
HAL_UART_Transmit_IT                              build/stm32f4xx_hal_uart.o
HAL_UART_TxCpltCallback                           build/stm32f4xx_hal_uart.o
HAL_UART_TxHalfCpltCallback                       build/stm32f4xx_hal_uart.o
HASH_RNG_IRQHandler                               build/startup_stm32f407xx.o
HardFault_Handler                                 build/stm32f4xx_it.o
I2C1_ER_IRQHandler                                build/startup_stm32f407xx.o
I2C1_EV_IRQHandler                                build/startup_stm32f407xx.o
I2C2_ER_IRQHandler                                build/startup_stm32f407xx.o
I2C2_EV_IRQHandler                                build/startup_stm32f407xx.o
I2C3_ER_IRQHandler                                build/startup_stm32f407xx.o
I2C3_EV_IRQHandler                                build/startup_stm32f407xx.o
MOTOR1_CURRENT                                    build/main.o
MemManage_Handler                                 build/stm32f4xx_it.o
NMI_Handler                                       build/stm32f4xx_it.o
OTG_FS_IRQHandler                                 build/startup_stm32f407xx.o
OTG_FS_WKUP_IRQHandler                            build/startup_stm32f407xx.o
OTG_HS_EP1_IN_IRQHandler                          build/startup_stm32f407xx.o
OTG_HS_EP1_OUT_IRQHandler                         build/startup_stm32f407xx.o
OTG_HS_IRQHandler                                 build/startup_stm32f407xx.o
OTG_HS_WKUP_IRQHandler                            build/startup_stm32f407xx.o
PVD_IRQHandler                                    build/startup_stm32f407xx.o
PendSV_Handler                                    build/stm32f4xx_it.o
RCC_IRQHandler                                    build/startup_stm32f407xx.o
RC_is_offline                                     build/main.o
RTC_Alarm_IRQHandler                              build/startup_stm32f407xx.o
RTC_WKUP_IRQHandler                               build/startup_stm32f407xx.o
Reset_Handler                                     build/startup_stm32f407xx.o
RxCount                                           build/main.o
RxCount4                                          build/main.o
RxCurrent                                         build/main.o
RxCurrent4                                        build/main.o
RxData                                            build/main.o
RxEcd                                             build/main.o
RxEcd4                                            build/main.o
RxLastTick                                        build/main.o
RxSpeed                                           build/main.o
RxSpeed4                                          build/main.o
RxStdId                                           build/main.o
RxTemp                                            build/main.o
RxTemp4                                           build/main.o
SDIO_IRQHandler                                   build/startup_stm32f407xx.o
SPI1_IRQHandler                                   build/startup_stm32f407xx.o
SPI2_IRQHandler                                   build/startup_stm32f407xx.o
SPI3_IRQHandler                                   build/startup_stm32f407xx.o
SVC_Handler                                       build/stm32f4xx_it.o
SysTick_Handler                                   build/stm32f4xx_it.o
SystemClock_Config                                build/main.o
SystemCoreClock                                   build/system_stm32f4xx.o
                                                  build/stm32f4xx_hal.o
                                                  build/stm32f4xx_hal_dma.o
                                                  build/stm32f4xx_hal_rcc_ex.o
                                                  build/stm32f4xx_hal_rcc.o
SystemCoreClockUpdate                             build/system_stm32f4xx.o
SystemInit                                        build/system_stm32f4xx.o
                                                  build/startup_stm32f407xx.o
TAMP_STAMP_IRQHandler                             build/startup_stm32f407xx.o
TIM1_BRK_TIM9_IRQHandler                          build/startup_stm32f407xx.o
TIM1_CC_IRQHandler                                build/startup_stm32f407xx.o
TIM1_TRG_COM_TIM11_IRQHandler                     build/startup_stm32f407xx.o
TIM1_UP_TIM10_IRQHandler                          build/startup_stm32f407xx.o
TIM2_IRQHandler                                   build/startup_stm32f407xx.o
TIM3_IRQHandler                                   build/startup_stm32f407xx.o
TIM4_IRQHandler                                   build/startup_stm32f407xx.o
TIM5_IRQHandler                                   build/startup_stm32f407xx.o
TIM6_DAC_IRQHandler                               build/startup_stm32f407xx.o
TIM7_IRQHandler                                   build/startup_stm32f407xx.o
TIM8_BRK_TIM12_IRQHandler                         build/startup_stm32f407xx.o
TIM8_CC_IRQHandler                                build/startup_stm32f407xx.o
TIM8_TRG_COM_TIM14_IRQHandler                     build/startup_stm32f407xx.o
TIM8_UP_TIM13_IRQHandler                          build/startup_stm32f407xx.o
TxData                                            build/main.o
TxHeader                                          build/main.o
UART4_IRQHandler                                  build/startup_stm32f407xx.o
UART5_IRQHandler                                  build/startup_stm32f407xx.o
UART_Start_Receive_DMA                            build/stm32f4xx_hal_uart.o
UART_Start_Receive_IT                             build/stm32f4xx_hal_uart.o
USART1_IRQHandler                                 build/stm32f4xx_it.o
USART2_IRQHandler                                 build/startup_stm32f407xx.o
USART3_IRQHandler                                 build/stm32f4xx_it.o
USART6_IRQHandler                                 build/startup_stm32f407xx.o
UsageFault_Handler                                build/stm32f4xx_it.o
WWDG_IRQHandler                                   build/startup_stm32f407xx.o
_ITM_deregisterTMCloneTable                       /Applications/ArmGNUToolchain/13.3.rel1/arm-none-eabi/bin/../lib/gcc/arm-none-eabi/13.3.1/thumb/v7e-m+fp/hard/crtbegin.o
_ITM_registerTMCloneTable                         /Applications/ArmGNUToolchain/13.3.rel1/arm-none-eabi/bin/../lib/gcc/arm-none-eabi/13.3.1/thumb/v7e-m+fp/hard/crtbegin.o