ARM GAS  /var/folders/cb/95_27lz12970lmkr4d7n44dm0000gn/T//ccgHrmCx.s 			page 1


   1              		.cpu cortex-m4
   2              		.arch armv7e-m
   3              		.fpu fpv4-sp-d16
   4              		.eabi_attribute 27, 1
   5              		.eabi_attribute 28, 1
   6              		.eabi_attribute 20, 1
   7              		.eabi_attribute 21, 1
   8              		.eabi_attribute 23, 3
   9              		.eabi_attribute 24, 1
  10              		.eabi_attribute 25, 1
  11              		.eabi_attribute 26, 1
  12              		.eabi_attribute 30, 1
  13              		.eabi_attribute 34, 1
  14              		.eabi_attribute 18, 4
  15              		.file	"stm32f4xx_hal_msp.c"
  16              		.text
  17              	.Ltext0:
  18              		.cfi_sections	.debug_frame
  19              		.file 1 "Core/Src/stm32f4xx_hal_msp.c"
  20              		.section	.text.HAL_MspInit,"ax",%progbits
  21              		.align	1
  22              		.global	HAL_MspInit
  23              		.syntax unified
  24              		.thumb
  25              		.thumb_func
  27              	HAL_MspInit:
  28              	.LFB134:
   1:Core/Src/stm32f4xx_hal_msp.c **** /* USER CODE BEGIN Header */
   2:Core/Src/stm32f4xx_hal_msp.c **** /**
   3:Core/Src/stm32f4xx_hal_msp.c ****   ******************************************************************************
   4:Core/Src/stm32f4xx_hal_msp.c ****   * @file         stm32f4xx_hal_msp.c
   5:Core/Src/stm32f4xx_hal_msp.c ****   * @brief        This file provides code for the MSP Initialization
   6:Core/Src/stm32f4xx_hal_msp.c ****   *               and de-Initialization codes.
   7:Core/Src/stm32f4xx_hal_msp.c ****   ******************************************************************************
   8:Core/Src/stm32f4xx_hal_msp.c ****   * @attention
   9:Core/Src/stm32f4xx_hal_msp.c ****   *
  10:Core/Src/stm32f4xx_hal_msp.c ****   * Copyright (c) 2026 STMicroelectronics.
  11:Core/Src/stm32f4xx_hal_msp.c ****   * All rights reserved.
  12:Core/Src/stm32f4xx_hal_msp.c ****   *
  13:Core/Src/stm32f4xx_hal_msp.c ****   * This software is licensed under terms that can be found in the LICENSE file
  14:Core/Src/stm32f4xx_hal_msp.c ****   * in the root directory of this software component.
  15:Core/Src/stm32f4xx_hal_msp.c ****   * If no LICENSE file comes with this software, it is provided AS-IS.
  16:Core/Src/stm32f4xx_hal_msp.c ****   *
  17:Core/Src/stm32f4xx_hal_msp.c ****   ******************************************************************************
  18:Core/Src/stm32f4xx_hal_msp.c ****   */
  19:Core/Src/stm32f4xx_hal_msp.c **** /* USER CODE END Header */
  20:Core/Src/stm32f4xx_hal_msp.c **** /* Includes ------------------------------------------------------------------*/
  21:Core/Src/stm32f4xx_hal_msp.c **** #include "main.h"
  22:Core/Src/stm32f4xx_hal_msp.c **** /* USER CODE BEGIN Includes */
  23:Core/Src/stm32f4xx_hal_msp.c **** 
  24:Core/Src/stm32f4xx_hal_msp.c **** /* USER CODE END Includes */
  25:Core/Src/stm32f4xx_hal_msp.c **** extern DMA_HandleTypeDef hdma_usart1_tx;
  26:Core/Src/stm32f4xx_hal_msp.c **** 
  27:Core/Src/stm32f4xx_hal_msp.c **** extern DMA_HandleTypeDef hdma_usart3_rx;
  28:Core/Src/stm32f4xx_hal_msp.c **** 
  29:Core/Src/stm32f4xx_hal_msp.c **** /* Private typedef -----------------------------------------------------------*/
  30:Core/Src/stm32f4xx_hal_msp.c **** /* USER CODE BEGIN TD */
ARM GAS  /var/folders/cb/95_27lz12970lmkr4d7n44dm0000gn/T//ccgHrmCx.s 			page 2


  31:Core/Src/stm32f4xx_hal_msp.c **** 
  32:Core/Src/stm32f4xx_hal_msp.c **** /* USER CODE END TD */
  33:Core/Src/stm32f4xx_hal_msp.c **** 
  34:Core/Src/stm32f4xx_hal_msp.c **** /* Private define ------------------------------------------------------------*/
  35:Core/Src/stm32f4xx_hal_msp.c **** /* USER CODE BEGIN Define */
  36:Core/Src/stm32f4xx_hal_msp.c **** 
  37:Core/Src/stm32f4xx_hal_msp.c **** /* USER CODE END Define */
  38:Core/Src/stm32f4xx_hal_msp.c **** 
  39:Core/Src/stm32f4xx_hal_msp.c **** /* Private macro -------------------------------------------------------------*/
  40:Core/Src/stm32f4xx_hal_msp.c **** /* USER CODE BEGIN Macro */
  41:Core/Src/stm32f4xx_hal_msp.c **** 
  42:Core/Src/stm32f4xx_hal_msp.c **** /* USER CODE END Macro */
  43:Core/Src/stm32f4xx_hal_msp.c **** 
  44:Core/Src/stm32f4xx_hal_msp.c **** /* Private variables ---------------------------------------------------------*/
  45:Core/Src/stm32f4xx_hal_msp.c **** /* USER CODE BEGIN PV */
  46:Core/Src/stm32f4xx_hal_msp.c **** 
  47:Core/Src/stm32f4xx_hal_msp.c **** /* USER CODE END PV */
  48:Core/Src/stm32f4xx_hal_msp.c **** 
  49:Core/Src/stm32f4xx_hal_msp.c **** /* Private function prototypes -----------------------------------------------*/
  50:Core/Src/stm32f4xx_hal_msp.c **** /* USER CODE BEGIN PFP */
  51:Core/Src/stm32f4xx_hal_msp.c **** 
  52:Core/Src/stm32f4xx_hal_msp.c **** /* USER CODE END PFP */
  53:Core/Src/stm32f4xx_hal_msp.c **** 
  54:Core/Src/stm32f4xx_hal_msp.c **** /* External functions --------------------------------------------------------*/
  55:Core/Src/stm32f4xx_hal_msp.c **** /* USER CODE BEGIN ExternalFunctions */
  56:Core/Src/stm32f4xx_hal_msp.c **** 
  57:Core/Src/stm32f4xx_hal_msp.c **** /* USER CODE END ExternalFunctions */
  58:Core/Src/stm32f4xx_hal_msp.c **** 
  59:Core/Src/stm32f4xx_hal_msp.c **** /* USER CODE BEGIN 0 */
  60:Core/Src/stm32f4xx_hal_msp.c **** 
  61:Core/Src/stm32f4xx_hal_msp.c **** /* USER CODE END 0 */
  62:Core/Src/stm32f4xx_hal_msp.c **** /**
  63:Core/Src/stm32f4xx_hal_msp.c ****   * Initializes the Global MSP.
  64:Core/Src/stm32f4xx_hal_msp.c ****   */
  65:Core/Src/stm32f4xx_hal_msp.c **** void HAL_MspInit(void)
  66:Core/Src/stm32f4xx_hal_msp.c **** {
  29              		.loc 1 66 1 view -0
  30              		.cfi_startproc
  31              		@ args = 0, pretend = 0, frame = 8
  32              		@ frame_needed = 0, uses_anonymous_args = 0
  33              		@ link register save eliminated.
  34 0000 82B0     		sub	sp, sp, #8
  35              	.LCFI0:
  36              		.cfi_def_cfa_offset 8
  67:Core/Src/stm32f4xx_hal_msp.c **** 
  68:Core/Src/stm32f4xx_hal_msp.c ****   /* USER CODE BEGIN MspInit 0 */
  69:Core/Src/stm32f4xx_hal_msp.c **** 
  70:Core/Src/stm32f4xx_hal_msp.c ****   /* USER CODE END MspInit 0 */
  71:Core/Src/stm32f4xx_hal_msp.c **** 
  72:Core/Src/stm32f4xx_hal_msp.c ****   __HAL_RCC_SYSCFG_CLK_ENABLE();
  37              		.loc 1 72 3 view .LVU1
  38              	.LBB2:
  39              		.loc 1 72 3 view .LVU2
  40 0002 0021     		movs	r1, #0
  41 0004 0091     		str	r1, [sp]
  42              		.loc 1 72 3 view .LVU3
  43 0006 0B4B     		ldr	r3, .L3
ARM GAS  /var/folders/cb/95_27lz12970lmkr4d7n44dm0000gn/T//ccgHrmCx.s 			page 3


  44 0008 5A6C     		ldr	r2, [r3, #68]
  45 000a 42F48042 		orr	r2, r2, #16384
  46 000e 5A64     		str	r2, [r3, #68]
  47              		.loc 1 72 3 view .LVU4
  48 0010 5A6C     		ldr	r2, [r3, #68]
  49 0012 02F48042 		and	r2, r2, #16384
  50 0016 0092     		str	r2, [sp]
  51              		.loc 1 72 3 view .LVU5
  52 0018 009A     		ldr	r2, [sp]
  53              	.LBE2:
  54              		.loc 1 72 3 view .LVU6
  73:Core/Src/stm32f4xx_hal_msp.c ****   __HAL_RCC_PWR_CLK_ENABLE();
  55              		.loc 1 73 3 view .LVU7
  56              	.LBB3:
  57              		.loc 1 73 3 view .LVU8
  58 001a 0191     		str	r1, [sp, #4]
  59              		.loc 1 73 3 view .LVU9
  60 001c 1A6C     		ldr	r2, [r3, #64]
  61 001e 42F08052 		orr	r2, r2, #268435456
  62 0022 1A64     		str	r2, [r3, #64]
  63              		.loc 1 73 3 view .LVU10
  64 0024 1B6C     		ldr	r3, [r3, #64]
  65 0026 03F08053 		and	r3, r3, #268435456
  66 002a 0193     		str	r3, [sp, #4]
  67              		.loc 1 73 3 view .LVU11
  68 002c 019B     		ldr	r3, [sp, #4]
  69              	.LBE3:
  70              		.loc 1 73 3 view .LVU12
  74:Core/Src/stm32f4xx_hal_msp.c **** 
  75:Core/Src/stm32f4xx_hal_msp.c ****   /* System interrupt init*/
  76:Core/Src/stm32f4xx_hal_msp.c **** 
  77:Core/Src/stm32f4xx_hal_msp.c ****   /* USER CODE BEGIN MspInit 1 */
  78:Core/Src/stm32f4xx_hal_msp.c **** 
  79:Core/Src/stm32f4xx_hal_msp.c ****   /* USER CODE END MspInit 1 */
  80:Core/Src/stm32f4xx_hal_msp.c **** }
  71              		.loc 1 80 1 is_stmt 0 view .LVU13
  72 002e 02B0     		add	sp, sp, #8
  73              	.LCFI1:
  74              		.cfi_def_cfa_offset 0
  75              		@ sp needed
  76 0030 7047     		bx	lr
  77              	.L4:
  78 0032 00BF     		.align	2
  79              	.L3:
  80 0034 00380240 		.word	1073887232
  81              		.cfi_endproc
  82              	.LFE134:
  84              		.section	.text.HAL_UART_MspInit,"ax",%progbits
  85              		.align	1
  86              		.global	HAL_UART_MspInit
  87              		.syntax unified
  88              		.thumb
  89              		.thumb_func
  91              	HAL_UART_MspInit:
  92              	.LVL0:
  93              	.LFB135:
  81:Core/Src/stm32f4xx_hal_msp.c **** 
ARM GAS  /var/folders/cb/95_27lz12970lmkr4d7n44dm0000gn/T//ccgHrmCx.s 			page 4


  82:Core/Src/stm32f4xx_hal_msp.c **** /**
  83:Core/Src/stm32f4xx_hal_msp.c ****   * @brief UART MSP Initialization
  84:Core/Src/stm32f4xx_hal_msp.c ****   * This function configures the hardware resources used in this example
  85:Core/Src/stm32f4xx_hal_msp.c ****   * @param huart: UART handle pointer
  86:Core/Src/stm32f4xx_hal_msp.c ****   * @retval None
  87:Core/Src/stm32f4xx_hal_msp.c ****   */
  88:Core/Src/stm32f4xx_hal_msp.c **** void HAL_UART_MspInit(UART_HandleTypeDef* huart)
  89:Core/Src/stm32f4xx_hal_msp.c **** {
  94              		.loc 1 89 1 is_stmt 1 view -0
  95              		.cfi_startproc
  96              		@ args = 0, pretend = 0, frame = 40
  97              		@ frame_needed = 0, uses_anonymous_args = 0
  98              		.loc 1 89 1 is_stmt 0 view .LVU15
  99 0000 30B5     		push	{r4, r5, lr}
 100              	.LCFI2:
 101              		.cfi_def_cfa_offset 12
 102              		.cfi_offset 4, -12
 103              		.cfi_offset 5, -8
 104              		.cfi_offset 14, -4
 105 0002 8BB0     		sub	sp, sp, #44
 106              	.LCFI3:
 107              		.cfi_def_cfa_offset 56
 108 0004 0446     		mov	r4, r0
  90:Core/Src/stm32f4xx_hal_msp.c ****   GPIO_InitTypeDef GPIO_InitStruct = {0};
 109              		.loc 1 90 3 is_stmt 1 view .LVU16
 110              		.loc 1 90 20 is_stmt 0 view .LVU17
 111 0006 0023     		movs	r3, #0
 112 0008 0593     		str	r3, [sp, #20]
 113 000a 0693     		str	r3, [sp, #24]
 114 000c 0793     		str	r3, [sp, #28]
 115 000e 0893     		str	r3, [sp, #32]
 116 0010 0993     		str	r3, [sp, #36]
  91:Core/Src/stm32f4xx_hal_msp.c ****   if(huart->Instance==USART1)
 117              		.loc 1 91 3 is_stmt 1 view .LVU18
 118              		.loc 1 91 11 is_stmt 0 view .LVU19
 119 0012 0368     		ldr	r3, [r0]
 120              		.loc 1 91 5 view .LVU20
 121 0014 4A4A     		ldr	r2, .L15
 122 0016 9342     		cmp	r3, r2
 123 0018 04D0     		beq	.L11
  92:Core/Src/stm32f4xx_hal_msp.c ****   {
  93:Core/Src/stm32f4xx_hal_msp.c ****     /* USER CODE BEGIN USART1_MspInit 0 */
  94:Core/Src/stm32f4xx_hal_msp.c **** 
  95:Core/Src/stm32f4xx_hal_msp.c ****     /* USER CODE END USART1_MspInit 0 */
  96:Core/Src/stm32f4xx_hal_msp.c ****     /* Peripheral clock enable */
  97:Core/Src/stm32f4xx_hal_msp.c ****     __HAL_RCC_USART1_CLK_ENABLE();
  98:Core/Src/stm32f4xx_hal_msp.c **** 
  99:Core/Src/stm32f4xx_hal_msp.c ****     __HAL_RCC_GPIOB_CLK_ENABLE();
 100:Core/Src/stm32f4xx_hal_msp.c ****     /**USART1 GPIO Configuration
 101:Core/Src/stm32f4xx_hal_msp.c ****     PB7     ------> USART1_RX
 102:Core/Src/stm32f4xx_hal_msp.c ****     PB6     ------> USART1_TX
 103:Core/Src/stm32f4xx_hal_msp.c ****     */
 104:Core/Src/stm32f4xx_hal_msp.c ****     GPIO_InitStruct.Pin = GPIO_PIN_7|GPIO_PIN_6;
 105:Core/Src/stm32f4xx_hal_msp.c ****     GPIO_InitStruct.Mode = GPIO_MODE_AF_PP;
 106:Core/Src/stm32f4xx_hal_msp.c ****     GPIO_InitStruct.Pull = GPIO_NOPULL;
 107:Core/Src/stm32f4xx_hal_msp.c ****     GPIO_InitStruct.Speed = GPIO_SPEED_FREQ_VERY_HIGH;
 108:Core/Src/stm32f4xx_hal_msp.c ****     GPIO_InitStruct.Alternate = GPIO_AF7_USART1;
ARM GAS  /var/folders/cb/95_27lz12970lmkr4d7n44dm0000gn/T//ccgHrmCx.s 			page 5


 109:Core/Src/stm32f4xx_hal_msp.c ****     HAL_GPIO_Init(GPIOB, &GPIO_InitStruct);
 110:Core/Src/stm32f4xx_hal_msp.c **** 
 111:Core/Src/stm32f4xx_hal_msp.c ****     /* USART1 DMA Init */
 112:Core/Src/stm32f4xx_hal_msp.c ****     /* USART1_TX Init */
 113:Core/Src/stm32f4xx_hal_msp.c ****     hdma_usart1_tx.Instance = DMA2_Stream7;
 114:Core/Src/stm32f4xx_hal_msp.c ****     hdma_usart1_tx.Init.Channel = DMA_CHANNEL_4;
 115:Core/Src/stm32f4xx_hal_msp.c ****     hdma_usart1_tx.Init.Direction = DMA_MEMORY_TO_PERIPH;
 116:Core/Src/stm32f4xx_hal_msp.c ****     hdma_usart1_tx.Init.PeriphInc = DMA_PINC_DISABLE;
 117:Core/Src/stm32f4xx_hal_msp.c ****     hdma_usart1_tx.Init.MemInc = DMA_MINC_ENABLE;
 118:Core/Src/stm32f4xx_hal_msp.c ****     hdma_usart1_tx.Init.PeriphDataAlignment = DMA_PDATAALIGN_BYTE;
 119:Core/Src/stm32f4xx_hal_msp.c ****     hdma_usart1_tx.Init.MemDataAlignment = DMA_MDATAALIGN_BYTE;
 120:Core/Src/stm32f4xx_hal_msp.c ****     hdma_usart1_tx.Init.Mode = DMA_NORMAL;
 121:Core/Src/stm32f4xx_hal_msp.c ****     hdma_usart1_tx.Init.Priority = DMA_PRIORITY_VERY_HIGH;
 122:Core/Src/stm32f4xx_hal_msp.c ****     hdma_usart1_tx.Init.FIFOMode = DMA_FIFOMODE_DISABLE;
 123:Core/Src/stm32f4xx_hal_msp.c ****     if (HAL_DMA_Init(&hdma_usart1_tx) != HAL_OK)
 124:Core/Src/stm32f4xx_hal_msp.c ****     {
 125:Core/Src/stm32f4xx_hal_msp.c ****       Error_Handler();
 126:Core/Src/stm32f4xx_hal_msp.c ****     }
 127:Core/Src/stm32f4xx_hal_msp.c **** 
 128:Core/Src/stm32f4xx_hal_msp.c ****     __HAL_LINKDMA(huart,hdmatx,hdma_usart1_tx);
 129:Core/Src/stm32f4xx_hal_msp.c **** 
 130:Core/Src/stm32f4xx_hal_msp.c ****     /* USART1 interrupt Init */
 131:Core/Src/stm32f4xx_hal_msp.c ****     HAL_NVIC_SetPriority(USART1_IRQn, 0, 0);
 132:Core/Src/stm32f4xx_hal_msp.c ****     HAL_NVIC_EnableIRQ(USART1_IRQn);
 133:Core/Src/stm32f4xx_hal_msp.c ****     /* USER CODE BEGIN USART1_MspInit 1 */
 134:Core/Src/stm32f4xx_hal_msp.c **** 
 135:Core/Src/stm32f4xx_hal_msp.c ****     /* USER CODE END USART1_MspInit 1 */
 136:Core/Src/stm32f4xx_hal_msp.c ****   }
 137:Core/Src/stm32f4xx_hal_msp.c ****   else if(huart->Instance==USART3)
 124              		.loc 1 137 8 is_stmt 1 view .LVU21
 125              		.loc 1 137 10 is_stmt 0 view .LVU22
 126 001a 4A4A     		ldr	r2, .L15+4
 127 001c 9342     		cmp	r3, r2
 128 001e 48D0     		beq	.L12
 129              	.LVL1:
 130              	.L5:
 138:Core/Src/stm32f4xx_hal_msp.c ****   {
 139:Core/Src/stm32f4xx_hal_msp.c ****     /* USER CODE BEGIN USART3_MspInit 0 */
 140:Core/Src/stm32f4xx_hal_msp.c **** 
 141:Core/Src/stm32f4xx_hal_msp.c ****     /* USER CODE END USART3_MspInit 0 */
 142:Core/Src/stm32f4xx_hal_msp.c ****     /* Peripheral clock enable */
 143:Core/Src/stm32f4xx_hal_msp.c ****     __HAL_RCC_USART3_CLK_ENABLE();
 144:Core/Src/stm32f4xx_hal_msp.c **** 
 145:Core/Src/stm32f4xx_hal_msp.c ****     __HAL_RCC_GPIOC_CLK_ENABLE();
 146:Core/Src/stm32f4xx_hal_msp.c ****     /**USART3 GPIO Configuration
 147:Core/Src/stm32f4xx_hal_msp.c ****     PC11     ------> USART3_RX
 148:Core/Src/stm32f4xx_hal_msp.c ****     PC10     ------> USART3_TX
 149:Core/Src/stm32f4xx_hal_msp.c ****     */
 150:Core/Src/stm32f4xx_hal_msp.c ****     GPIO_InitStruct.Pin = GPIO_PIN_11|GPIO_PIN_10;
 151:Core/Src/stm32f4xx_hal_msp.c ****     GPIO_InitStruct.Mode = GPIO_MODE_AF_PP;
 152:Core/Src/stm32f4xx_hal_msp.c ****     GPIO_InitStruct.Pull = GPIO_NOPULL;
 153:Core/Src/stm32f4xx_hal_msp.c ****     GPIO_InitStruct.Speed = GPIO_SPEED_FREQ_VERY_HIGH;
 154:Core/Src/stm32f4xx_hal_msp.c ****     GPIO_InitStruct.Alternate = GPIO_AF7_USART3;
 155:Core/Src/stm32f4xx_hal_msp.c ****     HAL_GPIO_Init(GPIOC, &GPIO_InitStruct);
 156:Core/Src/stm32f4xx_hal_msp.c **** 
 157:Core/Src/stm32f4xx_hal_msp.c ****     /* USART3 DMA Init */
 158:Core/Src/stm32f4xx_hal_msp.c ****     /* USART3_RX Init */
ARM GAS  /var/folders/cb/95_27lz12970lmkr4d7n44dm0000gn/T//ccgHrmCx.s 			page 6


 159:Core/Src/stm32f4xx_hal_msp.c ****     hdma_usart3_rx.Instance = DMA1_Stream1;
 160:Core/Src/stm32f4xx_hal_msp.c ****     hdma_usart3_rx.Init.Channel = DMA_CHANNEL_4;
 161:Core/Src/stm32f4xx_hal_msp.c ****     hdma_usart3_rx.Init.Direction = DMA_PERIPH_TO_MEMORY;
 162:Core/Src/stm32f4xx_hal_msp.c ****     hdma_usart3_rx.Init.PeriphInc = DMA_PINC_DISABLE;
 163:Core/Src/stm32f4xx_hal_msp.c ****     hdma_usart3_rx.Init.MemInc = DMA_MINC_ENABLE;
 164:Core/Src/stm32f4xx_hal_msp.c ****     hdma_usart3_rx.Init.PeriphDataAlignment = DMA_PDATAALIGN_BYTE;
 165:Core/Src/stm32f4xx_hal_msp.c ****     hdma_usart3_rx.Init.MemDataAlignment = DMA_MDATAALIGN_BYTE;
 166:Core/Src/stm32f4xx_hal_msp.c ****     hdma_usart3_rx.Init.Mode = DMA_NORMAL;
 167:Core/Src/stm32f4xx_hal_msp.c ****     hdma_usart3_rx.Init.Priority = DMA_PRIORITY_VERY_HIGH;
 168:Core/Src/stm32f4xx_hal_msp.c ****     hdma_usart3_rx.Init.FIFOMode = DMA_FIFOMODE_DISABLE;
 169:Core/Src/stm32f4xx_hal_msp.c ****     if (HAL_DMA_Init(&hdma_usart3_rx) != HAL_OK)
 170:Core/Src/stm32f4xx_hal_msp.c ****     {
 171:Core/Src/stm32f4xx_hal_msp.c ****       Error_Handler();
 172:Core/Src/stm32f4xx_hal_msp.c ****     }
 173:Core/Src/stm32f4xx_hal_msp.c **** 
 174:Core/Src/stm32f4xx_hal_msp.c ****     __HAL_LINKDMA(huart,hdmarx,hdma_usart3_rx);
 175:Core/Src/stm32f4xx_hal_msp.c **** 
 176:Core/Src/stm32f4xx_hal_msp.c ****     /* USART3 interrupt Init */
 177:Core/Src/stm32f4xx_hal_msp.c ****     HAL_NVIC_SetPriority(USART3_IRQn, 0, 0);
 178:Core/Src/stm32f4xx_hal_msp.c ****     HAL_NVIC_EnableIRQ(USART3_IRQn);
 179:Core/Src/stm32f4xx_hal_msp.c ****     /* USER CODE BEGIN USART3_MspInit 1 */
 180:Core/Src/stm32f4xx_hal_msp.c **** 
 181:Core/Src/stm32f4xx_hal_msp.c ****     /* USER CODE END USART3_MspInit 1 */
 182:Core/Src/stm32f4xx_hal_msp.c ****   }
 183:Core/Src/stm32f4xx_hal_msp.c **** 
 184:Core/Src/stm32f4xx_hal_msp.c **** }
 131              		.loc 1 184 1 view .LVU23
 132 0020 0BB0     		add	sp, sp, #44
 133              	.LCFI4:
 134              		.cfi_remember_state
 135              		.cfi_def_cfa_offset 12
 136              		@ sp needed
 137 0022 30BD     		pop	{r4, r5, pc}
 138              	.LVL2:
 139              	.L11:
 140              	.LCFI5:
 141              		.cfi_restore_state
  97:Core/Src/stm32f4xx_hal_msp.c **** 
 142              		.loc 1 97 5 is_stmt 1 view .LVU24
 143              	.LBB4:
  97:Core/Src/stm32f4xx_hal_msp.c **** 
 144              		.loc 1 97 5 view .LVU25
 145 0024 0025     		movs	r5, #0
 146 0026 0195     		str	r5, [sp, #4]
  97:Core/Src/stm32f4xx_hal_msp.c **** 
 147              		.loc 1 97 5 view .LVU26
 148 0028 474B     		ldr	r3, .L15+8
 149 002a 5A6C     		ldr	r2, [r3, #68]
 150 002c 42F01002 		orr	r2, r2, #16
 151 0030 5A64     		str	r2, [r3, #68]
  97:Core/Src/stm32f4xx_hal_msp.c **** 
 152              		.loc 1 97 5 view .LVU27
 153 0032 5A6C     		ldr	r2, [r3, #68]
 154 0034 02F01002 		and	r2, r2, #16
 155 0038 0192     		str	r2, [sp, #4]
  97:Core/Src/stm32f4xx_hal_msp.c **** 
 156              		.loc 1 97 5 view .LVU28
ARM GAS  /var/folders/cb/95_27lz12970lmkr4d7n44dm0000gn/T//ccgHrmCx.s 			page 7


 157 003a 019A     		ldr	r2, [sp, #4]
 158              	.LBE4:
  97:Core/Src/stm32f4xx_hal_msp.c **** 
 159              		.loc 1 97 5 view .LVU29
  99:Core/Src/stm32f4xx_hal_msp.c ****     /**USART1 GPIO Configuration
 160              		.loc 1 99 5 view .LVU30
 161              	.LBB5:
  99:Core/Src/stm32f4xx_hal_msp.c ****     /**USART1 GPIO Configuration
 162              		.loc 1 99 5 view .LVU31
 163 003c 0295     		str	r5, [sp, #8]
  99:Core/Src/stm32f4xx_hal_msp.c ****     /**USART1 GPIO Configuration
 164              		.loc 1 99 5 view .LVU32
 165 003e 1A6B     		ldr	r2, [r3, #48]
 166 0040 42F00202 		orr	r2, r2, #2
 167 0044 1A63     		str	r2, [r3, #48]
  99:Core/Src/stm32f4xx_hal_msp.c ****     /**USART1 GPIO Configuration
 168              		.loc 1 99 5 view .LVU33
 169 0046 1B6B     		ldr	r3, [r3, #48]
 170 0048 03F00203 		and	r3, r3, #2
 171 004c 0293     		str	r3, [sp, #8]
  99:Core/Src/stm32f4xx_hal_msp.c ****     /**USART1 GPIO Configuration
 172              		.loc 1 99 5 view .LVU34
 173 004e 029B     		ldr	r3, [sp, #8]
 174              	.LBE5:
  99:Core/Src/stm32f4xx_hal_msp.c ****     /**USART1 GPIO Configuration
 175              		.loc 1 99 5 view .LVU35
 104:Core/Src/stm32f4xx_hal_msp.c ****     GPIO_InitStruct.Mode = GPIO_MODE_AF_PP;
 176              		.loc 1 104 5 view .LVU36
 104:Core/Src/stm32f4xx_hal_msp.c ****     GPIO_InitStruct.Mode = GPIO_MODE_AF_PP;
 177              		.loc 1 104 25 is_stmt 0 view .LVU37
 178 0050 C023     		movs	r3, #192
 179 0052 0593     		str	r3, [sp, #20]
 105:Core/Src/stm32f4xx_hal_msp.c ****     GPIO_InitStruct.Pull = GPIO_NOPULL;
 180              		.loc 1 105 5 is_stmt 1 view .LVU38
 105:Core/Src/stm32f4xx_hal_msp.c ****     GPIO_InitStruct.Pull = GPIO_NOPULL;
 181              		.loc 1 105 26 is_stmt 0 view .LVU39
 182 0054 0223     		movs	r3, #2
 183 0056 0693     		str	r3, [sp, #24]
 106:Core/Src/stm32f4xx_hal_msp.c ****     GPIO_InitStruct.Speed = GPIO_SPEED_FREQ_VERY_HIGH;
 184              		.loc 1 106 5 is_stmt 1 view .LVU40
 107:Core/Src/stm32f4xx_hal_msp.c ****     GPIO_InitStruct.Alternate = GPIO_AF7_USART1;
 185              		.loc 1 107 5 view .LVU41
 107:Core/Src/stm32f4xx_hal_msp.c ****     GPIO_InitStruct.Alternate = GPIO_AF7_USART1;
 186              		.loc 1 107 27 is_stmt 0 view .LVU42
 187 0058 0323     		movs	r3, #3
 188 005a 0893     		str	r3, [sp, #32]
 108:Core/Src/stm32f4xx_hal_msp.c ****     HAL_GPIO_Init(GPIOB, &GPIO_InitStruct);
 189              		.loc 1 108 5 is_stmt 1 view .LVU43
 108:Core/Src/stm32f4xx_hal_msp.c ****     HAL_GPIO_Init(GPIOB, &GPIO_InitStruct);
 190              		.loc 1 108 31 is_stmt 0 view .LVU44
 191 005c 0723     		movs	r3, #7
 192 005e 0993     		str	r3, [sp, #36]
 109:Core/Src/stm32f4xx_hal_msp.c **** 
 193              		.loc 1 109 5 is_stmt 1 view .LVU45
 194 0060 05A9     		add	r1, sp, #20
 195 0062 3A48     		ldr	r0, .L15+12
 196              	.LVL3:
ARM GAS  /var/folders/cb/95_27lz12970lmkr4d7n44dm0000gn/T//ccgHrmCx.s 			page 8


 109:Core/Src/stm32f4xx_hal_msp.c **** 
 197              		.loc 1 109 5 is_stmt 0 view .LVU46
 198 0064 FFF7FEFF 		bl	HAL_GPIO_Init
 199              	.LVL4:
 113:Core/Src/stm32f4xx_hal_msp.c ****     hdma_usart1_tx.Init.Channel = DMA_CHANNEL_4;
 200              		.loc 1 113 5 is_stmt 1 view .LVU47
 113:Core/Src/stm32f4xx_hal_msp.c ****     hdma_usart1_tx.Init.Channel = DMA_CHANNEL_4;
 201              		.loc 1 113 29 is_stmt 0 view .LVU48
 202 0068 3948     		ldr	r0, .L15+16
 203 006a 3A4B     		ldr	r3, .L15+20
 204 006c 0360     		str	r3, [r0]
 114:Core/Src/stm32f4xx_hal_msp.c ****     hdma_usart1_tx.Init.Direction = DMA_MEMORY_TO_PERIPH;
 205              		.loc 1 114 5 is_stmt 1 view .LVU49
 114:Core/Src/stm32f4xx_hal_msp.c ****     hdma_usart1_tx.Init.Direction = DMA_MEMORY_TO_PERIPH;
 206              		.loc 1 114 33 is_stmt 0 view .LVU50
 207 006e 4FF00063 		mov	r3, #134217728
 208 0072 4360     		str	r3, [r0, #4]
 115:Core/Src/stm32f4xx_hal_msp.c ****     hdma_usart1_tx.Init.PeriphInc = DMA_PINC_DISABLE;
 209              		.loc 1 115 5 is_stmt 1 view .LVU51
 115:Core/Src/stm32f4xx_hal_msp.c ****     hdma_usart1_tx.Init.PeriphInc = DMA_PINC_DISABLE;
 210              		.loc 1 115 35 is_stmt 0 view .LVU52
 211 0074 4023     		movs	r3, #64
 212 0076 8360     		str	r3, [r0, #8]
 116:Core/Src/stm32f4xx_hal_msp.c ****     hdma_usart1_tx.Init.MemInc = DMA_MINC_ENABLE;
 213              		.loc 1 116 5 is_stmt 1 view .LVU53
 116:Core/Src/stm32f4xx_hal_msp.c ****     hdma_usart1_tx.Init.MemInc = DMA_MINC_ENABLE;
 214              		.loc 1 116 35 is_stmt 0 view .LVU54
 215 0078 C560     		str	r5, [r0, #12]
 117:Core/Src/stm32f4xx_hal_msp.c ****     hdma_usart1_tx.Init.PeriphDataAlignment = DMA_PDATAALIGN_BYTE;
 216              		.loc 1 117 5 is_stmt 1 view .LVU55
 117:Core/Src/stm32f4xx_hal_msp.c ****     hdma_usart1_tx.Init.PeriphDataAlignment = DMA_PDATAALIGN_BYTE;
 217              		.loc 1 117 32 is_stmt 0 view .LVU56
 218 007a 4FF48063 		mov	r3, #1024
 219 007e 0361     		str	r3, [r0, #16]
 118:Core/Src/stm32f4xx_hal_msp.c ****     hdma_usart1_tx.Init.MemDataAlignment = DMA_MDATAALIGN_BYTE;
 220              		.loc 1 118 5 is_stmt 1 view .LVU57
 118:Core/Src/stm32f4xx_hal_msp.c ****     hdma_usart1_tx.Init.MemDataAlignment = DMA_MDATAALIGN_BYTE;
 221              		.loc 1 118 45 is_stmt 0 view .LVU58
 222 0080 4561     		str	r5, [r0, #20]
 119:Core/Src/stm32f4xx_hal_msp.c ****     hdma_usart1_tx.Init.Mode = DMA_NORMAL;
 223              		.loc 1 119 5 is_stmt 1 view .LVU59
 119:Core/Src/stm32f4xx_hal_msp.c ****     hdma_usart1_tx.Init.Mode = DMA_NORMAL;
 224              		.loc 1 119 42 is_stmt 0 view .LVU60
 225 0082 8561     		str	r5, [r0, #24]
 120:Core/Src/stm32f4xx_hal_msp.c ****     hdma_usart1_tx.Init.Priority = DMA_PRIORITY_VERY_HIGH;
 226              		.loc 1 120 5 is_stmt 1 view .LVU61
 120:Core/Src/stm32f4xx_hal_msp.c ****     hdma_usart1_tx.Init.Priority = DMA_PRIORITY_VERY_HIGH;
 227              		.loc 1 120 30 is_stmt 0 view .LVU62
 228 0084 C561     		str	r5, [r0, #28]
 121:Core/Src/stm32f4xx_hal_msp.c ****     hdma_usart1_tx.Init.FIFOMode = DMA_FIFOMODE_DISABLE;
 229              		.loc 1 121 5 is_stmt 1 view .LVU63
 121:Core/Src/stm32f4xx_hal_msp.c ****     hdma_usart1_tx.Init.FIFOMode = DMA_FIFOMODE_DISABLE;
 230              		.loc 1 121 34 is_stmt 0 view .LVU64
 231 0086 4FF44033 		mov	r3, #196608
 232 008a 0362     		str	r3, [r0, #32]
 122:Core/Src/stm32f4xx_hal_msp.c ****     if (HAL_DMA_Init(&hdma_usart1_tx) != HAL_OK)
 233              		.loc 1 122 5 is_stmt 1 view .LVU65
ARM GAS  /var/folders/cb/95_27lz12970lmkr4d7n44dm0000gn/T//ccgHrmCx.s 			page 9


 122:Core/Src/stm32f4xx_hal_msp.c ****     if (HAL_DMA_Init(&hdma_usart1_tx) != HAL_OK)
 234              		.loc 1 122 34 is_stmt 0 view .LVU66
 235 008c 4562     		str	r5, [r0, #36]
 123:Core/Src/stm32f4xx_hal_msp.c ****     {
 236              		.loc 1 123 5 is_stmt 1 view .LVU67
 123:Core/Src/stm32f4xx_hal_msp.c ****     {
 237              		.loc 1 123 9 is_stmt 0 view .LVU68
 238 008e FFF7FEFF 		bl	HAL_DMA_Init
 239              	.LVL5:
 123:Core/Src/stm32f4xx_hal_msp.c ****     {
 240              		.loc 1 123 8 discriminator 1 view .LVU69
 241 0092 58B9     		cbnz	r0, .L13
 242              	.L7:
 128:Core/Src/stm32f4xx_hal_msp.c **** 
 243              		.loc 1 128 5 is_stmt 1 view .LVU70
 128:Core/Src/stm32f4xx_hal_msp.c **** 
 244              		.loc 1 128 5 view .LVU71
 245 0094 2E4B     		ldr	r3, .L15+16
 246 0096 A363     		str	r3, [r4, #56]
 128:Core/Src/stm32f4xx_hal_msp.c **** 
 247              		.loc 1 128 5 view .LVU72
 248 0098 9C63     		str	r4, [r3, #56]
 128:Core/Src/stm32f4xx_hal_msp.c **** 
 249              		.loc 1 128 5 view .LVU73
 131:Core/Src/stm32f4xx_hal_msp.c ****     HAL_NVIC_EnableIRQ(USART1_IRQn);
 250              		.loc 1 131 5 view .LVU74
 251 009a 0022     		movs	r2, #0
 252 009c 1146     		mov	r1, r2
 253 009e 2520     		movs	r0, #37
 254 00a0 FFF7FEFF 		bl	HAL_NVIC_SetPriority
 255              	.LVL6:
 132:Core/Src/stm32f4xx_hal_msp.c ****     /* USER CODE BEGIN USART1_MspInit 1 */
 256              		.loc 1 132 5 view .LVU75
 257 00a4 2520     		movs	r0, #37
 258 00a6 FFF7FEFF 		bl	HAL_NVIC_EnableIRQ
 259              	.LVL7:
 260 00aa B9E7     		b	.L5
 261              	.L13:
 125:Core/Src/stm32f4xx_hal_msp.c ****     }
 262              		.loc 1 125 7 view .LVU76
 263 00ac FFF7FEFF 		bl	Error_Handler
 264              	.LVL8:
 265 00b0 F0E7     		b	.L7
 266              	.LVL9:
 267              	.L12:
 143:Core/Src/stm32f4xx_hal_msp.c **** 
 268              		.loc 1 143 5 view .LVU77
 269              	.LBB6:
 143:Core/Src/stm32f4xx_hal_msp.c **** 
 270              		.loc 1 143 5 view .LVU78
 271 00b2 0025     		movs	r5, #0
 272 00b4 0395     		str	r5, [sp, #12]
 143:Core/Src/stm32f4xx_hal_msp.c **** 
 273              		.loc 1 143 5 view .LVU79
 274 00b6 244B     		ldr	r3, .L15+8
 275 00b8 1A6C     		ldr	r2, [r3, #64]
 276 00ba 42F48022 		orr	r2, r2, #262144
ARM GAS  /var/folders/cb/95_27lz12970lmkr4d7n44dm0000gn/T//ccgHrmCx.s 			page 10


 277 00be 1A64     		str	r2, [r3, #64]
 143:Core/Src/stm32f4xx_hal_msp.c **** 
 278              		.loc 1 143 5 view .LVU80
 279 00c0 1A6C     		ldr	r2, [r3, #64]
 280 00c2 02F48022 		and	r2, r2, #262144
 281 00c6 0392     		str	r2, [sp, #12]
 143:Core/Src/stm32f4xx_hal_msp.c **** 
 282              		.loc 1 143 5 view .LVU81
 283 00c8 039A     		ldr	r2, [sp, #12]
 284              	.LBE6:
 143:Core/Src/stm32f4xx_hal_msp.c **** 
 285              		.loc 1 143 5 view .LVU82
 145:Core/Src/stm32f4xx_hal_msp.c ****     /**USART3 GPIO Configuration
 286              		.loc 1 145 5 view .LVU83
 287              	.LBB7:
 145:Core/Src/stm32f4xx_hal_msp.c ****     /**USART3 GPIO Configuration
 288              		.loc 1 145 5 view .LVU84
 289 00ca 0495     		str	r5, [sp, #16]
 145:Core/Src/stm32f4xx_hal_msp.c ****     /**USART3 GPIO Configuration
 290              		.loc 1 145 5 view .LVU85
 291 00cc 1A6B     		ldr	r2, [r3, #48]
 292 00ce 42F00402 		orr	r2, r2, #4
 293 00d2 1A63     		str	r2, [r3, #48]
 145:Core/Src/stm32f4xx_hal_msp.c ****     /**USART3 GPIO Configuration
 294              		.loc 1 145 5 view .LVU86
 295 00d4 1B6B     		ldr	r3, [r3, #48]
 296 00d6 03F00403 		and	r3, r3, #4
 297 00da 0493     		str	r3, [sp, #16]
 145:Core/Src/stm32f4xx_hal_msp.c ****     /**USART3 GPIO Configuration
 298              		.loc 1 145 5 view .LVU87
 299 00dc 049B     		ldr	r3, [sp, #16]
 300              	.LBE7:
 145:Core/Src/stm32f4xx_hal_msp.c ****     /**USART3 GPIO Configuration
 301              		.loc 1 145 5 view .LVU88
 150:Core/Src/stm32f4xx_hal_msp.c ****     GPIO_InitStruct.Mode = GPIO_MODE_AF_PP;
 302              		.loc 1 150 5 view .LVU89
 150:Core/Src/stm32f4xx_hal_msp.c ****     GPIO_InitStruct.Mode = GPIO_MODE_AF_PP;
 303              		.loc 1 150 25 is_stmt 0 view .LVU90
 304 00de 4FF44063 		mov	r3, #3072
 305 00e2 0593     		str	r3, [sp, #20]
 151:Core/Src/stm32f4xx_hal_msp.c ****     GPIO_InitStruct.Pull = GPIO_NOPULL;
 306              		.loc 1 151 5 is_stmt 1 view .LVU91
 151:Core/Src/stm32f4xx_hal_msp.c ****     GPIO_InitStruct.Pull = GPIO_NOPULL;
 307              		.loc 1 151 26 is_stmt 0 view .LVU92
 308 00e4 0223     		movs	r3, #2
 309 00e6 0693     		str	r3, [sp, #24]
 152:Core/Src/stm32f4xx_hal_msp.c ****     GPIO_InitStruct.Speed = GPIO_SPEED_FREQ_VERY_HIGH;
 310              		.loc 1 152 5 is_stmt 1 view .LVU93
 153:Core/Src/stm32f4xx_hal_msp.c ****     GPIO_InitStruct.Alternate = GPIO_AF7_USART3;
 311              		.loc 1 153 5 view .LVU94
 153:Core/Src/stm32f4xx_hal_msp.c ****     GPIO_InitStruct.Alternate = GPIO_AF7_USART3;
 312              		.loc 1 153 27 is_stmt 0 view .LVU95
 313 00e8 0323     		movs	r3, #3
 314 00ea 0893     		str	r3, [sp, #32]
 154:Core/Src/stm32f4xx_hal_msp.c ****     HAL_GPIO_Init(GPIOC, &GPIO_InitStruct);
 315              		.loc 1 154 5 is_stmt 1 view .LVU96
 154:Core/Src/stm32f4xx_hal_msp.c ****     HAL_GPIO_Init(GPIOC, &GPIO_InitStruct);
ARM GAS  /var/folders/cb/95_27lz12970lmkr4d7n44dm0000gn/T//ccgHrmCx.s 			page 11


 316              		.loc 1 154 31 is_stmt 0 view .LVU97
 317 00ec 0723     		movs	r3, #7
 318 00ee 0993     		str	r3, [sp, #36]
 155:Core/Src/stm32f4xx_hal_msp.c **** 
 319              		.loc 1 155 5 is_stmt 1 view .LVU98
 320 00f0 05A9     		add	r1, sp, #20
 321 00f2 1948     		ldr	r0, .L15+24
 322              	.LVL10:
 155:Core/Src/stm32f4xx_hal_msp.c **** 
 323              		.loc 1 155 5 is_stmt 0 view .LVU99
 324 00f4 FFF7FEFF 		bl	HAL_GPIO_Init
 325              	.LVL11:
 159:Core/Src/stm32f4xx_hal_msp.c ****     hdma_usart3_rx.Init.Channel = DMA_CHANNEL_4;
 326              		.loc 1 159 5 is_stmt 1 view .LVU100
 159:Core/Src/stm32f4xx_hal_msp.c ****     hdma_usart3_rx.Init.Channel = DMA_CHANNEL_4;
 327              		.loc 1 159 29 is_stmt 0 view .LVU101
 328 00f8 1848     		ldr	r0, .L15+28
 329 00fa 194B     		ldr	r3, .L15+32
 330 00fc 0360     		str	r3, [r0]
 160:Core/Src/stm32f4xx_hal_msp.c ****     hdma_usart3_rx.Init.Direction = DMA_PERIPH_TO_MEMORY;
 331              		.loc 1 160 5 is_stmt 1 view .LVU102
 160:Core/Src/stm32f4xx_hal_msp.c ****     hdma_usart3_rx.Init.Direction = DMA_PERIPH_TO_MEMORY;
 332              		.loc 1 160 33 is_stmt 0 view .LVU103
 333 00fe 4FF00063 		mov	r3, #134217728
 334 0102 4360     		str	r3, [r0, #4]
 161:Core/Src/stm32f4xx_hal_msp.c ****     hdma_usart3_rx.Init.PeriphInc = DMA_PINC_DISABLE;
 335              		.loc 1 161 5 is_stmt 1 view .LVU104
 161:Core/Src/stm32f4xx_hal_msp.c ****     hdma_usart3_rx.Init.PeriphInc = DMA_PINC_DISABLE;
 336              		.loc 1 161 35 is_stmt 0 view .LVU105
 337 0104 8560     		str	r5, [r0, #8]
 162:Core/Src/stm32f4xx_hal_msp.c ****     hdma_usart3_rx.Init.MemInc = DMA_MINC_ENABLE;
 338              		.loc 1 162 5 is_stmt 1 view .LVU106
 162:Core/Src/stm32f4xx_hal_msp.c ****     hdma_usart3_rx.Init.MemInc = DMA_MINC_ENABLE;
 339              		.loc 1 162 35 is_stmt 0 view .LVU107
 340 0106 C560     		str	r5, [r0, #12]
 163:Core/Src/stm32f4xx_hal_msp.c ****     hdma_usart3_rx.Init.PeriphDataAlignment = DMA_PDATAALIGN_BYTE;
 341              		.loc 1 163 5 is_stmt 1 view .LVU108
 163:Core/Src/stm32f4xx_hal_msp.c ****     hdma_usart3_rx.Init.PeriphDataAlignment = DMA_PDATAALIGN_BYTE;
 342              		.loc 1 163 32 is_stmt 0 view .LVU109
 343 0108 4FF48063 		mov	r3, #1024
 344 010c 0361     		str	r3, [r0, #16]
 164:Core/Src/stm32f4xx_hal_msp.c ****     hdma_usart3_rx.Init.MemDataAlignment = DMA_MDATAALIGN_BYTE;
 345              		.loc 1 164 5 is_stmt 1 view .LVU110
 164:Core/Src/stm32f4xx_hal_msp.c ****     hdma_usart3_rx.Init.MemDataAlignment = DMA_MDATAALIGN_BYTE;
 346              		.loc 1 164 45 is_stmt 0 view .LVU111
 347 010e 4561     		str	r5, [r0, #20]
 165:Core/Src/stm32f4xx_hal_msp.c ****     hdma_usart3_rx.Init.Mode = DMA_NORMAL;
 348              		.loc 1 165 5 is_stmt 1 view .LVU112
 165:Core/Src/stm32f4xx_hal_msp.c ****     hdma_usart3_rx.Init.Mode = DMA_NORMAL;
 349              		.loc 1 165 42 is_stmt 0 view .LVU113
 350 0110 8561     		str	r5, [r0, #24]
 166:Core/Src/stm32f4xx_hal_msp.c ****     hdma_usart3_rx.Init.Priority = DMA_PRIORITY_VERY_HIGH;
 351              		.loc 1 166 5 is_stmt 1 view .LVU114
 166:Core/Src/stm32f4xx_hal_msp.c ****     hdma_usart3_rx.Init.Priority = DMA_PRIORITY_VERY_HIGH;
 352              		.loc 1 166 30 is_stmt 0 view .LVU115
 353 0112 C561     		str	r5, [r0, #28]
 167:Core/Src/stm32f4xx_hal_msp.c ****     hdma_usart3_rx.Init.FIFOMode = DMA_FIFOMODE_DISABLE;
ARM GAS  /var/folders/cb/95_27lz12970lmkr4d7n44dm0000gn/T//ccgHrmCx.s 			page 12


 354              		.loc 1 167 5 is_stmt 1 view .LVU116
 167:Core/Src/stm32f4xx_hal_msp.c ****     hdma_usart3_rx.Init.FIFOMode = DMA_FIFOMODE_DISABLE;
 355              		.loc 1 167 34 is_stmt 0 view .LVU117
 356 0114 4FF44033 		mov	r3, #196608
 357 0118 0362     		str	r3, [r0, #32]
 168:Core/Src/stm32f4xx_hal_msp.c ****     if (HAL_DMA_Init(&hdma_usart3_rx) != HAL_OK)
 358              		.loc 1 168 5 is_stmt 1 view .LVU118
 168:Core/Src/stm32f4xx_hal_msp.c ****     if (HAL_DMA_Init(&hdma_usart3_rx) != HAL_OK)
 359              		.loc 1 168 34 is_stmt 0 view .LVU119
 360 011a 4562     		str	r5, [r0, #36]
 169:Core/Src/stm32f4xx_hal_msp.c ****     {
 361              		.loc 1 169 5 is_stmt 1 view .LVU120
 169:Core/Src/stm32f4xx_hal_msp.c ****     {
 362              		.loc 1 169 9 is_stmt 0 view .LVU121
 363 011c FFF7FEFF 		bl	HAL_DMA_Init
 364              	.LVL12:
 169:Core/Src/stm32f4xx_hal_msp.c ****     {
 365              		.loc 1 169 8 discriminator 1 view .LVU122
 366 0120 58B9     		cbnz	r0, .L14
 367              	.L9:
 174:Core/Src/stm32f4xx_hal_msp.c **** 
 368              		.loc 1 174 5 is_stmt 1 view .LVU123
 174:Core/Src/stm32f4xx_hal_msp.c **** 
 369              		.loc 1 174 5 view .LVU124
 370 0122 0E4B     		ldr	r3, .L15+28
 371 0124 E363     		str	r3, [r4, #60]
 174:Core/Src/stm32f4xx_hal_msp.c **** 
 372              		.loc 1 174 5 view .LVU125
 373 0126 9C63     		str	r4, [r3, #56]
 174:Core/Src/stm32f4xx_hal_msp.c **** 
 374              		.loc 1 174 5 view .LVU126
 177:Core/Src/stm32f4xx_hal_msp.c ****     HAL_NVIC_EnableIRQ(USART3_IRQn);
 375              		.loc 1 177 5 view .LVU127
 376 0128 0022     		movs	r2, #0
 377 012a 1146     		mov	r1, r2
 378 012c 2720     		movs	r0, #39
 379 012e FFF7FEFF 		bl	HAL_NVIC_SetPriority
 380              	.LVL13:
 178:Core/Src/stm32f4xx_hal_msp.c ****     /* USER CODE BEGIN USART3_MspInit 1 */
 381              		.loc 1 178 5 view .LVU128
 382 0132 2720     		movs	r0, #39
 383 0134 FFF7FEFF 		bl	HAL_NVIC_EnableIRQ
 384              	.LVL14:
 385              		.loc 1 184 1 is_stmt 0 view .LVU129
 386 0138 72E7     		b	.L5
 387              	.L14:
 171:Core/Src/stm32f4xx_hal_msp.c ****     }
 388              		.loc 1 171 7 is_stmt 1 view .LVU130
 389 013a FFF7FEFF 		bl	Error_Handler
 390              	.LVL15:
 391 013e F0E7     		b	.L9
 392              	.L16:
 393              		.align	2
 394              	.L15:
 395 0140 00100140 		.word	1073811456
 396 0144 00480040 		.word	1073760256
 397 0148 00380240 		.word	1073887232
ARM GAS  /var/folders/cb/95_27lz12970lmkr4d7n44dm0000gn/T//ccgHrmCx.s 			page 13


 398 014c 00040240 		.word	1073873920
 399 0150 00000000 		.word	hdma_usart1_tx
 400 0154 B8640240 		.word	1073898680
 401 0158 00080240 		.word	1073874944
 402 015c 00000000 		.word	hdma_usart3_rx
 403 0160 28600240 		.word	1073897512
 404              		.cfi_endproc
 405              	.LFE135:
 407              		.section	.text.HAL_UART_MspDeInit,"ax",%progbits
 408              		.align	1
 409              		.global	HAL_UART_MspDeInit
 410              		.syntax unified
 411              		.thumb
 412              		.thumb_func
 414              	HAL_UART_MspDeInit:
 415              	.LVL16:
 416              	.LFB136:
 185:Core/Src/stm32f4xx_hal_msp.c **** 
 186:Core/Src/stm32f4xx_hal_msp.c **** /**
 187:Core/Src/stm32f4xx_hal_msp.c ****   * @brief UART MSP De-Initialization
 188:Core/Src/stm32f4xx_hal_msp.c ****   * This function freeze the hardware resources used in this example
 189:Core/Src/stm32f4xx_hal_msp.c ****   * @param huart: UART handle pointer
 190:Core/Src/stm32f4xx_hal_msp.c ****   * @retval None
 191:Core/Src/stm32f4xx_hal_msp.c ****   */
 192:Core/Src/stm32f4xx_hal_msp.c **** void HAL_UART_MspDeInit(UART_HandleTypeDef* huart)
 193:Core/Src/stm32f4xx_hal_msp.c **** {
 417              		.loc 1 193 1 view -0
 418              		.cfi_startproc
 419              		@ args = 0, pretend = 0, frame = 0
 420              		@ frame_needed = 0, uses_anonymous_args = 0
 421              		.loc 1 193 1 is_stmt 0 view .LVU132
 422 0000 10B5     		push	{r4, lr}
 423              	.LCFI6:
 424              		.cfi_def_cfa_offset 8
 425              		.cfi_offset 4, -8
 426              		.cfi_offset 14, -4
 427 0002 0446     		mov	r4, r0
 194:Core/Src/stm32f4xx_hal_msp.c ****   if(huart->Instance==USART1)
 428              		.loc 1 194 3 is_stmt 1 view .LVU133
 429              		.loc 1 194 11 is_stmt 0 view .LVU134
 430 0004 0368     		ldr	r3, [r0]
 431              		.loc 1 194 5 view .LVU135
 432 0006 154A     		ldr	r2, .L23
 433 0008 9342     		cmp	r3, r2
 434 000a 03D0     		beq	.L21
 195:Core/Src/stm32f4xx_hal_msp.c ****   {
 196:Core/Src/stm32f4xx_hal_msp.c ****     /* USER CODE BEGIN USART1_MspDeInit 0 */
 197:Core/Src/stm32f4xx_hal_msp.c **** 
 198:Core/Src/stm32f4xx_hal_msp.c ****     /* USER CODE END USART1_MspDeInit 0 */
 199:Core/Src/stm32f4xx_hal_msp.c ****     /* Peripheral clock disable */
 200:Core/Src/stm32f4xx_hal_msp.c ****     __HAL_RCC_USART1_CLK_DISABLE();
 201:Core/Src/stm32f4xx_hal_msp.c **** 
 202:Core/Src/stm32f4xx_hal_msp.c ****     /**USART1 GPIO Configuration
 203:Core/Src/stm32f4xx_hal_msp.c ****     PB7     ------> USART1_RX
 204:Core/Src/stm32f4xx_hal_msp.c ****     PB6     ------> USART1_TX
 205:Core/Src/stm32f4xx_hal_msp.c ****     */
 206:Core/Src/stm32f4xx_hal_msp.c ****     HAL_GPIO_DeInit(GPIOB, GPIO_PIN_7|GPIO_PIN_6);
ARM GAS  /var/folders/cb/95_27lz12970lmkr4d7n44dm0000gn/T//ccgHrmCx.s 			page 14


 207:Core/Src/stm32f4xx_hal_msp.c **** 
 208:Core/Src/stm32f4xx_hal_msp.c ****     /* USART1 DMA DeInit */
 209:Core/Src/stm32f4xx_hal_msp.c ****     HAL_DMA_DeInit(huart->hdmatx);
 210:Core/Src/stm32f4xx_hal_msp.c **** 
 211:Core/Src/stm32f4xx_hal_msp.c ****     /* USART1 interrupt DeInit */
 212:Core/Src/stm32f4xx_hal_msp.c ****     HAL_NVIC_DisableIRQ(USART1_IRQn);
 213:Core/Src/stm32f4xx_hal_msp.c ****     /* USER CODE BEGIN USART1_MspDeInit 1 */
 214:Core/Src/stm32f4xx_hal_msp.c **** 
 215:Core/Src/stm32f4xx_hal_msp.c ****     /* USER CODE END USART1_MspDeInit 1 */
 216:Core/Src/stm32f4xx_hal_msp.c ****   }
 217:Core/Src/stm32f4xx_hal_msp.c ****   else if(huart->Instance==USART3)
 435              		.loc 1 217 8 is_stmt 1 view .LVU136
 436              		.loc 1 217 10 is_stmt 0 view .LVU137
 437 000c 144A     		ldr	r2, .L23+4
 438 000e 9342     		cmp	r3, r2
 439 0010 11D0     		beq	.L22
 440              	.LVL17:
 441              	.L17:
 218:Core/Src/stm32f4xx_hal_msp.c ****   {
 219:Core/Src/stm32f4xx_hal_msp.c ****     /* USER CODE BEGIN USART3_MspDeInit 0 */
 220:Core/Src/stm32f4xx_hal_msp.c **** 
 221:Core/Src/stm32f4xx_hal_msp.c ****     /* USER CODE END USART3_MspDeInit 0 */
 222:Core/Src/stm32f4xx_hal_msp.c ****     /* Peripheral clock disable */
 223:Core/Src/stm32f4xx_hal_msp.c ****     __HAL_RCC_USART3_CLK_DISABLE();
 224:Core/Src/stm32f4xx_hal_msp.c **** 
 225:Core/Src/stm32f4xx_hal_msp.c ****     /**USART3 GPIO Configuration
 226:Core/Src/stm32f4xx_hal_msp.c ****     PC11     ------> USART3_RX
 227:Core/Src/stm32f4xx_hal_msp.c ****     PC10     ------> USART3_TX
 228:Core/Src/stm32f4xx_hal_msp.c ****     */
 229:Core/Src/stm32f4xx_hal_msp.c ****     HAL_GPIO_DeInit(GPIOC, GPIO_PIN_11|GPIO_PIN_10);
 230:Core/Src/stm32f4xx_hal_msp.c **** 
 231:Core/Src/stm32f4xx_hal_msp.c ****     /* USART3 DMA DeInit */
 232:Core/Src/stm32f4xx_hal_msp.c ****     HAL_DMA_DeInit(huart->hdmarx);
 233:Core/Src/stm32f4xx_hal_msp.c **** 
 234:Core/Src/stm32f4xx_hal_msp.c ****     /* USART3 interrupt DeInit */
 235:Core/Src/stm32f4xx_hal_msp.c ****     HAL_NVIC_DisableIRQ(USART3_IRQn);
 236:Core/Src/stm32f4xx_hal_msp.c ****     /* USER CODE BEGIN USART3_MspDeInit 1 */
 237:Core/Src/stm32f4xx_hal_msp.c **** 
 238:Core/Src/stm32f4xx_hal_msp.c ****     /* USER CODE END USART3_MspDeInit 1 */
 239:Core/Src/stm32f4xx_hal_msp.c ****   }
 240:Core/Src/stm32f4xx_hal_msp.c **** 
 241:Core/Src/stm32f4xx_hal_msp.c **** }
 442              		.loc 1 241 1 view .LVU138
 443 0012 10BD     		pop	{r4, pc}
 444              	.LVL18:
 445              	.L21:
 200:Core/Src/stm32f4xx_hal_msp.c **** 
 446              		.loc 1 200 5 is_stmt 1 view .LVU139
 447 0014 02F59432 		add	r2, r2, #75776
 448 0018 536C     		ldr	r3, [r2, #68]
 449 001a 23F01003 		bic	r3, r3, #16
 450 001e 5364     		str	r3, [r2, #68]
 206:Core/Src/stm32f4xx_hal_msp.c **** 
 451              		.loc 1 206 5 view .LVU140
 452 0020 C021     		movs	r1, #192
 453 0022 1048     		ldr	r0, .L23+8
 454              	.LVL19:
ARM GAS  /var/folders/cb/95_27lz12970lmkr4d7n44dm0000gn/T//ccgHrmCx.s 			page 15


 206:Core/Src/stm32f4xx_hal_msp.c **** 
 455              		.loc 1 206 5 is_stmt 0 view .LVU141
 456 0024 FFF7FEFF 		bl	HAL_GPIO_DeInit
 457              	.LVL20:
 209:Core/Src/stm32f4xx_hal_msp.c **** 
 458              		.loc 1 209 5 is_stmt 1 view .LVU142
 459 0028 A06B     		ldr	r0, [r4, #56]
 460 002a FFF7FEFF 		bl	HAL_DMA_DeInit
 461              	.LVL21:
 212:Core/Src/stm32f4xx_hal_msp.c ****     /* USER CODE BEGIN USART1_MspDeInit 1 */
 462              		.loc 1 212 5 view .LVU143
 463 002e 2520     		movs	r0, #37
 464 0030 FFF7FEFF 		bl	HAL_NVIC_DisableIRQ
 465              	.LVL22:
 466 0034 EDE7     		b	.L17
 467              	.LVL23:
 468              	.L22:
 223:Core/Src/stm32f4xx_hal_msp.c **** 
 469              		.loc 1 223 5 view .LVU144
 470 0036 02F5F832 		add	r2, r2, #126976
 471 003a 136C     		ldr	r3, [r2, #64]
 472 003c 23F48023 		bic	r3, r3, #262144
 473 0040 1364     		str	r3, [r2, #64]
 229:Core/Src/stm32f4xx_hal_msp.c **** 
 474              		.loc 1 229 5 view .LVU145
 475 0042 4FF44061 		mov	r1, #3072
 476 0046 0848     		ldr	r0, .L23+12
 477              	.LVL24:
 229:Core/Src/stm32f4xx_hal_msp.c **** 
 478              		.loc 1 229 5 is_stmt 0 view .LVU146
 479 0048 FFF7FEFF 		bl	HAL_GPIO_DeInit
 480              	.LVL25:
 232:Core/Src/stm32f4xx_hal_msp.c **** 
 481              		.loc 1 232 5 is_stmt 1 view .LVU147
 482 004c E06B     		ldr	r0, [r4, #60]
 483 004e FFF7FEFF 		bl	HAL_DMA_DeInit
 484              	.LVL26:
 235:Core/Src/stm32f4xx_hal_msp.c ****     /* USER CODE BEGIN USART3_MspDeInit 1 */
 485              		.loc 1 235 5 view .LVU148
 486 0052 2720     		movs	r0, #39
 487 0054 FFF7FEFF 		bl	HAL_NVIC_DisableIRQ
 488              	.LVL27:
 489              		.loc 1 241 1 is_stmt 0 view .LVU149
 490 0058 DBE7     		b	.L17
 491              	.L24:
 492 005a 00BF     		.align	2
 493              	.L23:
 494 005c 00100140 		.word	1073811456
 495 0060 00480040 		.word	1073760256
 496 0064 00040240 		.word	1073873920
 497 0068 00080240 		.word	1073874944
 498              		.cfi_endproc
 499              	.LFE136:
 501              		.text
 502              	.Letext0:
 503              		.file 2 "Drivers/CMSIS/Device/ST/STM32F4xx/Include/stm32f407xx.h"
 504              		.file 3 "/Applications/ArmGNUToolchain/13.3.rel1/arm-none-eabi/arm-none-eabi/include/machine/_defa
ARM GAS  /var/folders/cb/95_27lz12970lmkr4d7n44dm0000gn/T//ccgHrmCx.s 			page 16


 505              		.file 4 "/Applications/ArmGNUToolchain/13.3.rel1/arm-none-eabi/arm-none-eabi/include/sys/_stdint.h
 506              		.file 5 "Drivers/STM32F4xx_HAL_Driver/Inc/stm32f4xx_hal_def.h"
 507              		.file 6 "Drivers/STM32F4xx_HAL_Driver/Inc/stm32f4xx_hal_gpio.h"
 508              		.file 7 "Drivers/STM32F4xx_HAL_Driver/Inc/stm32f4xx_hal_dma.h"
 509              		.file 8 "Drivers/STM32F4xx_HAL_Driver/Inc/stm32f4xx_hal_uart.h"
 510              		.file 9 "Drivers/STM32F4xx_HAL_Driver/Inc/stm32f4xx_hal_cortex.h"
 511              		.file 10 "Core/Inc/main.h"
ARM GAS  /var/folders/cb/95_27lz12970lmkr4d7n44dm0000gn/T//ccgHrmCx.s 			page 17


DEFINED SYMBOLS
                            *ABS*:00000000 stm32f4xx_hal_msp.c
/var/folders/cb/95_27lz12970lmkr4d7n44dm0000gn/T//ccgHrmCx.s:21     .text.HAL_MspInit:00000000 $t
/var/folders/cb/95_27lz12970lmkr4d7n44dm0000gn/T//ccgHrmCx.s:27     .text.HAL_MspInit:00000000 HAL_MspInit
/var/folders/cb/95_27lz12970lmkr4d7n44dm0000gn/T//ccgHrmCx.s:80     .text.HAL_MspInit:00000034 $d
/var/folders/cb/95_27lz12970lmkr4d7n44dm0000gn/T//ccgHrmCx.s:85     .text.HAL_UART_MspInit:00000000 $t
/var/folders/cb/95_27lz12970lmkr4d7n44dm0000gn/T//ccgHrmCx.s:91     .text.HAL_UART_MspInit:00000000 HAL_UART_MspInit
/var/folders/cb/95_27lz12970lmkr4d7n44dm0000gn/T//ccgHrmCx.s:395    .text.HAL_UART_MspInit:00000140 $d
/var/folders/cb/95_27lz12970lmkr4d7n44dm0000gn/T//ccgHrmCx.s:408    .text.HAL_UART_MspDeInit:00000000 $t
/var/folders/cb/95_27lz12970lmkr4d7n44dm0000gn/T//ccgHrmCx.s:414    .text.HAL_UART_MspDeInit:00000000 HAL_UART_MspDeInit
/var/folders/cb/95_27lz12970lmkr4d7n44dm0000gn/T//ccgHrmCx.s:494    .text.HAL_UART_MspDeInit:0000005c $d

UNDEFINED SYMBOLS
HAL_GPIO_Init
HAL_DMA_Init
HAL_NVIC_SetPriority
HAL_NVIC_EnableIRQ
Error_Handler
hdma_usart1_tx
hdma_usart3_rx
HAL_GPIO_DeInit
HAL_DMA_DeInit
HAL_NVIC_DisableIRQ
