Archive member included to satisfy reference by file (symbol)

/Applications/ArmGNUToolchain/13.3.rel1/arm-none-eabi/bin/../lib/gcc/arm-none-eabi/13.3.1/../../../../arm-none-eabi/lib/thumb/v7e-m+fp/hard/libc_nano.a(libc_a-exit.o)
                              /Applications/ArmGNUToolchain/13.3.rel1/arm-none-eabi/bin/../lib/gcc/arm-none-eabi/13.3.1/../../../../arm-none-eabi/lib/thumb/v7e-m+fp/hard/crt0.o (exit)
/Applications/ArmGNUToolchain/13.3.rel1/arm-none-eabi/bin/../lib/gcc/arm-none-eabi/13.3.1/../../../../arm-none-eabi/lib/thumb/v7e-m+fp/hard/libc_nano.a(libc_a-findfp.o)
                              /Applications/ArmGNUToolchain/13.3.rel1/arm-none-eabi/bin/../lib/gcc/arm-none-eabi/13.3.1/../../../../arm-none-eabi/lib/thumb/v7e-m+fp/hard/libc_nano.a(libc_a-exit.o) (__stdio_exit_handler)
/Applications/ArmGNUToolchain/13.3.rel1/arm-none-eabi/bin/../lib/gcc/arm-none-eabi/13.3.1/../../../../arm-none-eabi/lib/thumb/v7e-m+fp/hard/libc_nano.a(libc_a-vsnprintf.o)
                              build/main.o (vsnprintf)
/Applications/ArmGNUToolchain/13.3.rel1/arm-none-eabi/bin/../lib/gcc/arm-none-eabi/13.3.1/../../../../arm-none-eabi/lib/thumb/v7e-m+fp/hard/libc_nano.a(libc_a-fwalk.o)
                              /Applications/ArmGNUToolchain/13.3.rel1/arm-none-eabi/bin/../lib/gcc/arm-none-eabi/13.3.1/../../../../arm-none-eabi/lib/thumb/v7e-m+fp/hard/libc_nano.a(libc_a-findfp.o) (_fwalk_sglue)
/Applications/ArmGNUToolchain/13.3.rel1/arm-none-eabi/bin/../lib/gcc/arm-none-eabi/13.3.1/../../../../arm-none-eabi/lib/thumb/v7e-m+fp/hard/libc_nano.a(libc_a-memset.o)
                              /Applications/ArmGNUToolchain/13.3.rel1/arm-none-eabi/bin/../lib/gcc/arm-none-eabi/13.3.1/../../../../arm-none-eabi/lib/thumb/v7e-m+fp/hard/crt0.o (memset)
/Applications/ArmGNUToolchain/13.3.rel1/arm-none-eabi/bin/../lib/gcc/arm-none-eabi/13.3.1/../../../../arm-none-eabi/lib/thumb/v7e-m+fp/hard/libc_nano.a(libc_a-errno.o)
                              build/sysmem.o (__errno)
/Applications/ArmGNUToolchain/13.3.rel1/arm-none-eabi/bin/../lib/gcc/arm-none-eabi/13.3.1/../../../../arm-none-eabi/lib/thumb/v7e-m+fp/hard/libc_nano.a(libc_a-init.o)
                              /Applications/ArmGNUToolchain/13.3.rel1/arm-none-eabi/bin/../lib/gcc/arm-none-eabi/13.3.1/../../../../arm-none-eabi/lib/thumb/v7e-m+fp/hard/crt0.o (__libc_init_array)
/Applications/ArmGNUToolchain/13.3.rel1/arm-none-eabi/bin/../lib/gcc/arm-none-eabi/13.3.1/../../../../arm-none-eabi/lib/thumb/v7e-m+fp/hard/libc_nano.a(libc_a-lock.o)
                              /Applications/ArmGNUToolchain/13.3.rel1/arm-none-eabi/bin/../lib/gcc/arm-none-eabi/13.3.1/../../../../arm-none-eabi/lib/thumb/v7e-m+fp/hard/libc_nano.a(libc_a-findfp.o) (__retarget_lock_init_recursive)
/Applications/ArmGNUToolchain/13.3.rel1/arm-none-eabi/bin/../lib/gcc/arm-none-eabi/13.3.1/../../../../arm-none-eabi/lib/thumb/v7e-m+fp/hard/libc_nano.a(libc_a-impure.o)
                              /Applications/ArmGNUToolchain/13.3.rel1/arm-none-eabi/bin/../lib/gcc/arm-none-eabi/13.3.1/../../../../arm-none-eabi/lib/thumb/v7e-m+fp/hard/libc_nano.a(libc_a-vsnprintf.o) (_impure_ptr)
/Applications/ArmGNUToolchain/13.3.rel1/arm-none-eabi/bin/../lib/gcc/arm-none-eabi/13.3.1/../../../../arm-none-eabi/lib/thumb/v7e-m+fp/hard/libc_nano.a(libc_a-nano-svfprintf.o)
                              /Applications/ArmGNUToolchain/13.3.rel1/arm-none-eabi/bin/../lib/gcc/arm-none-eabi/13.3.1/../../../../arm-none-eabi/lib/thumb/v7e-m+fp/hard/libc_nano.a(libc_a-vsnprintf.o) (_svfprintf_r)
/Applications/ArmGNUToolchain/13.3.rel1/arm-none-eabi/bin/../lib/gcc/arm-none-eabi/13.3.1/../../../../arm-none-eabi/lib/thumb/v7e-m+fp/hard/libc_nano.a(libc_a-mallocr.o)
                              /Applications/ArmGNUToolchain/13.3.rel1/arm-none-eabi/bin/../lib/gcc/arm-none-eabi/13.3.1/../../../../arm-none-eabi/lib/thumb/v7e-m+fp/hard/libc_nano.a(libc_a-findfp.o) (_malloc_r)
/Applications/ArmGNUToolchain/13.3.rel1/arm-none-eabi/bin/../lib/gcc/arm-none-eabi/13.3.1/../../../../arm-none-eabi/lib/thumb/v7e-m+fp/hard/libc_nano.a(libc_a-nano-vfprintf_i.o)
                              /Applications/ArmGNUToolchain/13.3.rel1/arm-none-eabi/bin/../lib/gcc/arm-none-eabi/13.3.1/../../../../arm-none-eabi/lib/thumb/v7e-m+fp/hard/libc_nano.a(libc_a-nano-svfprintf.o) (_printf_i)
/Applications/ArmGNUToolchain/13.3.rel1/arm-none-eabi/bin/../lib/gcc/arm-none-eabi/13.3.1/../../../../arm-none-eabi/lib/thumb/v7e-m+fp/hard/libc_nano.a(libc_a-fflush.o)
                              /Applications/ArmGNUToolchain/13.3.rel1/arm-none-eabi/bin/../lib/gcc/arm-none-eabi/13.3.1/../../../../arm-none-eabi/lib/thumb/v7e-m+fp/hard/libc_nano.a(libc_a-findfp.o) (_fflush_r)
/Applications/ArmGNUToolchain/13.3.rel1/arm-none-eabi/bin/../lib/gcc/arm-none-eabi/13.3.1/../../../../arm-none-eabi/lib/thumb/v7e-m+fp/hard/libc_nano.a(libc_a-mlock.o)
[...]
Memory Configuration

Name             Origin             Length             Attributes
RAM              0x20000000         0x00020000         xrw
CCMRAM           0x10000000         0x00010000         xrw
FLASH            0x08000000         0x00100000         xr
*default*        0x00000000         0xffffffff

Linker script and memory map

LOAD /Applications/ArmGNUToolchain/13.3.rel1/arm-none-eabi/bin/../lib/gcc/arm-none-eabi/13.3.1/thumb/v7e-m+fp/hard/crti.o
LOAD /Applications/ArmGNUToolchain/13.3.rel1/arm-none-eabi/bin/../lib/gcc/arm-none-eabi/13.3.1/thumb/v7e-m+fp/hard/crtbegin.o
LOAD /Applications/ArmGNUToolchain/13.3.rel1/arm-none-eabi/bin/../lib/gcc/arm-none-eabi/13.3.1/../../../../arm-none-eabi/lib/thumb/v7e-m+fp/hard/crt0.o
LOAD build/main.o
LOAD build/stm32f4xx_it.o
LOAD build/stm32f4xx_hal_msp.o
LOAD build/stm32f4xx_hal_rcc.o
LOAD build/stm32f4xx_hal_rcc_ex.o
LOAD build/stm32f4xx_hal_flash.o
LOAD build/stm32f4xx_hal_flash_ex.o
LOAD build/stm32f4xx_hal_flash_ramfunc.o
LOAD build/stm32f4xx_hal_gpio.o
LOAD build/stm32f4xx_hal_dma_ex.o
LOAD build/stm32f4xx_hal_dma.o
LOAD build/stm32f4xx_hal_pwr.o
LOAD build/stm32f4xx_hal_pwr_ex.o
LOAD build/stm32f4xx_hal_cortex.o
LOAD build/stm32f4xx_hal.o
LOAD build/stm32f4xx_hal_exti.o
LOAD build/stm32f4xx_hal_can.o
LOAD build/system_stm32f4xx.o
LOAD build/sysmem.o
LOAD build/syscalls.o
LOAD build/stm32f4xx_hal_uart.o
LOAD build/stm32f4xx_hal_spi.o
LOAD build/startup_stm32f407xx.o
LOAD /Applications/ArmGNUToolchain/13.3.rel1/arm-none-eabi/bin/../lib/gcc/arm-none-eabi/13.3.1/../../../../arm-none-eabi/lib/thumb/v7e-m+fp/hard/libc_nano.a
LOAD /Applications/ArmGNUToolchain/13.3.rel1/arm-none-eabi/bin/../lib/gcc/arm-none-eabi/13.3.1/../../../../arm-none-eabi/lib/thumb/v7e-m+fp/hard/libm.a
LOAD /Applications/ArmGNUToolchain/13.3.rel1/arm-none-eabi/bin/../lib/gcc/arm-none-eabi/13.3.1/../../../../arm-none-eabi/lib/thumb/v7e-m+fp/hard/libnosys.a
START GROUP
LOAD /Applications/ArmGNUToolchain/13.3.rel1/arm-none-eabi/bin/../lib/gcc/arm-none-eabi/13.3.1/thumb/v7e-m+fp/hard/libgcc.a
LOAD /Applications/ArmGNUToolchain/13.3.rel1/arm-none-eabi/bin/../lib/gcc/arm-none-eabi/13.3.1/../../../../arm-none-eabi/lib/thumb/v7e-m+fp/hard/libc_nano.a
END GROUP
START GROUP
LOAD /Applications/ArmGNUToolchain/13.3.rel1/arm-none-eabi/bin/../lib/gcc/arm-none-eabi/13.3.1/thumb/v7e-m+fp/hard/libgcc.a
LOAD /Applications/ArmGNUToolchain/13.3.rel1/arm-none-eabi/bin/../lib/gcc/arm-none-eabi/13.3.1/../../../../arm-none-eabi/lib/thumb/v7e-m+fp/hard/libc_nano.a
END GROUP
LOAD /Applications/ArmGNUToolchain/13.3.rel1/arm-none-eabi/bin/../lib/gcc/arm-none-eabi/13.3.1/thumb/v7e-m+fp/hard/crtend.o
LOAD /Applications/ArmGNUToolchain/13.3.rel1/arm-none-eabi/bin/../lib/gcc/arm-none-eabi/13.3.1/thumb/v7e-m+fp/hard/crtn.o
                0x20020000                        _estack = (ORIGIN (RAM) + LENGTH (RAM))
                0x2001fc00                        _sstack = (_estack - _Min_Stack_Size)
                0x00000200                        _Min_Heap_Size = 0x200
                0x00000400                        _Min_Stack_Size = 0x400

.isr_vector     0x08000000      0x188
                0x08000000                        . = ALIGN (0x4)
 *(.isr_vector)
 .isr_vector    0x08000000      0x188 build/startup_stm32f407xx.o
                0x08000000                g_pfnVectors
                0x08000188                        . = ALIGN (0x4)

.text           0x08000190     0x4ed8
                0x08000190                        . = ALIGN (0x4)
 *(.text)
 .text          0x08000190       0xa0 /Applications/ArmGNUToolchain/13.3.rel1/arm-none-eabi/bin/../lib/gcc/arm-none-eabi/13.3.1/../../../../arm-none-eabi/lib/thumb/v7e-m+fp/hard/libc_nano.a(libc_a-memchr.o)
                0x08000190                memchr
 .text          0x08000230       0x30 /Applications/ArmGNUToolchain/13.3.rel1/arm-none-eabi/bin/../lib/gcc/arm-none-eabi/13.3.1/thumb/v7e-m+fp/hard/libgcc.a(_aeabi_uldivmod.o)
                0x08000230                __aeabi_uldivmod
 .text          0x08000260        0x4 /Applications/ArmGNUToolchain/13.3.rel1/arm-none-eabi/bin/../lib/gcc/arm-none-eabi/13.3.1/thumb/v7e-m+fp/hard/libgcc.a(_dvmd_tls.o)
                0x08000260                __aeabi_ldiv0
                0x08000260                __aeabi_idiv0
 *(.text*)
 .text.deregister_tm_clones
                0x08000264       0x1c /Applications/ArmGNUToolchain/13.3.rel1/arm-none-eabi/bin/../lib/gcc/arm-none-eabi/13.3.1/thumb/v7e-m+fp/hard/crtbegin.o
 .text.register_tm_clones
                0x08000280       0x24 /Applications/ArmGNUToolchain/13.3.rel1/arm-none-eabi/bin/../lib/gcc/arm-none-eabi/13.3.1/thumb/v7e-m+fp/hard/crtbegin.o
 .text.__do_global_dtors_aux
                0x080002a4       0x28 /Applications/ArmGNUToolchain/13.3.rel1/arm-none-eabi/bin/../lib/gcc/arm-none-eabi/13.3.1/thumb/v7e-m+fp/hard/crtbegin.o
 .text.frame_dummy
                0x080002cc       0x24 /Applications/ArmGNUToolchain/13.3.rel1/arm-none-eabi/bin/../lib/gcc/arm-none-eabi/13.3.1/thumb/v7e-m+fp/hard/crtbegin.o
 .text.sbus_to_rc
                0x080002f0       0xce build/main.o
 *fill*         0x080003be        0x2 
 .text.MX_GPIO_Init
                0x080003c0       0xdc build/main.o
 .text.MX_DMA_Init
                0x0800049c       0x58 build/main.o
 .text.CAN1_Init
                0x080004f4      0x110 build/main.o
 .text.BMI088_rw
                0x08000604       0x30 build/main.o
 .text.BMI088_gyro_read_regs
                0x08000634       0x40 build/main.o
 .text.BMI088_read_gyro_id
                0x08000674       0x1e build/main.o
 *fill*         0x08000692        0x2 
 .text.BMI088_read_gyro
                0x08000694       0x78 build/main.o
 .text.CAN_cmd_chassis
                0x0800070c       0x54 build/main.o
 .text.SpeedLoop_Fake
                0x08000760      0x15c build/main.o
 .text.HAL_CAN_RxFifo0MsgPendingCallback
                0x080008bc      0x128 build/main.o
                0x080008bc                HAL_CAN_RxFifo0MsgPendingCallback
 .text.RC_is_offline
                0x080009e4       0x24 build/main.o
                0x080009e4                RC_is_offline
 .text.usart_printf
                0x08000a08       0x5c build/main.o
                0x08000a08                usart_printf
 .text.HAL_UARTEx_RxEventCallback
                0x08000a64       0x58 build/main.o
                0x08000a64                HAL_UARTEx_RxEventCallback
 .text.HAL_UART_ErrorCallback
                0x08000abc       0x48 build/main.o
                0x08000abc                HAL_UART_ErrorCallback
 .text.Error_Handler
                0x08000b04        0x4 build/main.o
                0x08000b04                Error_Handler
 .text.MX_USART1_UART_Init
                0x08000b08       0x34 build/main.o
 .text.MX_USART3_UART_Init
                0x08000b3c       0x3c build/main.o
 .text.MX_CAN1_Init
                0x08000b78       0x38 build/main.o
 .text.MX_SPI1_Init
                0x08000bb0       0x44 build/main.o
 .text.SystemClock_Config
                0x08000bf4       0xa8 build/main.o
                0x08000bf4                SystemClock_Config
 .text.main     0x08000c9c      0x31c build/main.o
                0x08000c9c                main
 .text.NMI_Handler
                0x08000fb8        0x2 build/stm32f4xx_it.o
                0x08000fb8                NMI_Handler
 .text.HardFault_Handler
                0x08000fba        0x2 build/stm32f4xx_it.o
                0x08000fba                HardFault_Handler
 .text.MemManage_Handler
                0x08000fbc        0x2 build/stm32f4xx_it.o
                0x08000fbc                MemManage_Handler
 .text.BusFault_Handler
                0x08000fbe        0x2 build/stm32f4xx_it.o
                0x08000fbe                BusFault_Handler
 .text.UsageFault_Handler
                0x08000fc0        0x2 build/stm32f4xx_it.o
                0x08000fc0                UsageFault_Handler
 .text.SVC_Handler
                0x08000fc2        0x2 build/stm32f4xx_it.o
                0x08000fc2                SVC_Handler
 .text.DebugMon_Handler
                0x08000fc4        0x2 build/stm32f4xx_it.o
                0x08000fc4                DebugMon_Handler
 .text.PendSV_Handler
                0x08000fc6        0x2 build/stm32f4xx_it.o
                0x08000fc6                PendSV_Handler
 .text.SysTick_Handler
                0x08000fc8        0x8 build/stm32f4xx_it.o
                0x08000fc8                SysTick_Handler
 .text.DMA1_Stream1_IRQHandler
                0x08000fd0       0x10 build/stm32f4xx_it.o
                0x08000fd0                DMA1_Stream1_IRQHandler
 .text.USART1_IRQHandler
                0x08000fe0       0x10 build/stm32f4xx_it.o
                0x08000fe0                USART1_IRQHandler
 .text.USART3_IRQHandler
                0x08000ff0       0x10 build/stm32f4xx_it.o
                0x08000ff0                USART3_IRQHandler
 .text.DMA2_Stream7_IRQHandler
                0x08001000       0x10 build/stm32f4xx_it.o
                0x08001000                DMA2_Stream7_IRQHandler
 .text.CAN1_RX0_IRQHandler
                0x08001010       0x10 build/stm32f4xx_it.o
                0x08001010                CAN1_RX0_IRQHandler
 .text.HAL_MspInit
                0x08001020       0x38 build/stm32f4xx_hal_msp.o
                0x08001020                HAL_MspInit
 .text.HAL_CAN_MspInit
                0x08001058       0x70 build/stm32f4xx_hal_msp.o
                0x08001058                HAL_CAN_MspInit
 .text.HAL_SPI_MspInit
                0x080010c8       0x98 build/stm32f4xx_hal_msp.o
                0x080010c8                HAL_SPI_MspInit
 .text.HAL_UART_MspInit
                0x08001160      0x164 build/stm32f4xx_hal_msp.o
                0x08001160                HAL_UART_MspInit
 .text.HAL_RCC_OscConfig
                0x080012c4      0x3f8 build/stm32f4xx_hal_rcc.o
                0x080012c4                HAL_RCC_OscConfig
 .text.HAL_RCC_GetSysClockFreq
                0x080016bc       0xa8 build/stm32f4xx_hal_rcc.o
                0x080016bc                HAL_RCC_GetSysClockFreq
 .text.HAL_RCC_ClockConfig
                0x08001764      0x160 build/stm32f4xx_hal_rcc.o
                0x08001764                HAL_RCC_ClockConfig
 .text.HAL_RCC_GetHCLKFreq
                0x080018c4        0xc build/stm32f4xx_hal_rcc.o
                0x080018c4                HAL_RCC_GetHCLKFreq
 .text.HAL_RCC_GetPCLK1Freq
                0x080018d0       0x20 build/stm32f4xx_hal_rcc.o
                0x080018d0                HAL_RCC_GetPCLK1Freq
 .text.HAL_RCC_GetPCLK2Freq
                0x080018f0       0x20 build/stm32f4xx_hal_rcc.o
                0x080018f0                HAL_RCC_GetPCLK2Freq
 .text.HAL_GPIO_Init
                0x08001910      0x1ec build/stm32f4xx_hal_gpio.o
                0x08001910                HAL_GPIO_Init
 .text.HAL_GPIO_WritePin
                0x08001afc        0xc build/stm32f4xx_hal_gpio.o
                0x08001afc                HAL_GPIO_WritePin
 .text.HAL_GPIO_TogglePin
                0x08001b08       0x12 build/stm32f4xx_hal_gpio.o
                0x08001b08                HAL_GPIO_TogglePin
 .text.DMA_SetConfig
                0x08001b1a       0x2c build/stm32f4xx_hal_dma.o
 *fill*         0x08001b46        0x2 
 .text.DMA_CalcBaseAndBitshift
                0x08001b48       0x3c build/stm32f4xx_hal_dma.o
 .text.DMA_CheckFifoParam
                0x08001b84       0x8e build/stm32f4xx_hal_dma.o
 *fill*         0x08001c12        0x2 
 .text.HAL_DMA_Init
                0x08001c14       0xcc build/stm32f4xx_hal_dma.o
                0x08001c14                HAL_DMA_Init
 .text.HAL_DMA_Start_IT
                0x08001ce0       0x6a build/stm32f4xx_hal_dma.o
                0x08001ce0                HAL_DMA_Start_IT
 .text.HAL_DMA_Abort
                0x08001d4a       0x94 build/stm32f4xx_hal_dma.o
                0x08001d4a                HAL_DMA_Abort
 .text.HAL_DMA_Abort_IT
                0x08001dde       0x26 build/stm32f4xx_hal_dma.o
                0x08001dde                HAL_DMA_Abort_IT
 .text.HAL_DMA_IRQHandler
                0x08001e04      0x1dc build/stm32f4xx_hal_dma.o
                0x08001e04                HAL_DMA_IRQHandler
 .text.__NVIC_EnableIRQ
                0x08001fe0       0x1c build/stm32f4xx_hal_cortex.o
 .text.__NVIC_SetPriority
                0x08001ffc       0x28 build/stm32f4xx_hal_cortex.o
 .text.NVIC_EncodePriority
                0x08002024       0x3e build/stm32f4xx_hal_cortex.o
 *fill*         0x08002062        0x2 
 .text.HAL_NVIC_SetPriorityGrouping
                0x08002064       0x24 build/stm32f4xx_hal_cortex.o
                0x08002064                HAL_NVIC_SetPriorityGrouping
 .text.HAL_NVIC_SetPriority
                0x08002088       0x20 build/stm32f4xx_hal_cortex.o
                0x08002088                HAL_NVIC_SetPriority
 .text.HAL_NVIC_EnableIRQ
                0x080020a8        0x8 build/stm32f4xx_hal_cortex.o
                0x080020a8                HAL_NVIC_EnableIRQ
 .text.HAL_SYSTICK_Config
                0x080020b0       0x28 build/stm32f4xx_hal_cortex.o
                0x080020b0                HAL_SYSTICK_Config
 .text.HAL_InitTick
                0x080020d8       0x4c build/stm32f4xx_hal.o
                0x080020d8                HAL_InitTick
 .text.HAL_Init
                0x08002124       0x34 build/stm32f4xx_hal.o
                0x08002124                HAL_Init
 .text.HAL_IncTick
                0x08002158       0x18 build/stm32f4xx_hal.o
                0x08002158                HAL_IncTick
 .text.HAL_GetTick
                0x08002170        0xc build/stm32f4xx_hal.o
                0x08002170                HAL_GetTick
 .text.HAL_Delay
                0x0800217c       0x28 build/stm32f4xx_hal.o
                0x0800217c                HAL_Delay
 .text.HAL_CAN_Init
                0x080021a4      0x14c build/stm32f4xx_hal_can.o
                0x080021a4                HAL_CAN_Init
 .text.HAL_CAN_ConfigFilter
                0x080022f0      0x138 build/stm32f4xx_hal_can.o
                0x080022f0                HAL_CAN_ConfigFilter
 .text.HAL_CAN_Start
                0x08002428       0x5c build/stm32f4xx_hal_can.o
                0x08002428                HAL_CAN_Start
 .text.HAL_CAN_AddTxMessage
                0x08002484       0xea build/stm32f4xx_hal_can.o
                0x08002484                HAL_CAN_AddTxMessage
 .text.HAL_CAN_GetRxMessage
                0x0800256e      0x16a build/stm32f4xx_hal_can.o
                0x0800256e                HAL_CAN_GetRxMessage
 .text.HAL_CAN_ActivateNotification
                0x080026d8       0x24 build/stm32f4xx_hal_can.o
                0x080026d8                HAL_CAN_ActivateNotification
 .text.HAL_CAN_TxMailbox0CompleteCallback
                0x080026fc        0x2 build/stm32f4xx_hal_can.o
                0x080026fc                HAL_CAN_TxMailbox0CompleteCallback
 .text.HAL_CAN_TxMailbox1CompleteCallback
                0x080026fe        0x2 build/stm32f4xx_hal_can.o
                0x080026fe                HAL_CAN_TxMailbox1CompleteCallback
 .text.HAL_CAN_TxMailbox2CompleteCallback
                0x08002700        0x2 build/stm32f4xx_hal_can.o
                0x08002700                HAL_CAN_TxMailbox2CompleteCallback
 .text.HAL_CAN_TxMailbox0AbortCallback
                0x08002702        0x2 build/stm32f4xx_hal_can.o
                0x08002702                HAL_CAN_TxMailbox0AbortCallback
 .text.HAL_CAN_TxMailbox1AbortCallback
                0x08002704        0x2 build/stm32f4xx_hal_can.o
                0x08002704                HAL_CAN_TxMailbox1AbortCallback
 .text.HAL_CAN_TxMailbox2AbortCallback
                0x08002706        0x2 build/stm32f4xx_hal_can.o
                0x08002706                HAL_CAN_TxMailbox2AbortCallback
 .text.HAL_CAN_RxFifo0FullCallback
                0x08002708        0x2 build/stm32f4xx_hal_can.o
                0x08002708                HAL_CAN_RxFifo0FullCallback
 .text.HAL_CAN_RxFifo1MsgPendingCallback
                0x0800270a        0x2 build/stm32f4xx_hal_can.o
                0x0800270a                HAL_CAN_RxFifo1MsgPendingCallback
 .text.HAL_CAN_RxFifo1FullCallback
                0x0800270c        0x2 build/stm32f4xx_hal_can.o
                0x0800270c                HAL_CAN_RxFifo1FullCallback
 .text.HAL_CAN_SleepCallback
                0x0800270e        0x2 build/stm32f4xx_hal_can.o
                0x0800270e                HAL_CAN_SleepCallback
 .text.HAL_CAN_WakeUpFromRxMsgCallback
                0x08002710        0x2 build/stm32f4xx_hal_can.o
                0x08002710                HAL_CAN_WakeUpFromRxMsgCallback
 .text.HAL_CAN_ErrorCallback
                0x08002712        0x2 build/stm32f4xx_hal_can.o
                0x08002712                HAL_CAN_ErrorCallback
 .text.HAL_CAN_IRQHandler
                0x08002714      0x250 build/stm32f4xx_hal_can.o
                0x08002714                HAL_CAN_IRQHandler
 .text.SystemInit
                0x08002964       0x14 build/system_stm32f4xx.o
                0x08002964                SystemInit
 .text._sbrk    0x08002978       0x48 build/sysmem.o
                0x08002978                _sbrk
 .text.UART_EndTxTransfer
                0x080029c0       0x20 build/stm32f4xx_hal_uart.o
 .text.UART_EndRxTransfer
                0x080029e0       0x5c build/stm32f4xx_hal_uart.o
 .text.UART_Transmit_IT
                0x08002a3c       0x60 build/stm32f4xx_hal_uart.o
 .text.UART_SetConfig
                0x08002a9c      0x110 build/stm32f4xx_hal_uart.o
 .text.HAL_UART_Init
                0x08002bac       0x60 build/stm32f4xx_hal_uart.o
                0x08002bac                HAL_UART_Init
 .text.HAL_UART_Transmit_DMA
                0x08002c0c       0x90 build/stm32f4xx_hal_uart.o
                0x08002c0c                HAL_UART_Transmit_DMA
 .text.HAL_UART_TxCpltCallback
                0x08002c9c        0x2 build/stm32f4xx_hal_uart.o
                0x08002c9c                HAL_UART_TxCpltCallback
 .text.UART_DMATransmitCplt
                0x08002c9e       0x4c build/stm32f4xx_hal_uart.o
 .text.UART_EndTransmit_IT
                0x08002cea       0x1a build/stm32f4xx_hal_uart.o
 .text.HAL_UART_TxHalfCpltCallback
                0x08002d04        0x2 build/stm32f4xx_hal_uart.o
                0x08002d04                HAL_UART_TxHalfCpltCallback
 .text.UART_DMATxHalfCplt
                0x08002d06        0xa build/stm32f4xx_hal_uart.o
 .text.HAL_UART_RxCpltCallback
                0x08002d10        0x2 build/stm32f4xx_hal_uart.o
                0x08002d10                HAL_UART_RxCpltCallback
 .text.HAL_UART_RxHalfCpltCallback
                0x08002d12        0x2 build/stm32f4xx_hal_uart.o
                0x08002d12                HAL_UART_RxHalfCpltCallback
 .text.UART_DMAError
                0x08002d14       0x58 build/stm32f4xx_hal_uart.o
 .text.UART_DMAAbortOnError
                0x08002d6c        0xe build/stm32f4xx_hal_uart.o
 .text.UART_Receive_IT
                0x08002d7a       0xe6 build/stm32f4xx_hal_uart.o
 .text.HAL_UART_IRQHandler
                0x08002e60      0x2a0 build/stm32f4xx_hal_uart.o
                0x08002e60                HAL_UART_IRQHandler
 .text.UART_DMARxHalfCplt
                0x08003100       0x1e build/stm32f4xx_hal_uart.o
 .text.UART_DMAReceiveCplt
                0x0800311e       0x9a build/stm32f4xx_hal_uart.o
 .text.UART_Start_Receive_DMA
                0x080031b8       0xb8 build/stm32f4xx_hal_uart.o
                0x080031b8                UART_Start_Receive_DMA
 .text.HAL_UARTEx_ReceiveToIdle_DMA
                0x08003270       0x62 build/stm32f4xx_hal_uart.o
                0x08003270                HAL_UARTEx_ReceiveToIdle_DMA
 *fill*         0x080032d2        0x2 
 .text.SPI_WaitFlagStateUntilTimeout
                0x080032d4       0xc8 build/stm32f4xx_hal_spi.o
 .text.SPI_EndRxTxTransaction
                0x0800339c       0x80 build/stm32f4xx_hal_spi.o
 .text.HAL_SPI_Init
                0x0800341c       0xbe build/stm32f4xx_hal_spi.o
                0x0800341c                HAL_SPI_Init
 .text.HAL_SPI_TransmitReceive
                0x080034da      0x254 build/stm32f4xx_hal_spi.o
                0x080034da                HAL_SPI_TransmitReceive
 *fill*         0x0800372e        0x2 
 .text.Reset_Handler
                0x08003730       0x50 build/startup_stm32f407xx.o
                0x08003730                Reset_Handler
 .text.Default_Handler
                0x08003780        0x2 build/startup_stm32f407xx.o
                0x08003780                DMA1_Stream3_IRQHandler
                0x08003780                HASH_RNG_IRQHandler
                0x08003780                EXTI2_IRQHandler
                0x08003780                TIM8_CC_IRQHandler
                0x08003780                TIM1_CC_IRQHandler
                0x08003780                DMA2_Stream5_IRQHandler
                0x08003780                DMA1_Stream5_IRQHandler
                0x08003780                PVD_IRQHandler
                0x08003780                SDIO_IRQHandler
                0x08003780                TAMP_STAMP_IRQHandler
                0x08003780                CAN2_RX1_IRQHandler
                0x08003780                EXTI3_IRQHandler
                0x08003780                TIM8_TRG_COM_TIM14_IRQHandler
                0x08003780                TIM1_UP_TIM10_IRQHandler
                0x08003780                TIM8_UP_TIM13_IRQHandler
                0x08003780                I2C3_ER_IRQHandler
                0x08003780                EXTI0_IRQHandler
                0x08003780                I2C2_EV_IRQHandler
                0x08003780                DMA1_Stream2_IRQHandler
                0x08003780                FPU_IRQHandler
                0x08003780                OTG_HS_WKUP_IRQHandler
                0x08003780                CAN2_SCE_IRQHandler
                0x08003780                DMA2_Stream2_IRQHandler
                0x08003780                SPI1_IRQHandler
                0x08003780                TIM6_DAC_IRQHandler
                0x08003780                TIM1_BRK_TIM9_IRQHandler
                0x08003780                DCMI_IRQHandler
                0x08003780                CAN2_RX0_IRQHandler
                0x08003780                DMA2_Stream3_IRQHandler
                0x08003780                USART6_IRQHandler
                0x08003780                CAN1_RX1_IRQHandler
                0x08003780                UART5_IRQHandler
                0x08003780                DMA2_Stream0_IRQHandler
                0x08003780                TIM4_IRQHandler
                0x08003780                I2C1_EV_IRQHandler
                0x08003780                DMA1_Stream6_IRQHandler
                0x08003780                UART4_IRQHandler
                0x08003780                TIM3_IRQHandler
                0x08003780                RCC_IRQHandler
                0x08003780                TIM8_BRK_TIM12_IRQHandler
                0x08003780                Default_Handler
                0x08003780                EXTI15_10_IRQHandler
                0x08003780                ADC_IRQHandler
                0x08003780                DMA1_Stream7_IRQHandler
                0x08003780                TIM7_IRQHandler
                0x08003780                CAN2_TX_IRQHandler
                0x08003780                TIM5_IRQHandler
                0x08003780                I2C3_EV_IRQHandler
                0x08003780                EXTI9_5_IRQHandler
                0x08003780                RTC_WKUP_IRQHandler
                0x08003780                ETH_WKUP_IRQHandler
                0x08003780                SPI2_IRQHandler
                0x08003780                OTG_HS_EP1_IN_IRQHandler
                0x08003780                DMA1_Stream0_IRQHandler
                0x08003780                CAN1_TX_IRQHandler
                0x08003780                EXTI4_IRQHandler
                0x08003780                FSMC_IRQHandler
                0x08003780                ETH_IRQHandler
                0x08003780                OTG_HS_EP1_OUT_IRQHandler
                0x08003780                WWDG_IRQHandler
                0x08003780                TIM2_IRQHandler
                0x08003780                OTG_FS_WKUP_IRQHandler
                0x08003780                TIM1_TRG_COM_TIM11_IRQHandler
                0x08003780                OTG_HS_IRQHandler
                0x08003780                EXTI1_IRQHandler
                0x08003780                USART2_IRQHandler
                0x08003780                I2C2_ER_IRQHandler
                0x08003780                DMA2_Stream1_IRQHandler
                0x08003780                CAN1_SCE_IRQHandler
                0x08003780                FLASH_IRQHandler
                0x08003780                DMA2_Stream4_IRQHandler
                0x08003780                OTG_FS_IRQHandler
                0x08003780                SPI3_IRQHandler
                0x08003780                DMA1_Stream4_IRQHandler
                0x08003780                I2C1_ER_IRQHandler
                0x08003780                DMA2_Stream6_IRQHandler
                0x08003780                RTC_Alarm_IRQHandler
 .text._vsnprintf_r
                0x08003782       0x5c /Applications/ArmGNUToolchain/13.3.rel1/arm-none-eabi/bin/../lib/gcc/arm-none-eabi/13.3.1/../../../../arm-none-eabi/lib/thumb/v7e-m+fp/hard/libc_nano.a(libc_a-vsnprintf.o)
                0x08003782                _vsnprintf_r
                0x08003782                _vsniprintf_r
 *fill*         0x080037de        0x2 
 .text.vsnprintf
                0x080037e0       0x1c /Applications/ArmGNUToolchain/13.3.rel1/arm-none-eabi/bin/../lib/gcc/arm-none-eabi/13.3.1/../../../../arm-none-eabi/lib/thumb/v7e-m+fp/hard/libc_nano.a(libc_a-vsnprintf.o)
                0x080037e0                vsnprintf
                0x080037e0                vsniprintf
 .text.memset   0x080037fc       0x10 /Applications/ArmGNUToolchain/13.3.rel1/arm-none-eabi/bin/../lib/gcc/arm-none-eabi/13.3.1/../../../../arm-none-eabi/lib/thumb/v7e-m+fp/hard/libc_nano.a(libc_a-memset.o)
                0x080037fc                memset
 .text.__errno  0x0800380c        0xc /Applications/ArmGNUToolchain/13.3.rel1/arm-none-eabi/bin/../lib/gcc/arm-none-eabi/13.3.1/../../../../arm-none-eabi/lib/thumb/v7e-m+fp/hard/libc_nano.a(libc_a-errno.o)
                0x0800380c                __errno
 .text.__libc_init_array
                0x08003818       0x48 /Applications/ArmGNUToolchain/13.3.rel1/arm-none-eabi/bin/../lib/gcc/arm-none-eabi/13.3.1/../../../../arm-none-eabi/lib/thumb/v7e-m+fp/hard/libc_nano.a(libc_a-init.o)
                0x08003818                __libc_init_array
 .text.__retarget_lock_acquire_recursive
                0x08003860        0x2 /Applications/ArmGNUToolchain/13.3.rel1/arm-none-eabi/bin/../lib/gcc/arm-none-eabi/13.3.1/../../../../arm-none-eabi/lib/thumb/v7e-m+fp/hard/libc_nano.a(libc_a-lock.o)
                0x08003860                __retarget_lock_acquire_recursive
 .text.__retarget_lock_release_recursive
                0x08003862        0x2 /Applications/ArmGNUToolchain/13.3.rel1/arm-none-eabi/bin/../lib/gcc/arm-none-eabi/13.3.1/../../../../arm-none-eabi/lib/thumb/v7e-m+fp/hard/libc_nano.a(libc_a-lock.o)
                0x08003862                __retarget_lock_release_recursive
 .text.__ssputs_r
                0x08003864       0xb6 /Applications/ArmGNUToolchain/13.3.rel1/arm-none-eabi/bin/../lib/gcc/arm-none-eabi/13.3.1/../../../../arm-none-eabi/lib/thumb/v7e-m+fp/hard/libc_nano.a(libc_a-nano-svfprintf.o)
                0x08003864                __ssputs_r
 *fill*         0x0800391a        0x2 
 .text._svfprintf_r
                0x0800391c      0x1f8 /Applications/ArmGNUToolchain/13.3.rel1/arm-none-eabi/bin/../lib/gcc/arm-none-eabi/13.3.1/../../../../arm-none-eabi/lib/thumb/v7e-m+fp/hard/libc_nano.a(libc_a-nano-svfprintf.o)
                0x0800391c                _svfprintf_r
                0x0800391c                _svfiprintf_r
 .text.sbrk_aligned
                0x08003b14       0x44 /Applications/ArmGNUToolchain/13.3.rel1/arm-none-eabi/bin/../lib/gcc/arm-none-eabi/13.3.1/../../../../arm-none-eabi/lib/thumb/v7e-m+fp/hard/libc_nano.a(libc_a-mallocr.o)
 .text._malloc_r
                0x08003b58      0x100 /Applications/ArmGNUToolchain/13.3.rel1/arm-none-eabi/bin/../lib/gcc/arm-none-eabi/13.3.1/../../../../arm-none-eabi/lib/thumb/v7e-m+fp/hard/libc_nano.a(libc_a-mallocr.o)
                0x08003b58                _malloc_r
 .text._printf_common
                0x08003c58       0xda /Applications/ArmGNUToolchain/13.3.rel1/arm-none-eabi/bin/../lib/gcc/arm-none-eabi/13.3.1/../../../../arm-none-eabi/lib/thumb/v7e-m+fp/hard/libc_nano.a(libc_a-nano-vfprintf_i.o)
                0x08003c58                _printf_common
 *fill*         0x08003d32        0x2 
 .text._printf_i
                0x08003d34      0x23c /Applications/ArmGNUToolchain/13.3.rel1/arm-none-eabi/bin/../lib/gcc/arm-none-eabi/13.3.1/../../../../arm-none-eabi/lib/thumb/v7e-m+fp/hard/libc_nano.a(libc_a-nano-vfprintf_i.o)
                0x08003d34                _printf_i
 .text.__malloc_lock
                0x08003f70        0xc /Applications/ArmGNUToolchain/13.3.rel1/arm-none-eabi/bin/../lib/gcc/arm-none-eabi/13.3.1/../../../../arm-none-eabi/lib/thumb/v7e-m+fp/hard/libc_nano.a(libc_a-mlock.o)
                0x08003f70                __malloc_lock
 .text.__malloc_unlock
                0x08003f7c        0xc /Applications/ArmGNUToolchain/13.3.rel1/arm-none-eabi/bin/../lib/gcc/arm-none-eabi/13.3.1/../../../../arm-none-eabi/lib/thumb/v7e-m+fp/hard/libc_nano.a(libc_a-mlock.o)
                0x08003f7c                __malloc_unlock
 .text._realloc_r
                0x08003f88       0x5c /Applications/ArmGNUToolchain/13.3.rel1/arm-none-eabi/bin/../lib/gcc/arm-none-eabi/13.3.1/../../../../arm-none-eabi/lib/thumb/v7e-m+fp/hard/libc_nano.a(libc_a-reallocr.o)
                0x08003f88                _realloc_r
 .text.memmove  0x08003fe4       0x34 /Applications/ArmGNUToolchain/13.3.rel1/arm-none-eabi/bin/../lib/gcc/arm-none-eabi/13.3.1/../../../../arm-none-eabi/lib/thumb/v7e-m+fp/hard/libc_nano.a(libc_a-memmove.o)
                0x08003fe4                memmove
 .text._sbrk_r  0x08004018       0x20 /Applications/ArmGNUToolchain/13.3.rel1/arm-none-eabi/bin/../lib/gcc/arm-none-eabi/13.3.1/../../../../arm-none-eabi/lib/thumb/v7e-m+fp/hard/libc_nano.a(libc_a-sbrkr.o)
                0x08004018                _sbrk_r
 .text.memcpy   0x08004038       0x1c /Applications/ArmGNUToolchain/13.3.rel1/arm-none-eabi/bin/../lib/gcc/arm-none-eabi/13.3.1/../../../../arm-none-eabi/lib/thumb/v7e-m+fp/hard/libc_nano.a(libc_a-memcpy-stub.o)
                0x08004038                memcpy
 .text._free_r  0x08004054       0x94 /Applications/ArmGNUToolchain/13.3.rel1/arm-none-eabi/bin/../lib/gcc/arm-none-eabi/13.3.1/../../../../arm-none-eabi/lib/thumb/v7e-m+fp/hard/libc_nano.a(libc_a-freer.o)
                0x08004054                _free_r
 .text._malloc_usable_size_r
                0x080040e8       0x10 /Applications/ArmGNUToolchain/13.3.rel1/arm-none-eabi/bin/../lib/gcc/arm-none-eabi/13.3.1/../../../../arm-none-eabi/lib/thumb/v7e-m+fp/hard/libc_nano.a(libc_a-msizer.o)
                0x080040e8                _malloc_usable_size_r
 .text.cosf     0x080040f8       0x70 /Applications/ArmGNUToolchain/13.3.rel1/arm-none-eabi/bin/../lib/gcc/arm-none-eabi/13.3.1/../../../../arm-none-eabi/lib/thumb/v7e-m+fp/hard/libm.a(libm_a-sf_cos.o)
                0x080040f8                cosf
 .text.sinf     0x08004168       0x74 /Applications/ArmGNUToolchain/13.3.rel1/arm-none-eabi/bin/../lib/gcc/arm-none-eabi/13.3.1/../../../../arm-none-eabi/lib/thumb/v7e-m+fp/hard/libm.a(libm_a-sf_sin.o)
                0x08004168                sinf
 .text.__kernel_cosf
                0x080041dc      0x104 /Applications/ArmGNUToolchain/13.3.rel1/arm-none-eabi/bin/../lib/gcc/arm-none-eabi/13.3.1/../../../../arm-none-eabi/lib/thumb/v7e-m+fp/hard/libm.a(libm_a-kf_cos.o)
                0x080041dc                __kernel_cosf
 .text.__kernel_sinf
                0x080042e0       0x90 /Applications/ArmGNUToolchain/13.3.rel1/arm-none-eabi/bin/../lib/gcc/arm-none-eabi/13.3.1/../../../../arm-none-eabi/lib/thumb/v7e-m+fp/hard/libm.a(libm_a-kf_sin.o)
                0x080042e0                __kernel_sinf
 .text.__ieee754_rem_pio2f
                0x08004370      0x260 /Applications/ArmGNUToolchain/13.3.rel1/arm-none-eabi/bin/../lib/gcc/arm-none-eabi/13.3.1/../../../../arm-none-eabi/lib/thumb/v7e-m+fp/hard/libm.a(libm_a-ef_rem_pio2.o)
                0x08004370                __ieee754_rem_pio2f
 .text.fabsf    0x080045d0       0x10 /Applications/ArmGNUToolchain/13.3.rel1/arm-none-eabi/bin/../lib/gcc/arm-none-eabi/13.3.1/../../../../arm-none-eabi/lib/thumb/v7e-m+fp/hard/libm.a(libm_a-sf_fabs.o)
                0x080045d0                fabsf
 .text.__kernel_rem_pio2f
                0x080045e0      0x63c /Applications/ArmGNUToolchain/13.3.rel1/arm-none-eabi/bin/../lib/gcc/arm-none-eabi/13.3.1/../../../../arm-none-eabi/lib/thumb/v7e-m+fp/hard/libm.a(libm_a-kf_rem_pio2.o)
                0x080045e0                __kernel_rem_pio2f
 .text.floorf   0x08004c1c       0x94 /Applications/ArmGNUToolchain/13.3.rel1/arm-none-eabi/bin/../lib/gcc/arm-none-eabi/13.3.1/../../../../arm-none-eabi/lib/thumb/v7e-m+fp/hard/libm.a(libm_a-sf_floor.o)
                0x08004c1c                floorf
 .text.scalbnf  0x08004cb0       0xe4 /Applications/ArmGNUToolchain/13.3.rel1/arm-none-eabi/bin/../lib/gcc/arm-none-eabi/13.3.1/../../../../arm-none-eabi/lib/thumb/v7e-m+fp/hard/libm.a(libm_a-sf_scalbn.o)
                0x08004cb0                scalbnf
 .text.__udivmoddi4
                0x08004d94      0x2bc /Applications/ArmGNUToolchain/13.3.rel1/arm-none-eabi/bin/../lib/gcc/arm-none-eabi/13.3.1/thumb/v7e-m+fp/hard/libgcc.a(_udivmoddi4.o)
                0x08004d94                __udivmoddi4
 *(.glue_7)
 .glue_7        0x08005050        0x0 linker stubs
 *(.glue_7t)
 .glue_7t       0x08005050        0x0 linker stubs
 *(.eh_frame)
 .eh_frame      0x08005050        0x0 /Applications/ArmGNUToolchain/13.3.rel1/arm-none-eabi/bin/../lib/gcc/arm-none-eabi/13.3.1/thumb/v7e-m+fp/hard/crtbegin.o
 *(.init)
 .init          0x08005050        0x4 /Applications/ArmGNUToolchain/13.3.rel1/arm-none-eabi/bin/../lib/gcc/arm-none-eabi/13.3.1/thumb/v7e-m+fp/hard/crti.o
                0x08005050                _init
 .init          0x08005054        0x8 /Applications/ArmGNUToolchain/13.3.rel1/arm-none-eabi/bin/../lib/gcc/arm-none-eabi/13.3.1/thumb/v7e-m+fp/hard/crtn.o
 *(.fini)
 .fini          0x0800505c        0x4 /Applications/ArmGNUToolchain/13.3.rel1/arm-none-eabi/bin/../lib/gcc/arm-none-eabi/13.3.1/thumb/v7e-m+fp/hard/crti.o
                0x0800505c                _fini
 .fini          0x08005060        0x8 /Applications/ArmGNUToolchain/13.3.rel1/arm-none-eabi/bin/../lib/gcc/arm-none-eabi/13.3.1/thumb/v7e-m+fp/hard/crtn.o
                0x08005068                        . = ALIGN (0x4)
                0x08005068                        _etext = .

.vfp11_veneer   0x08005068        0x0
 .vfp11_veneer  0x08005068        0x0 linker stubs

.v4_bx          0x08005068        0x0
 .v4_bx         0x08005068        0x0 linker stubs

.iplt           0x08005068        0x0
 .iplt          0x08005068        0x0 /Applications/ArmGNUToolchain/13.3.rel1/arm-none-eabi/bin/../lib/gcc/arm-none-eabi/13.3.1/thumb/v7e-m+fp/hard/crtbegin.o

.rodata         0x08005068      0x500
                0x08005068                        . = ALIGN (0x4)
 *(.rodata)
 *(.rodata*)
 .rodata.main.str1.4
                0x08005068       0xda build/main.o
 *fill*         0x08005142        0x2 
 .rodata.flagBitshiftOffset.0
                0x08005144        0x8 build/stm32f4xx_hal_dma.o
 .rodata.APBPrescTable
                0x0800514c        0x8 build/system_stm32f4xx.o
                0x0800514c                APBPrescTable
 .rodata.AHBPrescTable
                0x08005154       0x10 build/system_stm32f4xx.o
                0x08005154                AHBPrescTable
 .rodata._svfprintf_r.str1.1
                0x08005164       0x33 /Applications/ArmGNUToolchain/13.3.rel1/arm-none-eabi/bin/../lib/gcc/arm-none-eabi/13.3.1/../../../../arm-none-eabi/lib/thumb/v7e-m+fp/hard/libc_nano.a(libc_a-nano-svfprintf.o)
                                 0x11 (size before relaxing)
 .rodata._printf_i.str1.1
                0x08005197       0x22 /Applications/ArmGNUToolchain/13.3.rel1/arm-none-eabi/bin/../lib/gcc/arm-none-eabi/13.3.1/../../../../arm-none-eabi/lib/thumb/v7e-m+fp/hard/libc_nano.a(libc_a-nano-vfprintf_i.o)
 *fill*         0x08005197        0x1 
 .rodata.npio2_hw
                0x08005198       0x80 /Applications/ArmGNUToolchain/13.3.rel1/arm-none-eabi/bin/../lib/gcc/arm-none-eabi/13.3.1/../../../../arm-none-eabi/lib/thumb/v7e-m+fp/hard/libm.a(libm_a-ef_rem_pio2.o)
 .rodata.two_over_pi
                0x08005218      0x318 /Applications/ArmGNUToolchain/13.3.rel1/arm-none-eabi/bin/../lib/gcc/arm-none-eabi/13.3.1/../../../../arm-none-eabi/lib/thumb/v7e-m+fp/hard/libm.a(libm_a-ef_rem_pio2.o)
 .rodata.PIo2   0x08005530       0x2c /Applications/ArmGNUToolchain/13.3.rel1/arm-none-eabi/bin/../lib/gcc/arm-none-eabi/13.3.1/../../../../arm-none-eabi/lib/thumb/v7e-m+fp/hard/libm.a(libm_a-kf_rem_pio2.o)
 .rodata.init_jk
                0x0800555c        0xc /Applications/ArmGNUToolchain/13.3.rel1/arm-none-eabi/bin/../lib/gcc/arm-none-eabi/13.3.1/../../../../arm-none-eabi/lib/thumb/v7e-m+fp/hard/libm.a(libm_a-kf_rem_pio2.o)
                0x08005568                        . = ALIGN (0x4)

.ARM.extab      0x08005568        0x0
                0x08005568                        . = ALIGN (0x4)
 *(.ARM.extab* .gnu.linkonce.armextab.*)
                0x08005568                        . = ALIGN (0x4)

.ARM            0x08005568        0x8
                0x08005568                        . = ALIGN (0x4)
                0x08005568                        __exidx_start = .
 *(.ARM.exidx*)
 .ARM.exidx     0x08005568        0x8 /Applications/ArmGNUToolchain/13.3.rel1/arm-none-eabi/bin/../lib/gcc/arm-none-eabi/13.3.1/../../../../arm-none-eabi/lib/thumb/v7e-m+fp/hard/libc_nano.a(libc_a-memchr.o)
 .ARM.exidx.text.__udivmoddi4
                0x08005570        0x0 /Applications/ArmGNUToolchain/13.3.rel1/arm-none-eabi/bin/../lib/gcc/arm-none-eabi/13.3.1/thumb/v7e-m+fp/hard/libgcc.a(_udivmoddi4.o)
                                  0x8 (size before relaxing)
                0x08005570                        __exidx_end = .
                0x08005570                        . = ALIGN (0x4)

.preinit_array  0x08005570        0x0
                0x08005570                        . = ALIGN (0x4)
                0x08005570                        PROVIDE (__preinit_array_start = .)
 *(.preinit_array*)
                0x08005570                        PROVIDE (__preinit_array_end = .)
                0x08005570                        . = ALIGN (0x4)

.init_array     0x08005570        0x4
                0x08005570                        . = ALIGN (0x4)
                0x08005570                        PROVIDE (__init_array_start = .)
 *(SORT_BY_NAME(.init_array.*))
 *(.init_array*)
 .init_array    0x08005570        0x4 /Applications/ArmGNUToolchain/13.3.rel1/arm-none-eabi/bin/../lib/gcc/arm-none-eabi/13.3.1/thumb/v7e-m+fp/hard/crtbegin.o
                0x08005574                        PROVIDE (__init_array_end = .)
                0x08005574                        . = ALIGN (0x4)

.fini_array     0x08005574        0x4
                0x08005574                        . = ALIGN (0x4)
                [!provide]                        PROVIDE (__fini_array_start = .)
 *(SORT_BY_NAME(.fini_array.*))
 *(.fini_array*)
 .fini_array    0x08005574        0x4 /Applications/ArmGNUToolchain/13.3.rel1/arm-none-eabi/bin/../lib/gcc/arm-none-eabi/13.3.1/thumb/v7e-m+fp/hard/crtbegin.o
                [!provide]                        PROVIDE (__fini_array_end = .)
                0x08005578                        . = ALIGN (0x4)
                0x08005578                        _sidata = LOADADDR (.data)

.rel.dyn        0x08005578        0x0
 .rel.iplt      0x08005578        0x0 /Applications/ArmGNUToolchain/13.3.rel1/arm-none-eabi/bin/../lib/gcc/arm-none-eabi/13.3.1/thumb/v7e-m+fp/hard/crtbegin.o

.data           0x20000000       0x5c load address 0x08005578
                0x20000000                        . = ALIGN (0x4)
                0x20000000                        _sdata = .
 *(.data)
 *(.data*)
 .data.fakeUseSpeed
                0x20000000        0x2 build/main.o
                0x20000000                fakeUseSpeed
 .data.uwTickFreq
                0x20000002        0x1 build/stm32f4xx_hal.o
                0x20000002                uwTickFreq
 *fill*         0x20000003        0x1 
 .data.uwTickPrio
                0x20000004        0x4 build/stm32f4xx_hal.o
                0x20000004                uwTickPrio
 .data.SystemCoreClock
                0x20000008        0x4 build/system_stm32f4xx.o
                0x20000008                SystemCoreClock
 .data._impure_ptr
                0x2000000c        0x4 /Applications/ArmGNUToolchain/13.3.rel1/arm-none-eabi/bin/../lib/gcc/arm-none-eabi/13.3.1/../../../../arm-none-eabi/lib/thumb/v7e-m+fp/hard/libc_nano.a(libc_a-impure.o)
                0x2000000c                _impure_ptr
 .data._impure_data
                0x20000010       0x4c /Applications/ArmGNUToolchain/13.3.rel1/arm-none-eabi/bin/../lib/gcc/arm-none-eabi/13.3.1/../../../../arm-none-eabi/lib/thumb/v7e-m+fp/hard/libc_nano.a(libc_a-impure.o)
                0x20000010                _impure_data
 *(.RamFunc)
 *(.RamFunc*)
                0x2000005c                        . = ALIGN (0x4)
                0x2000005c                        _edata = .
                0x080055d4                        _siccmram = LOADADDR (.ccmram)

.tm_clone_table
                0x2000005c        0x0 load address 0x080055d4
 .tm_clone_table
                0x2000005c        0x0 /Applications/ArmGNUToolchain/13.3.rel1/arm-none-eabi/bin/../lib/gcc/arm-none-eabi/13.3.1/thumb/v7e-m+fp/hard/crtbegin.o
 .tm_clone_table
                0x2000005c        0x0 /Applications/ArmGNUToolchain/13.3.rel1/arm-none-eabi/bin/../lib/gcc/arm-none-eabi/13.3.1/thumb/v7e-m+fp/hard/crtend.o

.igot.plt       0x2000005c        0x0 load address 0x080055d4
 .igot.plt      0x2000005c        0x0 /Applications/ArmGNUToolchain/13.3.rel1/arm-none-eabi/bin/../lib/gcc/arm-none-eabi/13.3.1/thumb/v7e-m+fp/hard/crtbegin.o

.ccmram         0x10000000        0x0 load address 0x080055d4
                0x10000000                        . = ALIGN (0x4)
                0x10000000                        _sccmram = .
 *(.ccmram)
 *(.ccmram*)
                0x10000000                        . = ALIGN (0x4)
                0x10000000                        _eccmram = .
                0x10000000                        . = ALIGN (0x4)

.bss            0x2000005c      0x508
                0x2000005c                        _sbss = .
                0x2000005c                        __bss_start__ = _sbss
 *(.bss)
 *(.bss*)
 .bss.completed.1
                0x2000005c        0x1 /Applications/ArmGNUToolchain/13.3.rel1/arm-none-eabi/bin/../lib/gcc/arm-none-eabi/13.3.1/thumb/v7e-m+fp/hard/crtbegin.o
 *fill*         0x2000005d        0x3 
 .bss.object.0  0x20000060       0x18 /Applications/ArmGNUToolchain/13.3.rel1/arm-none-eabi/bin/../lib/gcc/arm-none-eabi/13.3.1/thumb/v7e-m+fp/hard/crtbegin.o
 .bss.last_tick.0
                0x20000078        0x4 build/main.o
 .bss.tx_buf.1  0x2000007c      0x100 build/main.o
 .bss.rc_print_tick
                0x2000017c        0x4 build/main.o
                0x2000017c                rc_print_tick
 .bss.rc_last_tick
                0x20000180        0x4 build/main.o
                0x20000180                rc_last_tick
 .bss.rc_ctrl   0x20000184       0x16 build/main.o
                0x20000184                rc_ctrl
 *fill*         0x2000019a        0x2 
 .bss.rc_buf    0x2000019c       0x12 build/main.o
                0x2000019c                rc_buf
 *fill*         0x200001ae        0x2 
 .bss.INS_yaw   0x200001b0        0x4 build/main.o
                0x200001b0                INS_yaw
 .bss.gyro_offset
                0x200001b4        0xc build/main.o
                0x200001b4                gyro_offset
 .bss.BMI088_gyro
                0x200001c0        0xc build/main.o
                0x200001c0                BMI088_gyro
 .bss.BMI088_gyro_id
                0x200001cc        0x1 build/main.o
                0x200001cc                BMI088_gyro_id
 *fill*         0x200001cd        0x1 
 .bss.fakeUseOmega
                0x200001ce        0x2 build/main.o
                0x200001ce                fakeUseOmega
 .bss.fakeUseSpeedLR
                0x200001d0        0x2 build/main.o
                0x200001d0                fakeUseSpeedLR
 .bss.fakeUseCurrent4
                0x200001d2        0x2 build/main.o
                0x200001d2                fakeUseCurrent4
 .bss.fakeUseCurrent3
                0x200001d4        0x2 build/main.o
                0x200001d4                fakeUseCurrent3
 .bss.fakeUseCurrent2
                0x200001d6        0x2 build/main.o
                0x200001d6                fakeUseCurrent2
 .bss.fakeUseCurrent1
                0x200001d8        0x2 build/main.o
                0x200001d8                fakeUseCurrent1
 *fill*         0x200001da        0x2 
 .bss.RxCount4  0x200001dc       0x10 build/main.o
                0x200001dc                RxCount4
 .bss.RxTemp4   0x200001ec        0x4 build/main.o
                0x200001ec                RxTemp4
 .bss.RxCurrent4
                0x200001f0        0x8 build/main.o
                0x200001f0                RxCurrent4
 .bss.RxSpeed4  0x200001f8        0x8 build/main.o
                0x200001f8                RxSpeed4
 .bss.RxEcd4    0x20000200        0x8 build/main.o
                0x20000200                RxEcd4
 .bss.RxTemp    0x20000208        0x1 build/main.o
                0x20000208                RxTemp
 *fill*         0x20000209        0x1 
 .bss.RxCurrent
                0x2000020a        0x2 build/main.o
                0x2000020a                RxCurrent
 .bss.RxSpeed   0x2000020c        0x2 build/main.o
                0x2000020c                RxSpeed
 .bss.RxEcd     0x2000020e        0x2 build/main.o
                0x2000020e                RxEcd
 .bss.RxLastTick
                0x20000210        0x4 build/main.o
                0x20000210                RxLastTick
 .bss.RxCount   0x20000214        0x4 build/main.o
                0x20000214                RxCount
 .bss.RxData    0x20000218        0x8 build/main.o
                0x20000218                RxData
 .bss.RxStdId   0x20000220        0x4 build/main.o
                0x20000220                RxStdId
 .bss.TxData    0x20000224        0x8 build/main.o
                0x20000224                TxData
 .bss.TxHeader  0x2000022c       0x18 build/main.o
                0x2000022c                TxHeader
 .bss.hdma_usart3_rx
                0x20000244       0x60 build/main.o
                0x20000244                hdma_usart3_rx
 .bss.hdma_usart1_tx
                0x200002a4       0x60 build/main.o
                0x200002a4                hdma_usart1_tx
 .bss.huart3    0x20000304       0x48 build/main.o
                0x20000304                huart3
 .bss.huart1    0x2000034c       0x48 build/main.o
                0x2000034c                huart1
 .bss.hspi1     0x20000394       0x58 build/main.o
                0x20000394                hspi1
 .bss.hcan1     0x200003ec       0x28 build/main.o
                0x200003ec                hcan1
 .bss.uwTick    0x20000414        0x4 build/stm32f4xx_hal.o
                0x20000414                uwTick
 .bss.__sbrk_heap_end
                0x20000418        0x4 build/sysmem.o
 .bss.__sf      0x2000041c      0x138 /Applications/ArmGNUToolchain/13.3.rel1/arm-none-eabi/bin/../lib/gcc/arm-none-eabi/13.3.1/../../../../arm-none-eabi/lib/thumb/v7e-m+fp/hard/libc_nano.a(libc_a-findfp.o)
                0x2000041c                __sf
 .bss.__lock___malloc_recursive_mutex
                0x20000554        0x1 /Applications/ArmGNUToolchain/13.3.rel1/arm-none-eabi/bin/../lib/gcc/arm-none-eabi/13.3.1/../../../../arm-none-eabi/lib/thumb/v7e-m+fp/hard/libc_nano.a(libc_a-lock.o)
                0x20000554                __lock___malloc_recursive_mutex
 *fill*         0x20000555        0x3 
 .bss.__malloc_sbrk_start
                0x20000558        0x4 /Applications/ArmGNUToolchain/13.3.rel1/arm-none-eabi/bin/../lib/gcc/arm-none-eabi/13.3.1/../../../../arm-none-eabi/lib/thumb/v7e-m+fp/hard/libc_nano.a(libc_a-mallocr.o)
                0x20000558                __malloc_sbrk_start
 .bss.__malloc_free_list
                0x2000055c        0x4 /Applications/ArmGNUToolchain/13.3.rel1/arm-none-eabi/bin/../lib/gcc/arm-none-eabi/13.3.1/../../../../arm-none-eabi/lib/thumb/v7e-m+fp/hard/libc_nano.a(libc_a-mallocr.o)
                0x2000055c                __malloc_free_list
 .bss.errno     0x20000560        0x4 /Applications/ArmGNUToolchain/13.3.rel1/arm-none-eabi/bin/../lib/gcc/arm-none-eabi/13.3.1/../../../../arm-none-eabi/lib/thumb/v7e-m+fp/hard/libc_nano.a(libc_a-reent.o)
                0x20000560                errno
 *(COMMON)
                0x20000564                        . = ALIGN (0x4)
                0x20000564                        _ebss = .
                0x20000564                        __bss_end__ = _ebss

._user_heap_stack
                0x20000564      0x604
                0x20000568                        . = ALIGN (0x8)
 *fill*         0x20000564        0x4 
                [!provide]                        PROVIDE (end = .)
                0x20000568                        PROVIDE (_end = .)
                0x20000768                        . = (. + _Min_Heap_Size)
 *fill*         0x20000568      0x200 
                0x20000b68                        . = (. + _Min_Stack_Size)
 *fill*         0x20000768      0x400 
                0x20000b68                        . = ALIGN (0x8)

/DISCARD/
 libc.a(*)
 libm.a(*)
 libgcc.a(*)
OUTPUT(build/stm32project.elf elf32-littlearm)
LOAD linker stubs
LOAD /Applications/ArmGNUToolchain/13.3.rel1/arm-none-eabi/bin/../lib/gcc/arm-none-eabi/13.3.1/../../../../arm-none-eabi/lib/thumb/v7e-m+fp/hard/libc.a
LOAD /Applications/ArmGNUToolchain/13.3.rel1/arm-none-eabi/bin/../lib/gcc/arm-none-eabi/13.3.1/../../../../arm-none-eabi/lib/thumb/v7e-m+fp/hard/libm.a
LOAD /Applications/ArmGNUToolchain/13.3.rel1/arm-none-eabi/bin/../lib/gcc/arm-none-eabi/13.3.1/thumb/v7e-m+fp/hard/libgcc.a

.ARM.attributes
                0x00000000       0x30
 .ARM.attributes
                0x00000000       0x22 /Applications/ArmGNUToolchain/13.3.rel1/arm-none-eabi/bin/../lib/gcc/arm-none-eabi/13.3.1/thumb/v7e-m+fp/hard/crti.o
 .ARM.attributes
                0x00000022       0x34 /Applications/ArmGNUToolchain/13.3.rel1/arm-none-eabi/bin/../lib/gcc/arm-none-eabi/13.3.1/thumb/v7e-m+fp/hard/crtbegin.o
 .ARM.attributes
                0x00000056       0x34 build/main.o
 .ARM.attributes
                0x0000008a       0x34 build/stm32f4xx_it.o
 .ARM.attributes
                0x000000be       0x34 build/stm32f4xx_hal_msp.o
 .ARM.attributes
                0x000000f2       0x34 build/stm32f4xx_hal_rcc.o
 .ARM.attributes
                0x00000126       0x34 build/stm32f4xx_hal_gpio.o
 .ARM.attributes
                0x0000015a       0x34 build/stm32f4xx_hal_dma.o
 .ARM.attributes
                0x0000018e       0x34 build/stm32f4xx_hal_cortex.o
 .ARM.attributes
                0x000001c2       0x34 build/stm32f4xx_hal.o
 .ARM.attributes
                0x000001f6       0x34 build/stm32f4xx_hal_can.o
 .ARM.attributes
                0x0000022a       0x34 build/system_stm32f4xx.o
 .ARM.attributes
                0x0000025e       0x34 build/sysmem.o
 .ARM.attributes
                0x00000292       0x34 build/stm32f4xx_hal_uart.o
 .ARM.attributes
                0x000002c6       0x34 build/stm32f4xx_hal_spi.o
 .ARM.attributes
                0x000002fa       0x21 build/startup_stm32f407xx.o
 .ARM.attributes
                0x0000031b       0x34 /Applications/ArmGNUToolchain/13.3.rel1/arm-none-eabi/bin/../lib/gcc/arm-none-eabi/13.3.1/../../../../arm-none-eabi/lib/thumb/v7e-m+fp/hard/libc_nano.a(libc_a-findfp.o)
 .ARM.attributes
                0x0000034f       0x34 /Applications/ArmGNUToolchain/13.3.rel1/arm-none-eabi/bin/../lib/gcc/arm-none-eabi/13.3.1/../../../../arm-none-eabi/lib/thumb/v7e-m+fp/hard/libc_nano.a(libc_a-vsnprintf.o)
 .ARM.attributes
                0x00000383       0x34 /Applications/ArmGNUToolchain/13.3.rel1/arm-none-eabi/bin/../lib/gcc/arm-none-eabi/13.3.1/../../../../arm-none-eabi/lib/thumb/v7e-m+fp/hard/libc_nano.a(libc_a-memset.o)
 .ARM.attributes
                0x000003b7       0x34 /Applications/ArmGNUToolchain/13.3.rel1/arm-none-eabi/bin/../lib/gcc/arm-none-eabi/13.3.1/../../../../arm-none-eabi/lib/thumb/v7e-m+fp/hard/libc_nano.a(libc_a-errno.o)
 .ARM.attributes
                0x000003eb       0x34 /Applications/ArmGNUToolchain/13.3.rel1/arm-none-eabi/bin/../lib/gcc/arm-none-eabi/13.3.1/../../../../arm-none-eabi/lib/thumb/v7e-m+fp/hard/libc_nano.a(libc_a-init.o)
 .ARM.attributes
                0x0000041f       0x34 /Applications/ArmGNUToolchain/13.3.rel1/arm-none-eabi/bin/../lib/gcc/arm-none-eabi/13.3.1/../../../../arm-none-eabi/lib/thumb/v7e-m+fp/hard/libc_nano.a(libc_a-lock.o)
 .ARM.attributes
                0x00000453       0x34 /Applications/ArmGNUToolchain/13.3.rel1/arm-none-eabi/bin/../lib/gcc/arm-none-eabi/13.3.1/../../../../arm-none-eabi/lib/thumb/v7e-m+fp/hard/libc_nano.a(libc_a-impure.o)
 .ARM.attributes
                0x00000487       0x34 /Applications/ArmGNUToolchain/13.3.rel1/arm-none-eabi/bin/../lib/gcc/arm-none-eabi/13.3.1/../../../../arm-none-eabi/lib/thumb/v7e-m+fp/hard/libc_nano.a(libc_a-nano-svfprintf.o)
 .ARM.attributes
                0x000004bb       0x34 /Applications/ArmGNUToolchain/13.3.rel1/arm-none-eabi/bin/../lib/gcc/arm-none-eabi/13.3.1/../../../../arm-none-eabi/lib/thumb/v7e-m+fp/hard/libc_nano.a(libc_a-mallocr.o)
 .ARM.attributes
                0x000004ef       0x34 /Applications/ArmGNUToolchain/13.3.rel1/arm-none-eabi/bin/../lib/gcc/arm-none-eabi/13.3.1/../../../../arm-none-eabi/lib/thumb/v7e-m+fp/hard/libc_nano.a(libc_a-nano-vfprintf_i.o)
 .ARM.attributes
                0x00000523       0x34 /Applications/ArmGNUToolchain/13.3.rel1/arm-none-eabi/bin/../lib/gcc/arm-none-eabi/13.3.1/../../../../arm-none-eabi/lib/thumb/v7e-m+fp/hard/libc_nano.a(libc_a-mlock.o)
 .ARM.attributes
                0x00000557       0x34 /Applications/ArmGNUToolchain/13.3.rel1/arm-none-eabi/bin/../lib/gcc/arm-none-eabi/13.3.1/../../../../arm-none-eabi/lib/thumb/v7e-m+fp/hard/libc_nano.a(libc_a-reallocr.o)
 .ARM.attributes
                0x0000058b       0x34 /Applications/ArmGNUToolchain/13.3.rel1/arm-none-eabi/bin/../lib/gcc/arm-none-eabi/13.3.1/../../../../arm-none-eabi/lib/thumb/v7e-m+fp/hard/libc_nano.a(libc_a-memmove.o)
 .ARM.attributes
                0x000005bf       0x34 /Applications/ArmGNUToolchain/13.3.rel1/arm-none-eabi/bin/../lib/gcc/arm-none-eabi/13.3.1/../../../../arm-none-eabi/lib/thumb/v7e-m+fp/hard/libc_nano.a(libc_a-sbrkr.o)
 .ARM.attributes
                0x000005f3       0x34 /Applications/ArmGNUToolchain/13.3.rel1/arm-none-eabi/bin/../lib/gcc/arm-none-eabi/13.3.1/../../../../arm-none-eabi/lib/thumb/v7e-m+fp/hard/libc_nano.a(libc_a-reent.o)
 .ARM.attributes
                0x00000627       0x1c /Applications/ArmGNUToolchain/13.3.rel1/arm-none-eabi/bin/../lib/gcc/arm-none-eabi/13.3.1/../../../../arm-none-eabi/lib/thumb/v7e-m+fp/hard/libc_nano.a(libc_a-memchr.o)
 .ARM.attributes
                0x00000643       0x34 /Applications/ArmGNUToolchain/13.3.rel1/arm-none-eabi/bin/../lib/gcc/arm-none-eabi/13.3.1/../../../../arm-none-eabi/lib/thumb/v7e-m+fp/hard/libc_nano.a(libc_a-memcpy-stub.o)
 .ARM.attributes
                0x00000677       0x34 /Applications/ArmGNUToolchain/13.3.rel1/arm-none-eabi/bin/../lib/gcc/arm-none-eabi/13.3.1/../../../../arm-none-eabi/lib/thumb/v7e-m+fp/hard/libc_nano.a(libc_a-freer.o)
 .ARM.attributes
                0x000006ab       0x34 /Applications/ArmGNUToolchain/13.3.rel1/arm-none-eabi/bin/../lib/gcc/arm-none-eabi/13.3.1/../../../../arm-none-eabi/lib/thumb/v7e-m+fp/hard/libc_nano.a(libc_a-msizer.o)
 .ARM.attributes
                0x000006df       0x34 /Applications/ArmGNUToolchain/13.3.rel1/arm-none-eabi/bin/../lib/gcc/arm-none-eabi/13.3.1/../../../../arm-none-eabi/lib/thumb/v7e-m+fp/hard/libm.a(libm_a-sf_cos.o)
 .ARM.attributes
                0x00000713       0x34 /Applications/ArmGNUToolchain/13.3.rel1/arm-none-eabi/bin/../lib/gcc/arm-none-eabi/13.3.1/../../../../arm-none-eabi/lib/thumb/v7e-m+fp/hard/libm.a(libm_a-sf_sin.o)
 .ARM.attributes
                0x00000747       0x34 /Applications/ArmGNUToolchain/13.3.rel1/arm-none-eabi/bin/../lib/gcc/arm-none-eabi/13.3.1/../../../../arm-none-eabi/lib/thumb/v7e-m+fp/hard/libm.a(libm_a-kf_cos.o)
 .ARM.attributes
                0x0000077b       0x34 /Applications/ArmGNUToolchain/13.3.rel1/arm-none-eabi/bin/../lib/gcc/arm-none-eabi/13.3.1/../../../../arm-none-eabi/lib/thumb/v7e-m+fp/hard/libm.a(libm_a-kf_sin.o)
 .ARM.attributes
                0x000007af       0x34 /Applications/ArmGNUToolchain/13.3.rel1/arm-none-eabi/bin/../lib/gcc/arm-none-eabi/13.3.1/../../../../arm-none-eabi/lib/thumb/v7e-m+fp/hard/libm.a(libm_a-ef_rem_pio2.o)
 .ARM.attributes
                0x000007e3       0x34 /Applications/ArmGNUToolchain/13.3.rel1/arm-none-eabi/bin/../lib/gcc/arm-none-eabi/13.3.1/../../../../arm-none-eabi/lib/thumb/v7e-m+fp/hard/libm.a(libm_a-sf_fabs.o)
 .ARM.attributes
                0x00000817       0x34 /Applications/ArmGNUToolchain/13.3.rel1/arm-none-eabi/bin/../lib/gcc/arm-none-eabi/13.3.1/../../../../arm-none-eabi/lib/thumb/v7e-m+fp/hard/libm.a(libm_a-kf_rem_pio2.o)
 .ARM.attributes
                0x0000084b       0x34 /Applications/ArmGNUToolchain/13.3.rel1/arm-none-eabi/bin/../lib/gcc/arm-none-eabi/13.3.1/../../../../arm-none-eabi/lib/thumb/v7e-m+fp/hard/libm.a(libm_a-sf_floor.o)
 .ARM.attributes
                0x0000087f       0x34 /Applications/ArmGNUToolchain/13.3.rel1/arm-none-eabi/bin/../lib/gcc/arm-none-eabi/13.3.1/../../../../arm-none-eabi/lib/thumb/v7e-m+fp/hard/libm.a(libm_a-sf_scalbn.o)
 .ARM.attributes
                0x000008b3       0x22 /Applications/ArmGNUToolchain/13.3.rel1/arm-none-eabi/bin/../lib/gcc/arm-none-eabi/13.3.1/thumb/v7e-m+fp/hard/libgcc.a(_aeabi_uldivmod.o)
 .ARM.attributes
                0x000008d5       0x34 /Applications/ArmGNUToolchain/13.3.rel1/arm-none-eabi/bin/../lib/gcc/arm-none-eabi/13.3.1/thumb/v7e-m+fp/hard/libgcc.a(_udivmoddi4.o)
 .ARM.attributes
                0x00000909       0x22 /Applications/ArmGNUToolchain/13.3.rel1/arm-none-eabi/bin/../lib/gcc/arm-none-eabi/13.3.1/thumb/v7e-m+fp/hard/libgcc.a(_dvmd_tls.o)
 .ARM.attributes
                0x0000092b       0x34 /Applications/ArmGNUToolchain/13.3.rel1/arm-none-eabi/bin/../lib/gcc/arm-none-eabi/13.3.1/thumb/v7e-m+fp/hard/crtend.o
 .ARM.attributes
                0x0000095f       0x22 /Applications/ArmGNUToolchain/13.3.rel1/arm-none-eabi/bin/../lib/gcc/arm-none-eabi/13.3.1/thumb/v7e-m+fp/hard/crtn.o

.comment        0x00000000       0x45
 .comment       0x00000000       0x45 build/main.o
                                 0x46 (size before relaxing)
 .comment       0x00000045       0x46 build/stm32f4xx_it.o
 .comment       0x00000045       0x46 build/stm32f4xx_hal_msp.o
 .comment       0x00000045       0x46 build/stm32f4xx_hal_rcc.o
 .comment       0x00000045       0x46 build/stm32f4xx_hal_gpio.o
 .comment       0x00000045       0x46 build/stm32f4xx_hal_dma.o
 .comment       0x00000045       0x46 build/stm32f4xx_hal_cortex.o
 .comment       0x00000045       0x46 build/stm32f4xx_hal.o
 .comment       0x00000045       0x46 build/stm32f4xx_hal_can.o
 .comment       0x00000045       0x46 build/system_stm32f4xx.o
 .comment       0x00000045       0x46 build/sysmem.o
 .comment       0x00000045       0x46 build/stm32f4xx_hal_uart.o
 .comment       0x00000045       0x46 build/stm32f4xx_hal_spi.o

.debug_info     0x00000000    0x10e4b
 .debug_info    0x00000000     0x2e26 build/main.o
 .debug_info    0x00002e26      0xc83 build/stm32f4xx_it.o
 .debug_info    0x00003aa9     0x181c build/stm32f4xx_hal_msp.o
 .debug_info    0x000052c5      0xc20 build/stm32f4xx_hal_rcc.o
 .debug_info    0x00005ee5      0x848 build/stm32f4xx_hal_gpio.o
 .debug_info    0x0000672d      0xbce build/stm32f4xx_hal_dma.o
 .debug_info    0x000072fb     0x11e0 build/stm32f4xx_hal_cortex.o
 .debug_info    0x000084db      0xafa build/stm32f4xx_hal.o
 .debug_info    0x00008fd5     0x13d2 build/stm32f4xx_hal_can.o
 .debug_info    0x0000a3a7      0x5b3 build/system_stm32f4xx.o
 .debug_info    0x0000a95a      0x18c build/sysmem.o
 .debug_info    0x0000aae6     0x43b5 build/stm32f4xx_hal_uart.o
 .debug_info    0x0000ee9b     0x1f80 build/stm32f4xx_hal_spi.o
 .debug_info    0x00010e1b       0x30 build/startup_stm32f407xx.o

.debug_abbrev   0x00000000     0x2127
 .debug_abbrev  0x00000000      0x3f2 build/main.o
 .debug_abbrev  0x000003f2      0x1c0 build/stm32f4xx_it.o
 .debug_abbrev  0x000005b2      0x277 build/stm32f4xx_hal_msp.o
 .debug_abbrev  0x00000829      0x2de build/stm32f4xx_hal_rcc.o
 .debug_abbrev  0x00000b07      0x22b build/stm32f4xx_hal_gpio.o
 .debug_abbrev  0x00000d32      0x2fe build/stm32f4xx_hal_dma.o
 .debug_abbrev  0x00001030      0x3ca build/stm32f4xx_hal_cortex.o
 .debug_abbrev  0x000013fa      0x244 build/stm32f4xx_hal.o
 .debug_abbrev  0x0000163e      0x2a2 build/stm32f4xx_hal_can.o
 .debug_abbrev  0x000018e0      0x11b build/system_stm32f4xx.o
 .debug_abbrev  0x000019fb       0xeb build/sysmem.o
 .debug_abbrev  0x00001ae6      0x366 build/stm32f4xx_hal_uart.o
 .debug_abbrev  0x00001e4c      0x2be build/stm32f4xx_hal_spi.o
 .debug_abbrev  0x0000210a       0x1d build/startup_stm32f407xx.o

.debug_loc      0x00000000     0xbbd3
 .debug_loc     0x00000000      0x89c build/main.o
 .debug_loc     0x0000089c       0xc0 build/stm32f4xx_it.o
 .debug_loc     0x0000095c      0x33c build/stm32f4xx_hal_msp.o
 .debug_loc     0x00000c98      0x720 build/stm32f4xx_hal_rcc.o
 .debug_loc     0x000013b8      0x60b build/stm32f4xx_hal_gpio.o
 .debug_loc     0x000019c3      0xe9a build/stm32f4xx_hal_dma.o
 .debug_loc     0x0000285d      0x8ff build/stm32f4xx_hal_cortex.o
 .debug_loc     0x0000315c      0x1f9 build/stm32f4xx_hal.o
 .debug_loc     0x00003355     0x10d3 build/stm32f4xx_hal_can.o
 .debug_loc     0x00004428       0xbd build/system_stm32f4xx.o
 .debug_loc     0x000044e5       0x90 build/sysmem.o
 .debug_loc     0x00004575     0x5040 build/stm32f4xx_hal_uart.o
 .debug_loc     0x000095b5     0x261e build/stm32f4xx_hal_spi.o

.debug_aranges  0x00000000      0xa78
 .debug_aranges
                0x00000000       0xc8 build/main.o
 .debug_aranges
                0x000000c8       0x88 build/stm32f4xx_it.o
 .debug_aranges
                0x00000150       0x50 build/stm32f4xx_hal_msp.o
 .debug_aranges
                0x000001a0       0x88 build/stm32f4xx_hal_rcc.o
 .debug_aranges
                0x00000228       0x58 build/stm32f4xx_hal_gpio.o
 .debug_aranges
                0x00000280       0x90 build/stm32f4xx_hal_dma.o
 .debug_aranges
                0x00000310       0xf8 build/stm32f4xx_hal_cortex.o
 .debug_aranges
                0x00000408       0xf0 build/stm32f4xx_hal.o
 .debug_aranges
                0x000004f8      0x138 build/stm32f4xx_hal_can.o
 .debug_aranges
                0x00000630       0x28 build/system_stm32f4xx.o
 .debug_aranges
                0x00000658       0x20 build/sysmem.o
 .debug_aranges
                0x00000678      0x208 build/stm32f4xx_hal_uart.o
 .debug_aranges
                0x00000880      0x1d0 build/stm32f4xx_hal_spi.o
 .debug_aranges
                0x00000a50       0x28 build/startup_stm32f407xx.o

.debug_ranges   0x00000000      0x9e8
 .debug_ranges  0x00000000       0xd0 build/main.o
 .debug_ranges  0x000000d0       0x78 build/stm32f4xx_it.o
 .debug_ranges  0x00000148       0x40 build/stm32f4xx_hal_msp.o
 .debug_ranges  0x00000188       0x90 build/stm32f4xx_hal_rcc.o
 .debug_ranges  0x00000218       0x48 build/stm32f4xx_hal_gpio.o
 .debug_ranges  0x00000260       0x80 build/stm32f4xx_hal_dma.o
 .debug_ranges  0x000002e0       0xe8 build/stm32f4xx_hal_cortex.o
 .debug_ranges  0x000003c8       0xe0 build/stm32f4xx_hal.o
 .debug_ranges  0x000004a8      0x140 build/stm32f4xx_hal_can.o
 .debug_ranges  0x000005e8       0x18 build/system_stm32f4xx.o
 .debug_ranges  0x00000600       0x10 build/sysmem.o
 .debug_ranges  0x00000610      0x1f8 build/stm32f4xx_hal_uart.o
 .debug_ranges  0x00000808      0x1c0 build/stm32f4xx_hal_spi.o
 .debug_ranges  0x000009c8       0x20 build/startup_stm32f407xx.o

.debug_line     0x00000000     0xb726
 .debug_line    0x00000000     0x106c build/main.o
 .debug_line    0x0000106c      0x326 build/stm32f4xx_it.o
 .debug_line    0x00001392      0x568 build/stm32f4xx_hal_msp.o
 .debug_line    0x000018fa      0xbc7 build/stm32f4xx_hal_rcc.o
 .debug_line    0x000024c1      0x6ff build/stm32f4xx_hal_gpio.o
 .debug_line    0x00002bc0      0xe3d build/stm32f4xx_hal_dma.o
 .debug_line    0x000039fd      0x834 build/stm32f4xx_hal_cortex.o
 .debug_line    0x00004231      0x571 build/stm32f4xx_hal.o
 .debug_line    0x000047a2     0x1155 build/stm32f4xx_hal_can.o
 .debug_line    0x000058f7      0x258 build/system_stm32f4xx.o
 .debug_line    0x00005b4f      0x1cf build/sysmem.o
 .debug_line    0x00005d1e     0x351a build/stm32f4xx_hal_uart.o
 .debug_line    0x00009238     0x247b build/stm32f4xx_hal_spi.o
 .debug_line    0x0000b6b3       0x73 build/startup_stm32f407xx.o

.debug_str      0x00000000     0x35e9
 .debug_str     0x00000000     0x35e9 build/main.o
                               0x1851 (size before relaxing)
 .debug_str     0x000035e9      0x9b3 build/stm32f4xx_it.o
 .debug_str     0x000035e9     0x1157 build/stm32f4xx_hal_msp.o
 .debug_str     0x000035e9      0x6d0 build/stm32f4xx_hal_rcc.o
 .debug_str     0x000035e9      0x4aa build/stm32f4xx_hal_gpio.o
 .debug_str     0x000035e9      0x740 build/stm32f4xx_hal_dma.o
 .debug_str     0x000035e9      0xc3f build/stm32f4xx_hal_cortex.o
 .debug_str     0x000035e9      0xb2e build/stm32f4xx_hal.o
 .debug_str     0x000035e9      0x9ff build/stm32f4xx_hal_can.o
 .debug_str     0x000035e9      0x33f build/system_stm32f4xx.o
 .debug_str     0x000035e9      0x1ef build/sysmem.o
 .debug_str     0x000035e9      0xd65 build/stm32f4xx_hal_uart.o
 .debug_str     0x000035e9      0xbbe build/stm32f4xx_hal_spi.o
 .debug_str     0x000035e9       0x4c build/startup_stm32f407xx.o

.debug_frame    0x00000000     0x22c0
 .debug_frame   0x00000000      0x2bc build/main.o
 .debug_frame   0x000002bc      0x120 build/stm32f4xx_it.o
 .debug_frame   0x000003dc       0xdc build/stm32f4xx_hal_msp.o
 .debug_frame   0x000004b8      0x16c build/stm32f4xx_hal_rcc.o
 .debug_frame   0x00000624       0xd8 build/stm32f4xx_hal_gpio.o
 .debug_frame   0x000006fc      0x188 build/stm32f4xx_hal_dma.o
 .debug_frame   0x00000884      0x214 build/stm32f4xx_hal_cortex.o
 .debug_frame   0x00000a98      0x1ec build/stm32f4xx_hal.o
 .debug_frame   0x00000c84      0x2d8 build/stm32f4xx_hal_can.o
 .debug_frame   0x00000f5c       0x30 build/system_stm32f4xx.o
 .debug_frame   0x00000f8c       0x28 build/sysmem.o
 .debug_frame   0x00000fb4      0x5e0 build/stm32f4xx_hal_uart.o
 .debug_frame   0x00001594      0x5d0 build/stm32f4xx_hal_spi.o
 .debug_frame   0x00001b64      0x144 /Applications/ArmGNUToolchain/13.3.rel1/arm-none-eabi/bin/../lib/gcc/arm-none-eabi/13.3.1/../../../../arm-none-eabi/lib/thumb/v7e-m+fp/hard/libc_nano.a(libc_a-findfp.o)
 .debug_frame   0x00001ca8       0x4c /Applications/ArmGNUToolchain/13.3.rel1/arm-none-eabi/bin/../lib/gcc/arm-none-eabi/13.3.1/../../../../arm-none-eabi/lib/thumb/v7e-m+fp/hard/libc_nano.a(libc_a-vsnprintf.o)
 .debug_frame   0x00001cf4       0x20 /Applications/ArmGNUToolchain/13.3.rel1/arm-none-eabi/bin/../lib/gcc/arm-none-eabi/13.3.1/../../../../arm-none-eabi/lib/thumb/v7e-m+fp/hard/libc_nano.a(libc_a-memset.o)
 .debug_frame   0x00001d14       0x20 /Applications/ArmGNUToolchain/13.3.rel1/arm-none-eabi/bin/../lib/gcc/arm-none-eabi/13.3.1/../../../../arm-none-eabi/lib/thumb/v7e-m+fp/hard/libc_nano.a(libc_a-errno.o)
 .debug_frame   0x00001d34       0x2c /Applications/ArmGNUToolchain/13.3.rel1/arm-none-eabi/bin/../lib/gcc/arm-none-eabi/13.3.1/../../../../arm-none-eabi/lib/thumb/v7e-m+fp/hard/libc_nano.a(libc_a-init.o)
 .debug_frame   0x00001d60       0xb0 /Applications/ArmGNUToolchain/13.3.rel1/arm-none-eabi/bin/../lib/gcc/arm-none-eabi/13.3.1/../../../../arm-none-eabi/lib/thumb/v7e-m+fp/hard/libc_nano.a(libc_a-lock.o)
 .debug_frame   0x00001e10       0x90 /Applications/ArmGNUToolchain/13.3.rel1/arm-none-eabi/bin/../lib/gcc/arm-none-eabi/13.3.1/../../../../arm-none-eabi/lib/thumb/v7e-m+fp/hard/libc_nano.a(libc_a-nano-svfprintf.o)
 .debug_frame   0x00001ea0       0x50 /Applications/ArmGNUToolchain/13.3.rel1/arm-none-eabi/bin/../lib/gcc/arm-none-eabi/13.3.1/../../../../arm-none-eabi/lib/thumb/v7e-m+fp/hard/libc_nano.a(libc_a-mallocr.o)
 .debug_frame   0x00001ef0       0x60 /Applications/ArmGNUToolchain/13.3.rel1/arm-none-eabi/bin/../lib/gcc/arm-none-eabi/13.3.1/../../../../arm-none-eabi/lib/thumb/v7e-m+fp/hard/libc_nano.a(libc_a-nano-vfprintf_i.o)
 .debug_frame   0x00001f50       0x30 /Applications/ArmGNUToolchain/13.3.rel1/arm-none-eabi/bin/../lib/gcc/arm-none-eabi/13.3.1/../../../../arm-none-eabi/lib/thumb/v7e-m+fp/hard/libc_nano.a(libc_a-mlock.o)
 .debug_frame   0x00001f80       0x3c /Applications/ArmGNUToolchain/13.3.rel1/arm-none-eabi/bin/../lib/gcc/arm-none-eabi/13.3.1/../../../../arm-none-eabi/lib/thumb/v7e-m+fp/hard/libc_nano.a(libc_a-reallocr.o)
 .debug_frame   0x00001fbc       0x28 /Applications/ArmGNUToolchain/13.3.rel1/arm-none-eabi/bin/../lib/gcc/arm-none-eabi/13.3.1/../../../../arm-none-eabi/lib/thumb/v7e-m+fp/hard/libc_nano.a(libc_a-memmove.o)
 .debug_frame   0x00001fe4       0x2c /Applications/ArmGNUToolchain/13.3.rel1/arm-none-eabi/bin/../lib/gcc/arm-none-eabi/13.3.1/../../../../arm-none-eabi/lib/thumb/v7e-m+fp/hard/libc_nano.a(libc_a-sbrkr.o)
 .debug_frame   0x00002010       0x38 /Applications/ArmGNUToolchain/13.3.rel1/arm-none-eabi/bin/../lib/gcc/arm-none-eabi/13.3.1/../../../../arm-none-eabi/lib/thumb/v7e-m+fp/hard/libc_nano.a(libc_a-reent.o)
 .debug_frame   0x00002048       0x28 /Applications/ArmGNUToolchain/13.3.rel1/arm-none-eabi/bin/../lib/gcc/arm-none-eabi/13.3.1/../../../../arm-none-eabi/lib/thumb/v7e-m+fp/hard/libc_nano.a(libc_a-memcpy-stub.o)
 .debug_frame   0x00002070       0x38 /Applications/ArmGNUToolchain/13.3.rel1/arm-none-eabi/bin/../lib/gcc/arm-none-eabi/13.3.1/../../../../arm-none-eabi/lib/thumb/v7e-m+fp/hard/libc_nano.a(libc_a-freer.o)
 .debug_frame   0x000020a8       0x20 /Applications/ArmGNUToolchain/13.3.rel1/arm-none-eabi/bin/../lib/gcc/arm-none-eabi/13.3.1/../../../../arm-none-eabi/lib/thumb/v7e-m+fp/hard/libc_nano.a(libc_a-msizer.o)
 .debug_frame   0x000020c8       0x34 /Applications/ArmGNUToolchain/13.3.rel1/arm-none-eabi/bin/../lib/gcc/arm-none-eabi/13.3.1/../../../../arm-none-eabi/lib/thumb/v7e-m+fp/hard/libm.a(libm_a-sf_cos.o)
 .debug_frame   0x000020fc       0x34 /Applications/ArmGNUToolchain/13.3.rel1/arm-none-eabi/bin/../lib/gcc/arm-none-eabi/13.3.1/../../../../arm-none-eabi/lib/thumb/v7e-m+fp/hard/libm.a(libm_a-sf_sin.o)
 .debug_frame   0x00002130       0x20 /Applications/ArmGNUToolchain/13.3.rel1/arm-none-eabi/bin/../lib/gcc/arm-none-eabi/13.3.1/../../../../arm-none-eabi/lib/thumb/v7e-m+fp/hard/libm.a(libm_a-kf_cos.o)
 .debug_frame   0x00002150       0x20 /Applications/ArmGNUToolchain/13.3.rel1/arm-none-eabi/bin/../lib/gcc/arm-none-eabi/13.3.1/../../../../arm-none-eabi/lib/thumb/v7e-m+fp/hard/libm.a(libm_a-kf_sin.o)
 .debug_frame   0x00002170       0x34 /Applications/ArmGNUToolchain/13.3.rel1/arm-none-eabi/bin/../lib/gcc/arm-none-eabi/13.3.1/../../../../arm-none-eabi/lib/thumb/v7e-m+fp/hard/libm.a(libm_a-ef_rem_pio2.o)
 .debug_frame   0x000021a4       0x20 /Applications/ArmGNUToolchain/13.3.rel1/arm-none-eabi/bin/../lib/gcc/arm-none-eabi/13.3.1/../../../../arm-none-eabi/lib/thumb/v7e-m+fp/hard/libm.a(libm_a-sf_fabs.o)
 .debug_frame   0x000021c4       0x5c /Applications/ArmGNUToolchain/13.3.rel1/arm-none-eabi/bin/../lib/gcc/arm-none-eabi/13.3.1/../../../../arm-none-eabi/lib/thumb/v7e-m+fp/hard/libm.a(libm_a-kf_rem_pio2.o)
 .debug_frame   0x00002220       0x20 /Applications/ArmGNUToolchain/13.3.rel1/arm-none-eabi/bin/../lib/gcc/arm-none-eabi/13.3.1/../../../../arm-none-eabi/lib/thumb/v7e-m+fp/hard/libm.a(libm_a-sf_floor.o)
 .debug_frame   0x00002240       0x20 /Applications/ArmGNUToolchain/13.3.rel1/arm-none-eabi/bin/../lib/gcc/arm-none-eabi/13.3.1/../../../../arm-none-eabi/lib/thumb/v7e-m+fp/hard/libm.a(libm_a-sf_scalbn.o)
 .debug_frame   0x00002260       0x2c /Applications/ArmGNUToolchain/13.3.rel1/arm-none-eabi/bin/../lib/gcc/arm-none-eabi/13.3.1/thumb/v7e-m+fp/hard/libgcc.a(_aeabi_uldivmod.o)
 .debug_frame   0x0000228c       0x34 /Applications/ArmGNUToolchain/13.3.rel1/arm-none-eabi/bin/../lib/gcc/arm-none-eabi/13.3.1/thumb/v7e-m+fp/hard/libgcc.a(_udivmoddi4.o)

.debug_line_str
                0x00000000      0x1c8
 .debug_line_str
                0x00000000      0x1c8 /Applications/ArmGNUToolchain/13.3.rel1/arm-none-eabi/bin/../lib/gcc/arm-none-eabi/13.3.1/../../../../arm-none-eabi/lib/thumb/v7e-m+fp/hard/libc_nano.a(libc_a-memchr.o)
                                 0xea (size before relaxing)
 .debug_line_str
                0x000001c8       0xd2 /Applications/ArmGNUToolchain/13.3.rel1/arm-none-eabi/bin/../lib/gcc/arm-none-eabi/13.3.1/thumb/v7e-m+fp/hard/libgcc.a(_aeabi_uldivmod.o)
 .debug_line_str
                0x000001c8       0xd6 /Applications/ArmGNUToolchain/13.3.rel1/arm-none-eabi/bin/../lib/gcc/arm-none-eabi/13.3.1/thumb/v7e-m+fp/hard/libgcc.a(_dvmd_tls.o)

Cross Reference Table

Symbol                                            File
ADC_IRQHandler                                    build/startup_stm32f407xx.o
AHBPrescTable                                     build/system_stm32f4xx.o
                                                  build/stm32f4xx_hal_rcc.o
APBPrescTable                                     build/system_stm32f4xx.o
                                                  build/stm32f4xx_hal_rcc.o
BMI088_gyro                                       build/main.o
BMI088_gyro_id                                    build/main.o
BusFault_Handler                                  build/stm32f4xx_it.o
CAN1_RX0_IRQHandler                               build/stm32f4xx_it.o
CAN1_RX1_IRQHandler                               build/startup_stm32f407xx.o
CAN1_SCE_IRQHandler                               build/startup_stm32f407xx.o
CAN1_TX_IRQHandler                                build/startup_stm32f407xx.o
CAN2_RX0_IRQHandler                               build/startup_stm32f407xx.o
CAN2_RX1_IRQHandler                               build/startup_stm32f407xx.o
CAN2_SCE_IRQHandler                               build/startup_stm32f407xx.o
CAN2_TX_IRQHandler                                build/startup_stm32f407xx.o
DCMI_IRQHandler                                   build/startup_stm32f407xx.o
DMA1_Stream0_IRQHandler                           build/startup_stm32f407xx.o
DMA1_Stream1_IRQHandler                           build/stm32f4xx_it.o
DMA1_Stream2_IRQHandler                           build/startup_stm32f407xx.o
DMA1_Stream3_IRQHandler                           build/startup_stm32f407xx.o
DMA1_Stream4_IRQHandler                           build/startup_stm32f407xx.o
DMA1_Stream5_IRQHandler                           build/startup_stm32f407xx.o
DMA1_Stream6_IRQHandler                           build/startup_stm32f407xx.o
DMA1_Stream7_IRQHandler                           build/startup_stm32f407xx.o
DMA2_Stream0_IRQHandler                           build/startup_stm32f407xx.o
DMA2_Stream1_IRQHandler                           build/startup_stm32f407xx.o
DMA2_Stream2_IRQHandler                           build/startup_stm32f407xx.o
DMA2_Stream3_IRQHandler                           build/startup_stm32f407xx.o
DMA2_Stream4_IRQHandler                           build/startup_stm32f407xx.o
DMA2_Stream5_IRQHandler                           build/startup_stm32f407xx.o
DMA2_Stream6_IRQHandler                           build/startup_stm32f407xx.o
DMA2_Stream7_IRQHandler                           build/stm32f4xx_it.o
DebugMon_Handler                                  build/stm32f4xx_it.o
Default_Handler                                   build/startup_stm32f407xx.o
ETH_IRQHandler                                    build/startup_stm32f407xx.o
ETH_WKUP_IRQHandler                               build/startup_stm32f407xx.o
EXTI0_IRQHandler                                  build/startup_stm32f407xx.o
EXTI15_10_IRQHandler                              build/startup_stm32f407xx.o
EXTI1_IRQHandler                                  build/startup_stm32f407xx.o
EXTI2_IRQHandler                                  build/startup_stm32f407xx.o
EXTI3_IRQHandler                                  build/startup_stm32f407xx.o
EXTI4_IRQHandler                                  build/startup_stm32f407xx.o
EXTI9_5_IRQHandler                                build/startup_stm32f407xx.o
Error_Handler                                     build/main.o
                                                  build/stm32f4xx_hal_msp.o
FLASH_Erase_Sector                                build/stm32f4xx_hal_flash_ex.o
                                                  build/stm32f4xx_hal_flash.o
FLASH_FlushCaches                                 build/stm32f4xx_hal_flash_ex.o
                                                  build/stm32f4xx_hal_flash.o
FLASH_IRQHandler                                  build/startup_stm32f407xx.o
FLASH_WaitForLastOperation                        build/stm32f4xx_hal_flash.o
                                                  build/stm32f4xx_hal_flash_ex.o
FPU_IRQHandler                                    build/startup_stm32f407xx.o
FSMC_IRQHandler                                   build/startup_stm32f407xx.o
HAL_CAN_AbortTxRequest                            build/stm32f4xx_hal_can.o
HAL_CAN_ActivateNotification                      build/stm32f4xx_hal_can.o
                                                  build/main.o
HAL_CAN_AddTxMessage                              build/stm32f4xx_hal_can.o
                                                  build/main.o
HAL_CAN_ConfigFilter                              build/stm32f4xx_hal_can.o
                                                  build/main.o
HAL_CAN_DeInit                                    build/stm32f4xx_hal_can.o
HAL_CAN_DeactivateNotification                    build/stm32f4xx_hal_can.o
HAL_CAN_ErrorCallback                             build/stm32f4xx_hal_can.o
HAL_CAN_GetError                                  build/stm32f4xx_hal_can.o
HAL_CAN_GetRxFifoFillLevel                        build/stm32f4xx_hal_can.o
HAL_CAN_GetRxMessage                              build/stm32f4xx_hal_can.o
                                                  build/main.o
HAL_CAN_GetState                                  build/stm32f4xx_hal_can.o
HAL_CAN_GetTxMailboxesFreeLevel                   build/stm32f4xx_hal_can.o
HAL_CAN_GetTxTimestamp                            build/stm32f4xx_hal_can.o
HAL_CAN_IRQHandler                                build/stm32f4xx_hal_can.o
                                                  build/stm32f4xx_it.o
HAL_CAN_Init                                      build/stm32f4xx_hal_can.o
                                                  build/main.o
HAL_CAN_IsSleepActive                             build/stm32f4xx_hal_can.o
HAL_CAN_IsTxMessagePending                        build/stm32f4xx_hal_can.o
HAL_CAN_MspDeInit                                 build/stm32f4xx_hal_msp.o
HAL_CAN_MspInit                                   build/stm32f4xx_hal_msp.o
HAL_CAN_RequestSleep                              build/stm32f4xx_hal_can.o
HAL_CAN_ResetError                                build/stm32f4xx_hal_can.o
HAL_CAN_RxFifo0FullCallback                       build/stm32f4xx_hal_can.o
HAL_CAN_RxFifo0MsgPendingCallback                 build/main.o
HAL_CAN_RxFifo1FullCallback                       build/stm32f4xx_hal_can.o
HAL_CAN_RxFifo1MsgPendingCallback                 build/stm32f4xx_hal_can.o
HAL_CAN_SleepCallback                             build/stm32f4xx_hal_can.o
HAL_CAN_Start                                     build/stm32f4xx_hal_can.o
                                                  build/main.o
HAL_CAN_Stop                                      build/stm32f4xx_hal_can.o
HAL_CAN_TxMailbox0AbortCallback                   build/stm32f4xx_hal_can.o
HAL_CAN_TxMailbox0CompleteCallback                build/stm32f4xx_hal_can.o
HAL_CAN_TxMailbox1AbortCallback                   build/stm32f4xx_hal_can.o
HAL_CAN_TxMailbox1CompleteCallback                build/stm32f4xx_hal_can.o
HAL_CAN_TxMailbox2AbortCallback                   build/stm32f4xx_hal_can.o
HAL_CAN_TxMailbox2CompleteCallback                build/stm32f4xx_hal_can.o
HAL_CAN_WakeUp                                    build/stm32f4xx_hal_can.o
HAL_CAN_WakeUpFromRxMsgCallback                   build/stm32f4xx_hal_can.o
HAL_CORTEX_ClearEvent                             build/stm32f4xx_hal_cortex.o
HAL_DBGMCU_DisableDBGSleepMode                    build/stm32f4xx_hal.o
HAL_DBGMCU_DisableDBGStandbyMode                  build/stm32f4xx_hal.o
HAL_DBGMCU_DisableDBGStopMode                     build/stm32f4xx_hal.o
HAL_DBGMCU_EnableDBGSleepMode                     build/stm32f4xx_hal.o
HAL_DBGMCU_EnableDBGStandbyMode                   build/stm32f4xx_hal.o
HAL_DBGMCU_EnableDBGStopMode                      build/stm32f4xx_hal.o
HAL_DMAEx_ChangeMemory                            build/stm32f4xx_hal_dma_ex.o
HAL_DMAEx_MultiBufferStart                        build/stm32f4xx_hal_dma_ex.o
HAL_DMAEx_MultiBufferStart_IT                     build/stm32f4xx_hal_dma_ex.o
HAL_DMA_Abort                                     build/stm32f4xx_hal_dma.o
                                                  build/stm32f4xx_hal_spi.o
                                                  build/stm32f4xx_hal_uart.o
HAL_DMA_Abort_IT                                  build/stm32f4xx_hal_dma.o
                                                  build/stm32f4xx_hal_spi.o
                                                  build/stm32f4xx_hal_uart.o
HAL_DMA_DeInit                                    build/stm32f4xx_hal_dma.o
                                                  build/stm32f4xx_hal_msp.o
HAL_DMA_GetError                                  build/stm32f4xx_hal_dma.o
                                                  build/stm32f4xx_hal_uart.o
HAL_DMA_GetState                                  build/stm32f4xx_hal_dma.o
HAL_DMA_IRQHandler                                build/stm32f4xx_hal_dma.o
                                                  build/stm32f4xx_it.o
HAL_DMA_Init                                      build/stm32f4xx_hal_dma.o
                                                  build/stm32f4xx_hal_msp.o
HAL_DMA_PollForTransfer                           build/stm32f4xx_hal_dma.o
HAL_DMA_RegisterCallback                          build/stm32f4xx_hal_dma.o
HAL_DMA_Start                                     build/stm32f4xx_hal_dma.o
HAL_DMA_Start_IT                                  build/stm32f4xx_hal_dma.o
                                                  build/stm32f4xx_hal_spi.o
                                                  build/stm32f4xx_hal_uart.o
HAL_DMA_UnRegisterCallback                        build/stm32f4xx_hal_dma.o
HAL_DeInit                                        build/stm32f4xx_hal.o
HAL_Delay                                         build/stm32f4xx_hal.o
                                                  build/main.o
HAL_DisableCompensationCell                       build/stm32f4xx_hal.o
HAL_EXTI_ClearConfigLine                          build/stm32f4xx_hal_exti.o
HAL_EXTI_ClearPending                             build/stm32f4xx_hal_exti.o
HAL_EXTI_GenerateSWI                              build/stm32f4xx_hal_exti.o
HAL_EXTI_GetConfigLine                            build/stm32f4xx_hal_exti.o
HAL_EXTI_GetHandle                                build/stm32f4xx_hal_exti.o
HAL_EXTI_GetPending                               build/stm32f4xx_hal_exti.o
HAL_EXTI_IRQHandler                               build/stm32f4xx_hal_exti.o
HAL_EXTI_RegisterCallback                         build/stm32f4xx_hal_exti.o
HAL_EXTI_SetConfigLine                            build/stm32f4xx_hal_exti.o
HAL_EnableCompensationCell                        build/stm32f4xx_hal.o
HAL_FLASHEx_Erase                                 build/stm32f4xx_hal_flash_ex.o
HAL_FLASHEx_Erase_IT                              build/stm32f4xx_hal_flash_ex.o
HAL_FLASHEx_OBGetConfig                           build/stm32f4xx_hal_flash_ex.o
HAL_FLASHEx_OBProgram                             build/stm32f4xx_hal_flash_ex.o
HAL_FLASH_EndOfOperationCallback                  build/stm32f4xx_hal_flash.o
HAL_FLASH_GetError                                build/stm32f4xx_hal_flash.o
HAL_FLASH_IRQHandler                              build/stm32f4xx_hal_flash.o
HAL_FLASH_Lock                                    build/stm32f4xx_hal_flash.o
HAL_FLASH_OB_Launch                               build/stm32f4xx_hal_flash.o
HAL_FLASH_OB_Lock                                 build/stm32f4xx_hal_flash.o
HAL_FLASH_OB_Unlock                               build/stm32f4xx_hal_flash.o
HAL_FLASH_OperationErrorCallback                  build/stm32f4xx_hal_flash.o
HAL_FLASH_Program                                 build/stm32f4xx_hal_flash.o
HAL_FLASH_Program_IT                              build/stm32f4xx_hal_flash.o
HAL_FLASH_Unlock                                  build/stm32f4xx_hal_flash.o
HAL_GPIO_DeInit                                   build/stm32f4xx_hal_gpio.o
                                                  build/stm32f4xx_hal_msp.o
HAL_GPIO_EXTI_Callback                            build/stm32f4xx_hal_gpio.o
HAL_GPIO_EXTI_IRQHandler                          build/stm32f4xx_hal_gpio.o
HAL_GPIO_Init                                     build/stm32f4xx_hal_gpio.o
                                                  build/stm32f4xx_hal_rcc.o
                                                  build/stm32f4xx_hal_msp.o
                                                  build/main.o
HAL_GPIO_LockPin                                  build/stm32f4xx_hal_gpio.o
HAL_GPIO_ReadPin                                  build/stm32f4xx_hal_gpio.o
HAL_GPIO_TogglePin                                build/stm32f4xx_hal_gpio.o
                                                  build/main.o
HAL_GPIO_WritePin                                 build/stm32f4xx_hal_gpio.o
                                                  build/main.o
HAL_GetDEVID                                      build/stm32f4xx_hal.o
HAL_GetHalVersion                                 build/stm32f4xx_hal.o
HAL_GetREVID                                      build/stm32f4xx_hal.o
HAL_GetTick                                       build/stm32f4xx_hal.o
                                                  build/stm32f4xx_hal_spi.o
                                                  build/stm32f4xx_hal_uart.o
                                                  build/stm32f4xx_hal_can.o
                                                  build/stm32f4xx_hal_pwr_ex.o
                                                  build/stm32f4xx_hal_dma.o
                                                  build/stm32f4xx_hal_flash.o
                                                  build/stm32f4xx_hal_rcc_ex.o
                                                  build/stm32f4xx_hal_rcc.o
                                                  build/main.o
HAL_GetTickFreq                                   build/stm32f4xx_hal.o
HAL_GetTickPrio                                   build/stm32f4xx_hal.o
HAL_GetUIDw0                                      build/stm32f4xx_hal.o
HAL_GetUIDw1                                      build/stm32f4xx_hal.o
HAL_GetUIDw2                                      build/stm32f4xx_hal.o
HAL_HalfDuplex_EnableReceiver                     build/stm32f4xx_hal_uart.o
HAL_HalfDuplex_EnableTransmitter                  build/stm32f4xx_hal_uart.o
HAL_HalfDuplex_Init                               build/stm32f4xx_hal_uart.o
HAL_IncTick                                       build/stm32f4xx_hal.o
                                                  build/stm32f4xx_it.o
HAL_Init                                          build/stm32f4xx_hal.o
                                                  build/main.o
HAL_InitTick                                      build/stm32f4xx_hal.o
                                                  build/stm32f4xx_hal_rcc_ex.o
                                                  build/stm32f4xx_hal_rcc.o
HAL_LIN_Init                                      build/stm32f4xx_hal_uart.o
HAL_LIN_SendBreak                                 build/stm32f4xx_hal_uart.o
HAL_MPU_ConfigRegion                              build/stm32f4xx_hal_cortex.o
HAL_MPU_Disable                                   build/stm32f4xx_hal_cortex.o
HAL_MPU_DisableRegion                             build/stm32f4xx_hal_cortex.o
HAL_MPU_Enable                                    build/stm32f4xx_hal_cortex.o
HAL_MPU_EnableRegion                              build/stm32f4xx_hal_cortex.o
HAL_MspDeInit                                     build/stm32f4xx_hal.o
HAL_MspInit                                       build/stm32f4xx_hal_msp.o
HAL_MultiProcessor_EnterMuteMode                  build/stm32f4xx_hal_uart.o
HAL_MultiProcessor_ExitMuteMode                   build/stm32f4xx_hal_uart.o
HAL_MultiProcessor_Init                           build/stm32f4xx_hal_uart.o
HAL_NVIC_ClearPendingIRQ                          build/stm32f4xx_hal_cortex.o
HAL_NVIC_DisableIRQ                               build/stm32f4xx_hal_cortex.o
                                                  build/stm32f4xx_hal_msp.o
HAL_NVIC_EnableIRQ                                build/stm32f4xx_hal_cortex.o
                                                  build/stm32f4xx_hal_msp.o
                                                  build/main.o
HAL_NVIC_GetActive                                build/stm32f4xx_hal_cortex.o
HAL_NVIC_GetPendingIRQ                            build/stm32f4xx_hal_cortex.o
HAL_NVIC_GetPriority                              build/stm32f4xx_hal_cortex.o
HAL_NVIC_GetPriorityGrouping                      build/stm32f4xx_hal_cortex.o
HAL_NVIC_SetPendingIRQ                            build/stm32f4xx_hal_cortex.o
HAL_NVIC_SetPriority                              build/stm32f4xx_hal_cortex.o
                                                  build/stm32f4xx_hal.o
                                                  build/stm32f4xx_hal_msp.o
                                                  build/main.o
HAL_NVIC_SetPriorityGrouping                      build/stm32f4xx_hal_cortex.o
                                                  build/stm32f4xx_hal.o
HAL_NVIC_SystemReset                              build/stm32f4xx_hal_cortex.o
HAL_PWREx_ControlVoltageScaling                   build/stm32f4xx_hal_pwr_ex.o
HAL_PWREx_DisableBkUpReg                          build/stm32f4xx_hal_pwr_ex.o
HAL_PWREx_DisableFlashPowerDown                   build/stm32f4xx_hal_pwr_ex.o
HAL_PWREx_EnableBkUpReg                           build/stm32f4xx_hal_pwr_ex.o
HAL_PWREx_EnableFlashPowerDown                    build/stm32f4xx_hal_pwr_ex.o
HAL_PWREx_GetVoltageRange                         build/stm32f4xx_hal_pwr_ex.o
HAL_PWR_ConfigPVD                                 build/stm32f4xx_hal_pwr.o
HAL_PWR_DeInit                                    build/stm32f4xx_hal_pwr.o
HAL_PWR_DisableBkUpAccess                         build/stm32f4xx_hal_pwr.o
HAL_PWR_DisablePVD                                build/stm32f4xx_hal_pwr.o
HAL_PWR_DisableSEVOnPend                          build/stm32f4xx_hal_pwr.o
HAL_PWR_DisableSleepOnExit                        build/stm32f4xx_hal_pwr.o
HAL_PWR_DisableWakeUpPin                          build/stm32f4xx_hal_pwr.o
HAL_PWR_EnableBkUpAccess                          build/stm32f4xx_hal_pwr.o
HAL_PWR_EnablePVD                                 build/stm32f4xx_hal_pwr.o
HAL_PWR_EnableSEVOnPend                           build/stm32f4xx_hal_pwr.o
HAL_PWR_EnableSleepOnExit                         build/stm32f4xx_hal_pwr.o
HAL_PWR_EnableWakeUpPin                           build/stm32f4xx_hal_pwr.o
HAL_PWR_EnterSLEEPMode                            build/stm32f4xx_hal_pwr.o
HAL_PWR_EnterSTANDBYMode                          build/stm32f4xx_hal_pwr.o
HAL_PWR_EnterSTOPMode                             build/stm32f4xx_hal_pwr.o
HAL_PWR_PVDCallback                               build/stm32f4xx_hal_pwr.o
HAL_PWR_PVD_IRQHandler                            build/stm32f4xx_hal_pwr.o
HAL_RCCEx_DisablePLLI2S                           build/stm32f4xx_hal_rcc_ex.o
HAL_RCCEx_EnablePLLI2S                            build/stm32f4xx_hal_rcc_ex.o
HAL_RCCEx_GetPeriphCLKConfig                      build/stm32f4xx_hal_rcc_ex.o
HAL_RCCEx_GetPeriphCLKFreq                        build/stm32f4xx_hal_rcc_ex.o
HAL_RCCEx_PeriphCLKConfig                         build/stm32f4xx_hal_rcc_ex.o
HAL_RCC_CSSCallback                               build/stm32f4xx_hal_rcc.o
HAL_RCC_ClockConfig                               build/stm32f4xx_hal_rcc.o
                                                  build/main.o
HAL_RCC_DeInit                                    build/stm32f4xx_hal_rcc_ex.o
                                                  build/stm32f4xx_hal_rcc.o
HAL_RCC_DisableCSS                                build/stm32f4xx_hal_rcc.o
HAL_RCC_EnableCSS                                 build/stm32f4xx_hal_rcc.o
HAL_RCC_GetClockConfig                            build/stm32f4xx_hal_rcc.o
HAL_RCC_GetHCLKFreq                               build/stm32f4xx_hal_rcc.o
HAL_RCC_GetOscConfig                              build/stm32f4xx_hal_rcc.o
HAL_RCC_GetPCLK1Freq                              build/stm32f4xx_hal_rcc.o